Component: ARM Compiler 6.16 Tool: armlink [5dfeaa00]

==============================================================================

Memory Map of the image

  Image Entry point : 0x08000189

  Load Region LR_IROM1 (Base: 0x08000000, Size: 0x0000bc04, Max: 0x00100000, ABSOLUTE)

    Execution Region ER_IROM1 (Base: 0x08000000, Size: 0x0000ba3c, Max: 0x00100000, ABSOLUTE)

    Base Addr    Size         Type   Attr      Idx    E Section Name        Object

    0x08000000   0x00000188   Data   RO        22303    RESET               BUILD/B_L4S5I_IOT01A/ARMC6/mbed-os/targets/TARGET_STM/TARGET_STM32L4/TARGET_STM32L475xG/device/TOOLCHAIN_ARM_STD/startup_stm32l475xx.o
    0x08000188   0x00000008   Code   RO        27475  * !!!main             c:\Users\Jay\AppData\Local\Mbed Studio\mbed-studio-tools\ac6\bin\..\lib\armlib\c_w.l(__main.o)
    0x08000190   0x00000034   Code   RO        28097    !!!scatter          c:\Users\Jay\AppData\Local\Mbed Studio\mbed-studio-tools\ac6\bin\..\lib\armlib\c_w.l(__scatter.o)
    0x080001c4   0x0000003a   Code   RO        28095    !!dczerorl          c:\Users\Jay\AppData\Local\Mbed Studio\mbed-studio-tools\ac6\bin\..\lib\armlib\c_w.l(__dczerorl.o)
    0x080001fe   0x00000002   PAD
    0x08000200   0x0000001a   Code   RO        28099    !!handler_copy      c:\Users\Jay\AppData\Local\Mbed Studio\mbed-studio-tools\ac6\bin\..\lib\armlib\c_w.l(__scatter_copy.o)
    0x0800021a   0x00000002   PAD
    0x0800021c   0x0000001c   Code   RO        28101    !!handler_zi        c:\Users\Jay\AppData\Local\Mbed Studio\mbed-studio-tools\ac6\bin\..\lib\armlib\c_w.l(__scatter_zi.o)
    0x08000238   0x00000000   Code   RO        27345    .ARM.Collect$$_printf_percent$$00000000  c:\Users\Jay\AppData\Local\Mbed Studio\mbed-studio-tools\ac6\bin\..\lib\armlib\c_w.l(_printf_percent.o)
    0x08000238   0x00000006   Code   RO        27337    .ARM.Collect$$_printf_percent$$00000001  c:\Users\Jay\AppData\Local\Mbed Studio\mbed-studio-tools\ac6\bin\..\lib\armlib\c_w.l(_printf_n.o)
    0x0800023e   0x00000006   Code   RO        27339    .ARM.Collect$$_printf_percent$$00000002  c:\Users\Jay\AppData\Local\Mbed Studio\mbed-studio-tools\ac6\bin\..\lib\armlib\c_w.l(_printf_p.o)
    0x08000244   0x00000006   Code   RO        27344    .ARM.Collect$$_printf_percent$$00000003  c:\Users\Jay\AppData\Local\Mbed Studio\mbed-studio-tools\ac6\bin\..\lib\armlib\c_w.l(_printf_f.o)
    0x0800024a   0x00000006   Code   RO        27663    .ARM.Collect$$_printf_percent$$00000004  c:\Users\Jay\AppData\Local\Mbed Studio\mbed-studio-tools\ac6\bin\..\lib\armlib\c_w.l(_printf_e.o)
    0x08000250   0x00000006   Code   RO        27664    .ARM.Collect$$_printf_percent$$00000005  c:\Users\Jay\AppData\Local\Mbed Studio\mbed-studio-tools\ac6\bin\..\lib\armlib\c_w.l(_printf_g.o)
    0x08000256   0x00000006   Code   RO        27665    .ARM.Collect$$_printf_percent$$00000006  c:\Users\Jay\AppData\Local\Mbed Studio\mbed-studio-tools\ac6\bin\..\lib\armlib\c_w.l(_printf_a.o)
    0x0800025c   0x0000000a   Code   RO        27670    .ARM.Collect$$_printf_percent$$00000007  c:\Users\Jay\AppData\Local\Mbed Studio\mbed-studio-tools\ac6\bin\..\lib\armlib\c_w.l(_printf_ll.o)
    0x08000266   0x00000006   Code   RO        27341    .ARM.Collect$$_printf_percent$$00000008  c:\Users\Jay\AppData\Local\Mbed Studio\mbed-studio-tools\ac6\bin\..\lib\armlib\c_w.l(_printf_i.o)
    0x0800026c   0x00000006   Code   RO        27342    .ARM.Collect$$_printf_percent$$00000009  c:\Users\Jay\AppData\Local\Mbed Studio\mbed-studio-tools\ac6\bin\..\lib\armlib\c_w.l(_printf_d.o)
    0x08000272   0x00000006   Code   RO        27343    .ARM.Collect$$_printf_percent$$0000000A  c:\Users\Jay\AppData\Local\Mbed Studio\mbed-studio-tools\ac6\bin\..\lib\armlib\c_w.l(_printf_u.o)
    0x08000278   0x00000006   Code   RO        27340    .ARM.Collect$$_printf_percent$$0000000B  c:\Users\Jay\AppData\Local\Mbed Studio\mbed-studio-tools\ac6\bin\..\lib\armlib\c_w.l(_printf_o.o)
    0x0800027e   0x00000006   Code   RO        27338    .ARM.Collect$$_printf_percent$$0000000C  c:\Users\Jay\AppData\Local\Mbed Studio\mbed-studio-tools\ac6\bin\..\lib\armlib\c_w.l(_printf_x.o)
    0x08000284   0x00000006   Code   RO        27667    .ARM.Collect$$_printf_percent$$0000000D  c:\Users\Jay\AppData\Local\Mbed Studio\mbed-studio-tools\ac6\bin\..\lib\armlib\c_w.l(_printf_lli.o)
    0x0800028a   0x00000006   Code   RO        27668    .ARM.Collect$$_printf_percent$$0000000E  c:\Users\Jay\AppData\Local\Mbed Studio\mbed-studio-tools\ac6\bin\..\lib\armlib\c_w.l(_printf_lld.o)
    0x08000290   0x00000006   Code   RO        27669    .ARM.Collect$$_printf_percent$$0000000F  c:\Users\Jay\AppData\Local\Mbed Studio\mbed-studio-tools\ac6\bin\..\lib\armlib\c_w.l(_printf_llu.o)
    0x08000296   0x00000006   Code   RO        27673    .ARM.Collect$$_printf_percent$$00000010  c:\Users\Jay\AppData\Local\Mbed Studio\mbed-studio-tools\ac6\bin\..\lib\armlib\c_w.l(_printf_llo.o)
[...]
    0x080012ae   0x000000b2   Code   RO        27643    .text               c:\Users\Jay\AppData\Local\Mbed Studio\mbed-studio-tools\ac6\bin\..\lib\armlib\c_w.l(_printf_intcommon.o)
    0x08001360   0x0000041c   Code   RO        27645    .text               c:\Users\Jay\AppData\Local\Mbed Studio\mbed-studio-tools\ac6\bin\..\lib\armlib\c_w.l(_printf_fp_dec.o)
    0x0800177c   0x00000030   Code   RO        27649    .text               c:\Users\Jay\AppData\Local\Mbed Studio\mbed-studio-tools\ac6\bin\..\lib\armlib\c_w.l(_printf_char_common.o)
    0x080017ac   0x0000000a   Code   RO        27651    .text               c:\Users\Jay\AppData\Local\Mbed Studio\mbed-studio-tools\ac6\bin\..\lib\armlib\c_w.l(_sputc.o)
    0x080017b6   0x00000010   Code   RO        27653    .text               c:\Users\Jay\AppData\Local\Mbed Studio\mbed-studio-tools\ac6\bin\..\lib\armlib\c_w.l(_snputc.o)
    0x080017c6   0x0000002c   Code   RO        27655    .text               c:\Users\Jay\AppData\Local\Mbed Studio\mbed-studio-tools\ac6\bin\..\lib\armlib\c_w.l(_printf_char.o)
    0x080017f2   0x0000002c   Code   RO        27659    .text               c:\Users\Jay\AppData\Local\Mbed Studio\mbed-studio-tools\ac6\bin\..\lib\armlib\c_w.l(_printf_wchar.o)
    0x0800181e   0x00000002   PAD
    0x08001820   0x0000007c   Code   RO        27661    .text               c:\Users\Jay\AppData\Local\Mbed Studio\mbed-studio-tools\ac6\bin\..\lib\armlib\c_w.l(_printf_longlong_dec.o)
    0x0800189c   0x000001d6   Code   RO        27697    .text               c:\Users\Jay\AppData\Local\Mbed Studio\mbed-studio-tools\ac6\bin\..\lib\armlib\c_w.l(flsbuf.o)
    0x08001a72   0x00000042   Code   RO        27699    .text               c:\Users\Jay\AppData\Local\Mbed Studio\mbed-studio-tools\ac6\bin\..\lib\armlib\c_w.l(ftell.o)
    0x08001ab4   0x000000f0   Code   RO        27703    .text               c:\Users\Jay\AppData\Local\Mbed Studio\mbed-studio-tools\ac6\bin\..\lib\armlib\c_w.l(stdio.o)
    0x08001ba4   0x00000068   Code   RO        27710    .text               c:\Users\Jay\AppData\Local\Mbed Studio\mbed-studio-tools\ac6\bin\..\lib\armlib\c_w.l(setvbuf_locked.o)
    0x08001c0c   0x000001c8   Code   RO        27712    .text               c:\Users\Jay\AppData\Local\Mbed Studio\mbed-studio-tools\ac6\bin\..\lib\armlib\c_w.l(initio_locked.o)
    0x08001dd4   0x00000048   Code   RO        27716    .text               c:\Users\Jay\AppData\Local\Mbed Studio\mbed-studio-tools\ac6\bin\..\lib\armlib\c_w.l(_c16rtomb.o)
    0x08001e1c   0x00000016   Code   RO        27721    .text               c:\Users\Jay\AppData\Local\Mbed Studio\mbed-studio-tools\ac6\bin\..\lib\armlib\c_w.l(abort.o)
    0x08001e32   0x00000000   Code   RO        27838    .text               c:\Users\Jay\AppData\Local\Mbed Studio\mbed-studio-tools\ac6\bin\..\lib\armlib\c_w.l(maybetermalloc2.o)
    0x08001e32   0x00000052   Code   RO        27841    .text               c:\Users\Jay\AppData\Local\Mbed Studio\mbed-studio-tools\ac6\bin\..\lib\armlib\c_w.l(h1_extend_threads.o)
    0x08001e84   0x0000008a   Code   RO        27843    .text               c:\Users\Jay\AppData\Local\Mbed Studio\mbed-studio-tools\ac6\bin\..\lib\armlib\c_w.l(lludiv10.o)
    0x08001f0e   0x00000002   PAD
    0x08001f10   0x000002fc   Code   RO        27847    .text               c:\Users\Jay\AppData\Local\Mbed Studio\mbed-studio-tools\ac6\bin\..\lib\armlib\c_w.l(_printf_fp_hex.o)
    0x0800220c   0x00000080   Code   RO        27850    .text               c:\Users\Jay\AppData\Local\Mbed Studio\mbed-studio-tools\ac6\bin\..\lib\armlib\c_w.l(_printf_fp_infnan.o)
    0x0800228c   0x00000040   Code   RO        27854    .text               c:\Users\Jay\AppData\Local\Mbed Studio\mbed-studio-tools\ac6\bin\..\lib\armlib\c_w.l(_printf_char_file_locked.o)
    0x080022cc   0x000000e4   Code   RO        27868    .text               c:\Users\Jay\AppData\Local\Mbed Studio\mbed-studio-tools\ac6\bin\..\lib\armlib\c_w.l(bigflt0.o)
    0x080023b0   0x00000040   Code   RO        27909    .text               c:\Users\Jay\AppData\Local\Mbed Studio\mbed-studio-tools\ac6\bin\..\lib\armlib\c_w.l(puts_locked.o)
    0x080023f0   0x0000000e   Code   RO        27924    .text               c:\Users\Jay\AppData\Local\Mbed Studio\mbed-studio-tools\ac6\bin\..\lib\armlib\c_w.l(defsig_abrt_outer.o)
    0x080023fe   0x0000000e   Code   RO        27928    .text               c:\Users\Jay\AppData\Local\Mbed Studio\mbed-studio-tools\ac6\bin\..\lib\armlib\c_w.l(defsig_rtred_outer.o)
    0x0800240c   0x0000000e   Code   RO        27932    .text               c:\Users\Jay\AppData\Local\Mbed Studio\mbed-studio-tools\ac6\bin\..\lib\armlib\c_w.l(defsig_rtmem_outer.o)
    0x0800241a   0x00000010   Code   RO        27977    .text               c:\Users\Jay\AppData\Local\Mbed Studio\mbed-studio-tools\ac6\bin\..\lib\armlib\c_w.l(term_alloc.o)
    0x0800242a   0x0000000a   Code   RO        27988    .text               c:\Users\Jay\AppData\Local\Mbed Studio\mbed-studio-tools\ac6\bin\..\lib\armlib\c_w.l(defsig_exit.o)
    0x08002434   0x00000030   Code   RO        27990    .text               c:\Users\Jay\AppData\Local\Mbed Studio\mbed-studio-tools\ac6\bin\..\lib\armlib\c_w.l(defsig_abrt_inner.o)
    0x08002464   0x00000034   Code   RO        27996    .text               c:\Users\Jay\AppData\Local\Mbed Studio\mbed-studio-tools\ac6\bin\..\lib\armlib\c_w.l(defsig_rtred_inner.o)
    0x08002498   0x00000050   Code   RO        27998    .text               c:\Users\Jay\AppData\Local\Mbed Studio\mbed-studio-tools\ac6\bin\..\lib\armlib\c_w.l(defsig_rtmem_inner.o)
    0x080024e8   0x0000000a   Code   RO        28024    .text               c:\Users\Jay\AppData\Local\Mbed Studio\mbed-studio-tools\ac6\bin\..\lib\armlib\c_w.l(h1_final_threads.o)
    0x080024f2   0x00000032   Code   RO        28036    .text               c:\Users\Jay\AppData\Local\Mbed Studio\mbed-studio-tools\ac6\bin\..\lib\armlib\c_w.l(defsig_general.o)
    0x08002524   0x00000036   Code   RO        21185    .text.$Sub$$__rt_lib_init  BUILD/B_L4S5I_IOT01A/ARMC6/mbed-os/platform/mbed_retarget.o
    0x0800255a   0x0000001c   Code   RO           89    .text.BSP_ACCELERO_AccGetXYZ  BUILD/B_L4S5I_IOT01A/ARMC6/BSP_B-L475E-IOT01/Drivers/BSP/B-L475E-IOT01/stm32l475e_iot01_accelero.o
    0x08002576   0x0000002c   Code   RO           83    .text.BSP_ACCELERO_Init  BUILD/B_L4S5I_IOT01A/ARMC6/BSP_B-L475E-IOT01/Drivers/BSP/B-L475E-IOT01/stm32l475e_iot01_accelero.o
    0x080025a2   0x0000001c   Code   RO          100    .text.BSP_GYRO_GetXYZ  BUILD/B_L4S5I_IOT01A/ARMC6/BSP_B-L475E-IOT01/Drivers/BSP/B-L475E-IOT01/stm32l475e_iot01_gyro.o
    0x080025be   0x0000002c   Code   RO           94    .text.BSP_GYRO_Init  BUILD/B_L4S5I_IOT01A/ARMC6/BSP_B-L475E-IOT01/Drivers/BSP/B-L475E-IOT01/stm32l475e_iot01_gyro.o
    0x080025ea   0x00000022   Code   RO          105    .text.BSP_HSENSOR_Init  BUILD/B_L4S5I_IOT01A/ARMC6/BSP_B-L475E-IOT01/Drivers/BSP/B-L475E-IOT01/stm32l475e_iot01_hsensor.o
    0x0800260c   0x0000000e   Code   RO          109    .text.BSP_HSENSOR_ReadHumidity  BUILD/B_L4S5I_IOT01A/ARMC6/BSP_B-L475E-IOT01/Drivers/BSP/B-L475E-IOT01/stm32l475e_iot01_hsensor.o
    0x0800261a   0x0000001c   Code   RO          119    .text.BSP_MAGNETO_GetXYZ  BUILD/B_L4S5I_IOT01A/ARMC6/BSP_B-L475E-IOT01/Drivers/BSP/B-L475E-IOT01/stm32l475e_iot01_magneto.o
    0x08002636   0x00000030   Code   RO          113    .text.BSP_MAGNETO_Init  BUILD/B_L4S5I_IOT01A/ARMC6/BSP_B-L475E-IOT01/Drivers/BSP/B-L475E-IOT01/stm32l475e_iot01_magneto.o
    0x08002666   0x00000022   Code   RO          124    .text.BSP_PSENSOR_Init  BUILD/B_L4S5I_IOT01A/ARMC6/BSP_B-L475E-IOT01/Drivers/BSP/B-L475E-IOT01/stm32l475e_iot01_psensor.o
    0x08002688   0x0000000e   Code   RO          128    .text.BSP_PSENSOR_ReadPressure  BUILD/B_L4S5I_IOT01A/ARMC6/BSP_B-L475E-IOT01/Drivers/BSP/B-L475E-IOT01/stm32l475e_iot01_psensor.o
    0x08002696   0x0000001a   Code   RO          171    .text.BSP_TSENSOR_Init  BUILD/B_L4S5I_IOT01A/ARMC6/BSP_B-L475E-IOT01/Drivers/BSP/B-L475E-IOT01/stm32l475e_iot01_tsensor.o
    0x080026b0   0x0000000e   Code   RO          173    .text.BSP_TSENSOR_ReadTemp  BUILD/B_L4S5I_IOT01A/ARMC6/BSP_B-L475E-IOT01/Drivers/BSP/B-L475E-IOT01/stm32l475e_iot01_tsensor.o
    0x080026be   0x00000004   Code   RO        25622    .text.CAN1_RX0_IRQHandler  BUILD/B_L4S5I_IOT01A/ARMC6/mbed-os/targets/TARGET_STM/can_api.o
    0x080026c2   0x00000004   Code   RO        25628    .text.CAN1_SCE_IRQHandler  BUILD/B_L4S5I_IOT01A/ARMC6/mbed-os/targets/TARGET_STM/can_api.o
    0x080026c6   0x00000004   Code   RO        25626    .text.CAN1_TX_IRQHandler  BUILD/B_L4S5I_IOT01A/ARMC6/mbed-os/targets/TARGET_STM/can_api.o
    0x080026ca   0x00000002   Code   RO        21750    .text.EvrRtxDelayError  BUILD/B_L4S5I_IOT01A/ARMC6/mbed-os/rtos/TARGET_CORTEX/rtx5/RTX/Source/rtx_evr.o
    0x080026cc   0x0000000e   Code   RO        21588    .text.EvrRtxKernelError  BUILD/B_L4S5I_IOT01A/ARMC6/mbed-os/rtos/TARGET_CORTEX/mbed_rtx_handlers.o
    0x080026da   0x0000000c   Code   RO        21604    .text.EvrRtxMessageQueueError  BUILD/B_L4S5I_IOT01A/ARMC6/mbed-os/rtos/TARGET_CORTEX/mbed_rtx_handlers.o
    0x080026e6   0x0000000c   Code   RO        21598    .text.EvrRtxMutexError  BUILD/B_L4S5I_IOT01A/ARMC6/mbed-os/rtos/TARGET_CORTEX/mbed_rtx_handlers.o
    0x080026f2   0x0000000c   Code   RO        21592    .text.EvrRtxThreadError  BUILD/B_L4S5I_IOT01A/ARMC6/mbed-os/rtos/TARGET_CORTEX/mbed_rtx_handlers.o
    0x080026fe   0x0000001a   Code   RO        21606    .text.EvrRtxThreadExit  BUILD/B_L4S5I_IOT01A/ARMC6/mbed-os/rtos/TARGET_CORTEX/mbed_rtx_handlers.o
    0x08002718   0x000001aa   Code   RO        22947    .text.HAL_GPIO_Init  BUILD/B_L4S5I_IOT01A/ARMC6/mbed-os/targets/TARGET_STM/TARGET_STM32L4/device/stm32l4xx_hal_gpio.o
    0x080028c2   0x0000003c   Code   RO        25685    .text.HAL_GetTick   BUILD/B_L4S5I_IOT01A/ARMC6/mbed-os/targets/TARGET_STM/hal_tick_overrides.o
    0x080028fe   0x0000004a   Code   RO        23149    .text.HAL_I2CEx_ConfigAnalogFilter  BUILD/B_L4S5I_IOT01A/ARMC6/mbed-os/targets/TARGET_STM/TARGET_STM32L4/device/stm32l4xx_hal_i2c_ex.o
    0x08002948   0x00000034   Code   RO        23015    .text.HAL_I2C_DeInit  BUILD/B_L4S5I_IOT01A/ARMC6/mbed-os/targets/TARGET_STM/TARGET_STM32L4/device/stm32l4xx_hal_i2c.o
    0x0800297c   0x000000a0   Code   RO        23011    .text.HAL_I2C_Init  BUILD/B_L4S5I_IOT01A/ARMC6/mbed-os/targets/TARGET_STM/TARGET_STM32L4/device/stm32l4xx_hal_i2c.o
    0x08002a1c   0x000001c0   Code   RO        23073    .text.HAL_I2C_Mem_Read  BUILD/B_L4S5I_IOT01A/ARMC6/mbed-os/targets/TARGET_STM/TARGET_STM32L4/device/stm32l4xx_hal_i2c.o
    0x08002bdc   0x000001a6   Code   RO        23069    .text.HAL_I2C_Mem_Write  BUILD/B_L4S5I_IOT01A/ARMC6/mbed-os/targets/TARGET_STM/TARGET_STM32L4/device/stm32l4xx_hal_i2c.o
    0x08002d82   0x00000002   Code   RO        23017    .text.HAL_I2C_MspDeInit  BUILD/B_L4S5I_IOT01A/ARMC6/mbed-os/targets/TARGET_STM/TARGET_STM32L4/device/stm32l4xx_hal_i2c.o
    0x08002d84   0x00000002   Code   RO        23013    .text.HAL_I2C_MspInit  BUILD/B_L4S5I_IOT01A/ARMC6/mbed-os/targets/TARGET_STM/TARGET_STM32L4/device/stm32l4xx_hal_i2c.o
    0x08002d86   0x00000016   Code   RO        22327    .text.HAL_Init      BUILD/B_L4S5I_IOT01A/ARMC6/mbed-os/targets/TARGET_STM/TARGET_STM32L4/device/stm32l4xx_hal.o
    0x08002d9c   0x0000000a   Code   RO        25683    .text.HAL_InitTick  BUILD/B_L4S5I_IOT01A/ARMC6/mbed-os/targets/TARGET_STM/hal_tick_overrides.o
    0x08002da6   0x0000003e   Code   RO        23304    .text.HAL_LPTIM_Counter_Start  BUILD/B_L4S5I_IOT01A/ARMC6/mbed-os/targets/TARGET_STM/TARGET_STM32L4/device/stm32l4xx_hal_lptim.o
    0x08002de4   0x000000ae   Code   RO        23256    .text.HAL_LPTIM_Init  BUILD/B_L4S5I_IOT01A/ARMC6/mbed-os/targets/TARGET_STM/TARGET_STM32L4/device/stm32l4xx_hal_lptim.o
    0x08002e92   0x00000002   Code   RO        23258    .text.HAL_LPTIM_MspInit  BUILD/B_L4S5I_IOT01A/ARMC6/mbed-os/targets/TARGET_STM/TARGET_STM32L4/device/stm32l4xx_hal_lptim.o
    0x08002e94   0x00000002   Code   RO        22331    .text.HAL_MspInit   BUILD/B_L4S5I_IOT01A/ARMC6/mbed-os/targets/TARGET_STM/TARGET_STM32L4/device/stm32l4xx_hal.o
    0x08002e96   0x0000001e   Code   RO        22576    .text.HAL_NVIC_EnableIRQ  BUILD/B_L4S5I_IOT01A/ARMC6/mbed-os/targets/TARGET_STM/TARGET_STM32L4/device/stm32l4xx_hal_cortex.o
    0x08002eb4   0x00000056   Code   RO        22574    .text.HAL_NVIC_SetPriority  BUILD/B_L4S5I_IOT01A/ARMC6/mbed-os/targets/TARGET_STM/TARGET_STM32L4/device/stm32l4xx_hal_cortex.o
    0x08002f0a   0x00000020   Code   RO        22572    .text.HAL_NVIC_SetPriorityGrouping  BUILD/B_L4S5I_IOT01A/ARMC6/mbed-os/targets/TARGET_STM/TARGET_STM32L4/device/stm32l4xx_hal_cortex.o
    0x08002f2a   0x00000002   PAD
    0x08002f2c   0x00000056   Code   RO        23629    .text.HAL_PWREx_DisableLowPowerRunMode  BUILD/B_L4S5I_IOT01A/ARMC6/mbed-os/targets/TARGET_STM/TARGET_STM32L4/device/stm32l4xx_hal_pwr_ex.o
    0x08002f82   0x00000012   Code   RO        23627    .text.HAL_PWREx_EnableLowPowerRunMode  BUILD/B_L4S5I_IOT01A/ARMC6/mbed-os/targets/TARGET_STM/TARGET_STM32L4/device/stm32l4xx_hal_pwr_ex.o
    0x08002f94   0x00000012   Code   RO        23585    .text.HAL_PWREx_EnableVddIO2  BUILD/B_L4S5I_IOT01A/ARMC6/mbed-os/targets/TARGET_STM/TARGET_STM32L4/device/stm32l4xx_hal_pwr_ex.o
    0x08002fa6   0x0000003c   Code   RO        23635    .text.HAL_PWREx_EnterSTOP2Mode  BUILD/B_L4S5I_IOT01A/ARMC6/mbed-os/targets/TARGET_STM/TARGET_STM32L4/device/stm32l4xx_hal_pwr_ex.o
    0x08002fe2   0x00000010   Code   RO        23573    .text.HAL_PWREx_GetVoltageRange  BUILD/B_L4S5I_IOT01A/ARMC6/mbed-os/targets/TARGET_STM/TARGET_STM32L4/device/stm32l4xx_hal_pwr_ex.o
    0x08002ff2   0x00000042   Code   RO        23555    .text.HAL_PWR_EnterSLEEPMode  BUILD/B_L4S5I_IOT01A/ARMC6/mbed-os/targets/TARGET_STM/TARGET_STM32L4/device/stm32l4xx_hal_pwr.o
    0x08003034   0x0000001a   Code   RO        23789    .text.HAL_RCCEx_DisableLSECSS  BUILD/B_L4S5I_IOT01A/ARMC6/mbed-os/targets/TARGET_STM/TARGET_STM32L4/device/stm32l4xx_hal_rcc_ex.o
    0x0800304e   0x00000012   Code   RO        23801    .text.HAL_RCCEx_EnableMSIPLLMode  BUILD/B_L4S5I_IOT01A/ARMC6/mbed-os/targets/TARGET_STM/TARGET_STM32L4/device/stm32l4xx_hal_rcc_ex.o
    0x08003060   0x00000352   Code   RO        23765    .text.HAL_RCCEx_PeriphCLKConfig  BUILD/B_L4S5I_IOT01A/ARMC6/mbed-os/targets/TARGET_STM/TARGET_STM32L4/device/stm32l4xx_hal_rcc_ex.o
    0x080033b2   0x00000002   PAD
    0x080033b4   0x0000018e   Code   RO        23743    .text.HAL_RCC_ClockConfig  BUILD/B_L4S5I_IOT01A/ARMC6/mbed-os/targets/TARGET_STM/TARGET_STM32L4/device/stm32l4xx_hal_rcc.o
    0x08003542   0x00000042   Code   RO        23755    .text.HAL_RCC_GetClockConfig  BUILD/B_L4S5I_IOT01A/ARMC6/mbed-os/targets/TARGET_STM/TARGET_STM32L4/device/stm32l4xx_hal_rcc.o
    0x08003584   0x000000c8   Code   RO        23753    .text.HAL_RCC_GetOscConfig  BUILD/B_L4S5I_IOT01A/ARMC6/mbed-os/targets/TARGET_STM/TARGET_STM32L4/device/stm32l4xx_hal_rcc.o
    0x0800364c   0x00000026   Code   RO        23749    .text.HAL_RCC_GetPCLK1Freq  BUILD/B_L4S5I_IOT01A/ARMC6/mbed-os/targets/TARGET_STM/TARGET_STM32L4/device/stm32l4xx_hal_rcc.o
    0x08003672   0x00000026   Code   RO        23751    .text.HAL_RCC_GetPCLK2Freq  BUILD/B_L4S5I_IOT01A/ARMC6/mbed-os/targets/TARGET_STM/TARGET_STM32L4/device/stm32l4xx_hal_rcc.o
    0x08003698   0x000000d2   Code   RO        23741    .text.HAL_RCC_GetSysClockFreq  BUILD/B_L4S5I_IOT01A/ARMC6/mbed-os/targets/TARGET_STM/TARGET_STM32L4/device/stm32l4xx_hal_rcc.o
    0x0800376a   0x00000002   PAD
    0x0800376c   0x0000050a   Code   RO        23737    .text.HAL_RCC_OscConfig  BUILD/B_L4S5I_IOT01A/ARMC6/mbed-os/targets/TARGET_STM/TARGET_STM32L4/device/stm32l4xx_hal_rcc.o
    0x08003c76   0x00000034   Code   RO        24503    .text.HAL_TIM_OC_Init  BUILD/B_L4S5I_IOT01A/ARMC6/mbed-os/targets/TARGET_STM/TARGET_STM32L4/device/stm32l4xx_hal_tim.o
    0x08003caa   0x00000002   Code   RO        24505    .text.HAL_TIM_OC_MspInit  BUILD/B_L4S5I_IOT01A/ARMC6/mbed-os/targets/TARGET_STM/TARGET_STM32L4/device/stm32l4xx_hal_tim.o
    0x08003cac   0x0000004e   Code   RO        24511    .text.HAL_TIM_OC_Start  BUILD/B_L4S5I_IOT01A/ARMC6/mbed-os/targets/TARGET_STM/TARGET_STM32L4/device/stm32l4xx_hal_tim.o
    0x08003cfa   0x0000002c   Code   RO        24928    .text.HAL_UARTEx_DisableClockStopMode  BUILD/B_L4S5I_IOT01A/ARMC6/mbed-os/targets/TARGET_STM/TARGET_STM32L4/device/stm32l4xx_hal_uart_ex.o
    0x08003d26   0x0000002c   Code   RO        24926    .text.HAL_UARTEx_DisableStopMode  BUILD/B_L4S5I_IOT01A/ARMC6/mbed-os/targets/TARGET_STM/TARGET_STM32L4/device/stm32l4xx_hal_uart_ex.o
    0x08003d52   0x0000002c   Code   RO        24924    .text.HAL_UARTEx_EnableClockStopMode  BUILD/B_L4S5I_IOT01A/ARMC6/mbed-os/targets/TARGET_STM/TARGET_STM32L4/device/stm32l4xx_hal_uart_ex.o
    0x08003d7e   0x0000002c   Code   RO        24922    .text.HAL_UARTEx_EnableStopMode  BUILD/B_L4S5I_IOT01A/ARMC6/mbed-os/targets/TARGET_STM/TARGET_STM32L4/device/stm32l4xx_hal_uart_ex.o
    0x08003daa   0x00000064   Code   RO        24797    .text.HAL_UART_Init  BUILD/B_L4S5I_IOT01A/ARMC6/mbed-os/targets/TARGET_STM/TARGET_STM32L4/device/stm32l4xx_hal_uart.o
    0x08003e0e   0x00000002   Code   RO        24799    .text.HAL_UART_MspInit  BUILD/B_L4S5I_IOT01A/ARMC6/mbed-os/targets/TARGET_STM/TARGET_STM32L4/device/stm32l4xx_hal_uart.o
    0x08003e10   0x00000020   Code   RO          177    .text.HTS221_H_Init  BUILD/B_L4S5I_IOT01A/ARMC6/BSP_B-L475E-IOT01/Drivers/BSP/Components/hts221/hts221.o
    0x08003e30   0x000000cc   Code   RO          181    .text.HTS221_H_ReadHumidity  BUILD/B_L4S5I_IOT01A/ARMC6/BSP_B-L475E-IOT01/Drivers/BSP/Components/hts221/hts221.o
    0x08003efc   0x00000014   Code   RO          179    .text.HTS221_H_ReadID  BUILD/B_L4S5I_IOT01A/ARMC6/BSP_B-L475E-IOT01/Drivers/BSP/Components/hts221/hts221.o
    0x08003f10   0x00000020   Code   RO          183    .text.HTS221_T_Init  BUILD/B_L4S5I_IOT01A/ARMC6/BSP_B-L475E-IOT01/Drivers/BSP/Components/hts221/hts221.o
    0x08003f30   0x0000009e   Code   RO          185    .text.HTS221_T_ReadTemp  BUILD/B_L4S5I_IOT01A/ARMC6/BSP_B-L475E-IOT01/Drivers/BSP/Components/hts221/hts221.o
    0x08003fce   0x00000002   PAD
    0x08003fd0   0x00000090   Code   RO        23145    .text.I2C_IsAcknowledgeFailed  BUILD/B_L4S5I_IOT01A/ARMC6/mbed-os/targets/TARGET_STM/TARGET_STM32L4/device/stm32l4xx_hal_i2c.o
    0x08004060   0x00000088   Code   RO        23075    .text.I2C_RequestMemoryRead  BUILD/B_L4S5I_IOT01A/ARMC6/mbed-os/targets/TARGET_STM/TARGET_STM32L4/device/stm32l4xx_hal_i2c.o
    0x080040e8   0x00000088   Code   RO        23071    .text.I2C_RequestMemoryWrite  BUILD/B_L4S5I_IOT01A/ARMC6/mbed-os/targets/TARGET_STM/TARGET_STM32L4/device/stm32l4xx_hal_i2c.o
    0x08004170   0x0000006c   Code   RO        23021    .text.I2C_WaitOnFlagUntilTimeout  BUILD/B_L4S5I_IOT01A/ARMC6/mbed-os/targets/TARGET_STM/TARGET_STM32L4/device/stm32l4xx_hal_i2c.o
    0x080041dc   0x0000004c   Code   RO        23025    .text.I2C_WaitOnSTOPFlagUntilTimeout  BUILD/B_L4S5I_IOT01A/ARMC6/mbed-os/targets/TARGET_STM/TARGET_STM32L4/device/stm32l4xx_hal_i2c.o
    0x08004228   0x0000005c   Code   RO        23023    .text.I2C_WaitOnTXISFlagUntilTimeout  BUILD/B_L4S5I_IOT01A/ARMC6/mbed-os/targets/TARGET_STM/TARGET_STM32L4/device/stm32l4xx_hal_i2c.o
    0x08004284   0x000000c8   Code   RO           29    .text.I2Cx_Init     BUILD/B_L4S5I_IOT01A/ARMC6/BSP_B-L475E-IOT01/Drivers/BSP/B-L475E-IOT01/stm32l475e_iot01.o
    0x0800434c   0x0000003e   Code   RO           41    .text.I2Cx_ReadMultiple  BUILD/B_L4S5I_IOT01A/ARMC6/BSP_B-L475E-IOT01/Drivers/BSP/B-L475E-IOT01/stm32l475e_iot01.o
    0x0800438a   0x00000042   Code   RO           37    .text.I2Cx_WriteMultiple  BUILD/B_L4S5I_IOT01A/ARMC6/BSP_B-L475E-IOT01/Drivers/BSP/B-L475E-IOT01/stm32l475e_iot01.o
    0x080043cc   0x0000001a   Code   RO          193    .text.LIS3MDL_MagDeInit  BUILD/B_L4S5I_IOT01A/ARMC6/BSP_B-L475E-IOT01/Drivers/BSP/Components/lis3mdl/lis3mdl.o
    0x080043e6   0x00000042   Code   RO          191    .text.LIS3MDL_MagInit  BUILD/B_L4S5I_IOT01A/ARMC6/BSP_B-L475E-IOT01/Drivers/BSP/Components/lis3mdl/lis3mdl.o
    0x08004428   0x0000002a   Code   RO          197    .text.LIS3MDL_MagLowPower  BUILD/B_L4S5I_IOT01A/ARMC6/BSP_B-L475E-IOT01/Drivers/BSP/Components/lis3mdl/lis3mdl.o
    0x08004452   0x00000012   Code   RO          195    .text.LIS3MDL_MagReadID  BUILD/B_L4S5I_IOT01A/ARMC6/BSP_B-L475E-IOT01/Drivers/BSP/Components/lis3mdl/lis3mdl.o
    0x08004464   0x0000007c   Code   RO          199    .text.LIS3MDL_MagReadXYZ  BUILD/B_L4S5I_IOT01A/ARMC6/BSP_B-L475E-IOT01/Drivers/BSP/Components/lis3mdl/lis3mdl.o
    0x080044e0   0x00000034   Code   RO          214    .text.LPS22HB_Init  BUILD/B_L4S5I_IOT01A/ARMC6/BSP_B-L475E-IOT01/Drivers/BSP/Components/lps22hb/lps22hb.o
    0x08004514   0x00000004   Code   RO          204    .text.LPS22HB_P_Init  BUILD/B_L4S5I_IOT01A/ARMC6/BSP_B-L475E-IOT01/Drivers/BSP/Components/lps22hb/lps22hb.o
    0x08004518   0x00000014   Code   RO          206    .text.LPS22HB_P_ReadID  BUILD/B_L4S5I_IOT01A/ARMC6/BSP_B-L475E-IOT01/Drivers/BSP/Components/lps22hb/lps22hb.o
    0x0800452c   0x00000058   Code   RO          208    .text.LPS22HB_P_ReadPressure  BUILD/B_L4S5I_IOT01A/ARMC6/BSP_B-L475E-IOT01/Drivers/BSP/Components/lps22hb/lps22hb.o
    0x08004584   0x000000a0   Code   RO        25783    .text.LPTIM1_IRQHandler  BUILD/B_L4S5I_IOT01A/ARMC6/mbed-os/targets/TARGET_STM/lp_ticker.o
    0x08004624   0x0000001a   Code   RO          222    .text.LSM6DSL_AccDeInit  BUILD/B_L4S5I_IOT01A/ARMC6/BSP_B-L475E-IOT01/Drivers/BSP/Components/lsm6dsl/lsm6dsl.o
    0x0800463e   0x00000038   Code   RO          220    .text.LSM6DSL_AccInit  BUILD/B_L4S5I_IOT01A/ARMC6/BSP_B-L475E-IOT01/Drivers/BSP/Components/lsm6dsl/lsm6dsl.o
    0x08004676   0x0000002a   Code   RO          226    .text.LSM6DSL_AccLowPower  BUILD/B_L4S5I_IOT01A/ARMC6/BSP_B-L475E-IOT01/Drivers/BSP/Components/lsm6dsl/lsm6dsl.o
    0x080046a0   0x00000012   Code   RO          224    .text.LSM6DSL_AccReadID  BUILD/B_L4S5I_IOT01A/ARMC6/BSP_B-L475E-IOT01/Drivers/BSP/Components/lsm6dsl/lsm6dsl.o
    0x080046b2   0x00000002   PAD
    0x080046b4   0x0000007c   Code   RO          228    .text.LSM6DSL_AccReadXYZ  BUILD/B_L4S5I_IOT01A/ARMC6/BSP_B-L475E-IOT01/Drivers/BSP/Components/lsm6dsl/lsm6dsl.o
    0x08004730   0x0000001a   Code   RO          232    .text.LSM6DSL_GyroDeInit  BUILD/B_L4S5I_IOT01A/ARMC6/BSP_B-L475E-IOT01/Drivers/BSP/Components/lsm6dsl/lsm6dsl.o
    0x0800474a   0x00000038   Code   RO          230    .text.LSM6DSL_GyroInit  BUILD/B_L4S5I_IOT01A/ARMC6/BSP_B-L475E-IOT01/Drivers/BSP/Components/lsm6dsl/lsm6dsl.o
    0x08004782   0x0000002a   Code   RO          236    .text.LSM6DSL_GyroLowPower  BUILD/B_L4S5I_IOT01A/ARMC6/BSP_B-L475E-IOT01/Drivers/BSP/Components/lsm6dsl/lsm6dsl.o
    0x080047ac   0x00000012   Code   RO          234    .text.LSM6DSL_GyroReadID  BUILD/B_L4S5I_IOT01A/ARMC6/BSP_B-L475E-IOT01/Drivers/BSP/Components/lsm6dsl/lsm6dsl.o
    0x080047be   0x00000002   PAD
    0x080047c0   0x00000078   Code   RO          238    .text.LSM6DSL_GyroReadXYZAngRate  BUILD/B_L4S5I_IOT01A/ARMC6/BSP_B-L475E-IOT01/Drivers/BSP/Components/lsm6dsl/lsm6dsl.o
    0x08004838   0x00000042   Code   RO        21932    .text.MessageQueueGet  BUILD/B_L4S5I_IOT01A/ARMC6/mbed-os/rtos/TARGET_CORTEX/rtx5/RTX/Source/rtx_msgqueue.o
    0x0800487a   0x00000002   PAD
    0x0800487c   0x00000060   Code   RO        21926    .text.MessageQueuePut  BUILD/B_L4S5I_IOT01A/ARMC6/mbed-os/rtos/TARGET_CORTEX/rtx5/RTX/Source/rtx_msgqueue.o
    0x080048dc   0x00000002   Code   RO        21620    .text.OS_Tick_AcknowledgeIRQ  BUILD/B_L4S5I_IOT01A/ARMC6/mbed-os/rtos/TARGET_CORTEX/mbed_rtx_idle.o
    0x080048de   0x0000000e   Code   RO        21618    .text.OS_Tick_Disable  BUILD/B_L4S5I_IOT01A/ARMC6/mbed-os/rtos/TARGET_CORTEX/mbed_rtx_idle.o
    0x080048ec   0x00000032   Code   RO        21616    .text.OS_Tick_Enable  BUILD/B_L4S5I_IOT01A/ARMC6/mbed-os/rtos/TARGET_CORTEX/mbed_rtx_idle.o
    0x0800491e   0x00000006   Code   RO        21624    .text.OS_Tick_GetIRQn  BUILD/B_L4S5I_IOT01A/ARMC6/mbed-os/rtos/TARGET_CORTEX/mbed_rtx_idle.o
    0x08004924   0x00000048   Code   RO        22160    .text.OS_Tick_Setup  BUILD/B_L4S5I_IOT01A/ARMC6/mbed-os/rtos/TARGET_CORTEX/rtx5/Source/os_systick.o
    0x0800496c   0x0000015e   Code   RO        23767    .text.RCCEx_PLLSAI1_Config  BUILD/B_L4S5I_IOT01A/ARMC6/mbed-os/targets/TARGET_STM/TARGET_STM32L4/device/stm32l4xx_hal_rcc_ex.o
    0x08004aca   0x00000002   PAD
    0x08004acc   0x00000132   Code   RO        23769    .text.RCCEx_PLLSAI2_Config  BUILD/B_L4S5I_IOT01A/ARMC6/mbed-os/targets/TARGET_STM/TARGET_STM32L4/device/stm32l4xx_hal_rcc_ex.o
    0x08004bfe   0x0000008a   Code   RO        23739    .text.RCC_SetFlashLatencyFromMSIRange  BUILD/B_L4S5I_IOT01A/ARMC6/mbed-os/targets/TARGET_STM/TARGET_STM32L4/device/stm32l4xx_hal_rcc.o
    0x08004c88   0x00000004   Code   RO           27    .text.SENSOR_IO_Init  BUILD/B_L4S5I_IOT01A/ARMC6/BSP_B-L475E-IOT01/Drivers/BSP/B-L475E-IOT01/stm32l475e_iot01.o
    0x08004c8c   0x0000001c   Code   RO           39    .text.SENSOR_IO_Read  BUILD/B_L4S5I_IOT01A/ARMC6/BSP_B-L475E-IOT01/Drivers/BSP/B-L475E-IOT01/stm32l475e_iot01.o
    0x08004ca8   0x00000008   Code   RO           43    .text.SENSOR_IO_ReadMultiple  BUILD/B_L4S5I_IOT01A/ARMC6/BSP_B-L475E-IOT01/Drivers/BSP/B-L475E-IOT01/stm32l475e_iot01.o
    0x08004cb0   0x00000016   Code   RO           35    .text.SENSOR_IO_Write  BUILD/B_L4S5I_IOT01A/ARMC6/BSP_B-L475E-IOT01/Drivers/BSP/B-L475E-IOT01/stm32l475e_iot01.o
    0x08004cc6   0x00000002   PAD
    0x08004cc8   0x00000024   Code   RO        22298    .text.SetSysClock   BUILD/B_L4S5I_IOT01A/ARMC6/mbed-os/targets/TARGET_STM/TARGET_STM32L4/TARGET_STM32L475xG/TARGET_DISCO_L475VG_IOT01A/system_clock.o
    0x08004cec   0x0000009e   Code   RO        22300    .text.SetSysClock_PLL_MSI  BUILD/B_L4S5I_IOT01A/ARMC6/mbed-os/targets/TARGET_STM/TARGET_STM32L4/TARGET_STM32L475xG/TARGET_DISCO_L475VG_IOT01A/system_clock.o
    0x08004d8a   0x00000002   PAD
    0x08004d8c   0x0000018c   Code   RO        25641    .text.Set_GPIO_Clock  BUILD/B_L4S5I_IOT01A/ARMC6/mbed-os/targets/TARGET_STM/gpio_api.o
    0x08004f18   0x000000b4   Code   RO        25506    .text.SystemCoreClockUpdate  BUILD/B_L4S5I_IOT01A/ARMC6/mbed-os/targets/TARGET_STM/TARGET_STM32L4/device/system_stm32l4xx.o
    0x08004fcc   0x00000058   Code   RO        22296    .text.SystemInit    BUILD/B_L4S5I_IOT01A/ARMC6/mbed-os/targets/TARGET_STM/TARGET_STM32L4/TARGET_STM32L475xG/TARGET_DISCO_L475VG_IOT01A/system_clock.o
    0x08005024   0x0000011a   Code   RO        24481    .text.TIM_Base_SetConfig  BUILD/B_L4S5I_IOT01A/ARMC6/mbed-os/targets/TARGET_STM/TARGET_STM32L4/device/stm32l4xx_hal_tim.o
    0x0800513e   0x00000070   Code   RO        22084    .text.ThreadFlagsCheck  BUILD/B_L4S5I_IOT01A/ARMC6/mbed-os/rtos/TARGET_CORTEX/rtx5/RTX/Source/rtx_thread.o
    0x080051ae   0x00000002   PAD
    0x080051b0   0x00000056   Code   RO        22144    .text.TimerInsert   BUILD/B_L4S5I_IOT01A/ARMC6/mbed-os/rtos/TARGET_CORTEX/rtx5/RTX/Source/rtx_timer.o
    0x08005206   0x000000cc   Code   RO        24803    .text.UART_AdvFeatureConfig  BUILD/B_L4S5I_IOT01A/ARMC6/mbed-os/targets/TARGET_STM/TARGET_STM32L4/device/stm32l4xx_hal_uart.o
    0x080052d2   0x00000068   Code   RO        24805    .text.UART_CheckIdleState  BUILD/B_L4S5I_IOT01A/ARMC6/mbed-os/targets/TARGET_STM/TARGET_STM32L4/device/stm32l4xx_hal_uart.o
    0x0800533a   0x00000002   PAD
    0x0800533c   0x00000274   Code   RO        24801    .text.UART_SetConfig  BUILD/B_L4S5I_IOT01A/ARMC6/mbed-os/targets/TARGET_STM/TARGET_STM32L4/device/stm32l4xx_hal_uart.o
    0x080055b0   0x0000007a   Code   RO        24819    .text.UART_WaitOnFlagUntilTimeout  BUILD/B_L4S5I_IOT01A/ARMC6/mbed-os/targets/TARGET_STM/TARGET_STM32L4/device/stm32l4xx_hal_uart.o
    0x0800562a   0x0000001e   Code   RO          763    .text._GLOBAL__sub_I_QSPIFBlockDevice.cpp  BUILD/B_L4S5I_IOT01A/ARMC6/mbed-os/components/storage/blockdevice/COMPONENT_QSPIF/QSPIFBlockDevice.o
    0x08005648   0x0000001e   Code   RO          261    .text._GLOBAL__sub_I_main.cpp  BUILD/B_L4S5I_IOT01A/ARMC6/main.o
    0x08005666   0x00000002   PAD
    0x08005668   0x00000070   Code   RO        21632    .text._ZL17default_idle_hookv  BUILD/B_L4S5I_IOT01A/ARMC6/mbed-os/rtos/TARGET_CORTEX/mbed_rtx_idle.o
    0x080056d8   0x00000052   Code   RO        21139    .text._ZL18reserve_filehandlev  BUILD/B_L4S5I_IOT01A/ARMC6/mbed-os/platform/mbed_retarget.o
    0x0800572a   0x0000001c   Code   RO        21123    .text._ZN12DirectSerial4readEPvj  BUILD/B_L4S5I_IOT01A/ARMC6/mbed-os/platform/mbed_retarget.o
    0x08005746   0x00000006   Code   RO        21294    .text._ZN12DirectSerial4seekEli  BUILD/B_L4S5I_IOT01A/ARMC6/mbed-os/platform/mbed_retarget.o
    0x0800574c   0x00000006   Code   RO        21300    .text._ZN12DirectSerial4sizeEv  BUILD/B_L4S5I_IOT01A/ARMC6/mbed-os/platform/mbed_retarget.o
    0x08005752   0x00000004   Code   RO        21296    .text._ZN12DirectSerial5closeEv  BUILD/B_L4S5I_IOT01A/ARMC6/mbed-os/platform/mbed_retarget.o
    0x08005756   0x00000002   PAD
    0x08005758   0x00000028   Code   RO        21121    .text._ZN12DirectSerial5writeEPKvj  BUILD/B_L4S5I_IOT01A/ARMC6/mbed-os/platform/mbed_retarget.o
    0x08005780   0x00000004   Code   RO        21298    .text._ZN12DirectSerial6isattyEv  BUILD/B_L4S5I_IOT01A/ARMC6/mbed-os/platform/mbed_retarget.o
    0x08005784   0x0000003a   Code   RO        21119    .text._ZN12DirectSerialC2E7PinNameS0_i  BUILD/B_L4S5I_IOT01A/ARMC6/mbed-os/platform/mbed_retarget.o
    0x080057be   0x00000004   Code   RO        21292    .text._ZN12DirectSerialD0Ev  BUILD/B_L4S5I_IOT01A/ARMC6/mbed-os/platform/mbed_retarget.o
    0x080057c2   0x00000004   Code   RO        17797    .text._ZN13WiFiInterface20get_default_instanceEv  BUILD/B_L4S5I_IOT01A/ARMC6/mbed-os/features/netsocket/NetworkInterfaceDefaults.o
    0x080057c6   0x00000004   Code   RO        17799    .text._ZN13WiFiInterface27get_target_default_instanceEv  BUILD/B_L4S5I_IOT01A/ARMC6/mbed-os/features/netsocket/NetworkInterfaceDefaults.o
    0x080057ca   0x00000004   Code   RO        17805    .text._ZN16NetworkInterface20get_default_instanceEv  BUILD/B_L4S5I_IOT01A/ARMC6/mbed-os/features/netsocket/NetworkInterfaceDefaults.o
    0x080057ce   0x00000020   Code   RO        17807    .text._ZN16NetworkInterface27get_target_default_instanceEv  BUILD/B_L4S5I_IOT01A/ARMC6/mbed-os/features/netsocket/NetworkInterfaceDefaults.o
    0x080057ee   0x00000006   Code   RO         1643    .text._ZN4mbed10FileHandle12enable_inputEb  BUILD/B_L4S5I_IOT01A/ARMC6/mbed-os/drivers/Serial.o
    0x080057f4   0x0000000c   Code   RO         1639    .text._ZN4mbed10FileHandle12set_blockingEb  BUILD/B_L4S5I_IOT01A/ARMC6/mbed-os/drivers/Serial.o
    0x08005800   0x00000006   Code   RO         1645    .text._ZN4mbed10FileHandle13enable_outputEb  BUILD/B_L4S5I_IOT01A/ARMC6/mbed-os/drivers/Serial.o
    0x08005806   0x00000006   Code   RO         1637    .text._ZN4mbed10FileHandle4flenEv  BUILD/B_L4S5I_IOT01A/ARMC6/mbed-os/drivers/Serial.o
    0x0800580c   0x00000004   Code   RO        20768    .text._ZN4mbed10FileHandle4syncEv  BUILD/B_L4S5I_IOT01A/ARMC6/mbed-os/platform/FileHandle.o
    0x08005810   0x0000000a   Code   RO         1867    .text._ZN4mbed10FileHandle4tellEv  BUILD/B_L4S5I_IOT01A/ARMC6/mbed-os/drivers/UARTSerial.o
    0x0800581a   0x00000006   Code   RO         1635    .text._ZN4mbed10FileHandle5fsyncEv  BUILD/B_L4S5I_IOT01A/ARMC6/mbed-os/drivers/Serial.o
    0x08005820   0x00000006   Code   RO         1633    .text._ZN4mbed10FileHandle5lseekEli  BUILD/B_L4S5I_IOT01A/ARMC6/mbed-os/drivers/Serial.o
    0x08005826   0x00000002   Code   RO         1649    .text._ZN4mbed10FileHandle5sigioENS_8CallbackIFvvEEE  BUILD/B_L4S5I_IOT01A/ARMC6/mbed-os/drivers/Serial.o
    0x08005828   0x0000000a   Code   RO         1869    .text._ZN4mbed10FileHandle6rewindEv  BUILD/B_L4S5I_IOT01A/ARMC6/mbed-os/drivers/UARTSerial.o
    0x08005832   0x00000006   Code   RO         1631    .text._ZN4mbed10FileHandle8truncateEl  BUILD/B_L4S5I_IOT01A/ARMC6/mbed-os/drivers/Serial.o
    0x08005838   0x00000018   Code   RO         1762    .text._ZN4mbed10TimerEvent15insert_absoluteEy  BUILD/B_L4S5I_IOT01A/ARMC6/mbed-os/drivers/TimerEvent.o
    0x08005850   0x00000006   Code   RO         1750    .text._ZN4mbed10TimerEvent3irqEj  BUILD/B_L4S5I_IOT01A/ARMC6/mbed-os/drivers/TimerEvent.o
    0x08005856   0x0000000c   Code   RO         1756    .text._ZN4mbed10TimerEvent6removeEv  BUILD/B_L4S5I_IOT01A/ARMC6/mbed-os/drivers/TimerEvent.o
    0x08005862   0x00000030   Code   RO         1752    .text._ZN4mbed10TimerEventC2EPK13ticker_data_t  BUILD/B_L4S5I_IOT01A/ARMC6/mbed-os/drivers/TimerEvent.o
    0x08005892   0x00000002   Code   RO         1758    .text._ZN4mbed10TimerEventD0Ev  BUILD/B_L4S5I_IOT01A/ARMC6/mbed-os/drivers/TimerEvent.o
    0x08005894   0x0000001e   Code   RO         1754    .text._ZN4mbed10TimerEventD2Ev  BUILD/B_L4S5I_IOT01A/ARMC6/mbed-os/drivers/TimerEvent.o
    0x080058b2   0x00000002   Code   RO        20764    .text._ZN4mbed11NonCopyableINS_10FileHandleEED2Ev  BUILD/B_L4S5I_IOT01A/ARMC6/mbed-os/platform/FileHandle.o
    0x080058b4   0x0000008a   Code   RO        21135    .text._ZN4mbed16mbed_file_handleEi  BUILD/B_L4S5I_IOT01A/ARMC6/mbed-os/platform/mbed_retarget.o
    0x0800593e   0x00000004   Code   RO        21133    .text._ZN4mbed21mbed_override_consoleEi  BUILD/B_L4S5I_IOT01A/ARMC6/mbed-os/platform/mbed_retarget.o
    0x08005942   0x00000004   Code   RO        21131    .text._ZN4mbed28mbed_target_override_consoleEi  BUILD/B_L4S5I_IOT01A/ARMC6/mbed-os/platform/mbed_retarget.o
    0x08005946   0x00000004   Code   RO        20742    .text._ZN4mbed8FileBase11getPathTypeEv  BUILD/B_L4S5I_IOT01A/ARMC6/mbed-os/platform/FileBase.o
    0x0800594a   0x00000002   PAD
    0x0800594c   0x000000a4   Code   RO        20748    .text._ZN4mbed8FileBase6lookupEPKcj  BUILD/B_L4S5I_IOT01A/ARMC6/mbed-os/platform/FileBase.o
    0x080059f0   0x0000001e   Code   RO        20779    .text._ZN4mbed8FilePath10fileSystemEv  BUILD/B_L4S5I_IOT01A/ARMC6/mbed-os/platform/FilePath.o
    0x08005a0e   0x0000001c   Code   RO        20783    .text._ZN4mbed8FilePath4fileEv  BUILD/B_L4S5I_IOT01A/ARMC6/mbed-os/platform/FilePath.o
    0x08005a2a   0x0000000a   Code   RO        20785    .text._ZN4mbed8FilePath6existsEv  BUILD/B_L4S5I_IOT01A/ARMC6/mbed-os/platform/FilePath.o
    0x08005a34   0x00000016   Code   RO        20781    .text._ZN4mbed8FilePath6isFileEv  BUILD/B_L4S5I_IOT01A/ARMC6/mbed-os/platform/FilePath.o
    0x08005a4a   0x00000004   Code   RO        20775    .text._ZN4mbed8FilePath8fileNameEv  BUILD/B_L4S5I_IOT01A/ARMC6/mbed-os/platform/FilePath.o
    0x08005a4e   0x00000002   PAD
    0x08005a50   0x00000078   Code   RO        20773    .text._ZN4mbed8FilePathC2EPKc  BUILD/B_L4S5I_IOT01A/ARMC6/mbed-os/platform/FilePath.o
    0x08005ac8   0x0000002c   Code   RO        22200    .text._ZN4rtos10ThisThread9sleep_forEj  BUILD/B_L4S5I_IOT01A/ARMC6/mbed-os/rtos/ThisThread.o
    0x08005af4   0x00000098   Code   RO        21443    .text._ZN4rtos5Mutex11constructorEPKc  BUILD/B_L4S5I_IOT01A/ARMC6/mbed-os/rtos/Mutex.o
    0x08005b8c   0x00000042   Code   RO        21447    .text._ZN4rtos5Mutex4lockEv  BUILD/B_L4S5I_IOT01A/ARMC6/mbed-os/rtos/Mutex.o
    0x08005bce   0x00000002   PAD
    0x08005bd0   0x0000004c   Code   RO        21457    .text._ZN4rtos5Mutex6unlockEv  BUILD/B_L4S5I_IOT01A/ARMC6/mbed-os/rtos/Mutex.o
    0x08005c1c   0x00000014   Code   RO        21441    .text._ZN4rtos5MutexC2Ev  BUILD/B_L4S5I_IOT01A/ARMC6/mbed-os/rtos/Mutex.o
    0x08005c30   0x00000004   Code   RO        21517    .text._ZN4rtos8internal8SysTimer11cancel_tickEv  BUILD/B_L4S5I_IOT01A/ARMC6/mbed-os/rtos/TARGET_CORTEX/SysTimer.o
    0x08005c34   0x00000028   Code   RO        21511    .text._ZN4rtos8internal8SysTimer13schedule_tickEj  BUILD/B_L4S5I_IOT01A/ARMC6/mbed-os/rtos/TARGET_CORTEX/SysTimer.o
    0x08005c5c   0x00000006   Code   RO        21513    .text._ZN4rtos8internal8SysTimer19suspend_time_passedEv  BUILD/B_L4S5I_IOT01A/ARMC6/mbed-os/rtos/TARGET_CORTEX/SysTimer.o
    0x08005c62   0x00000076   Code   RO        21515    .text._ZN4rtos8internal8SysTimer6resumeEv  BUILD/B_L4S5I_IOT01A/ARMC6/mbed-os/rtos/TARGET_CORTEX/SysTimer.o
    0x08005cd8   0x00000062   Code   RO        21531    .text._ZN4rtos8internal8SysTimer7handlerEv  BUILD/B_L4S5I_IOT01A/ARMC6/mbed-os/rtos/TARGET_CORTEX/SysTimer.o
    0x08005d3a   0x0000001c   Code   RO        21509    .text._ZN4rtos8internal8SysTimer7suspendEj  BUILD/B_L4S5I_IOT01A/ARMC6/mbed-os/rtos/TARGET_CORTEX/SysTimer.o
    0x08005d56   0x00000016   Code   RO        21507    .text._ZN4rtos8internal8SysTimer9setup_irqEv  BUILD/B_L4S5I_IOT01A/ARMC6/mbed-os/rtos/TARGET_CORTEX/SysTimer.o
    0x08005d6c   0x00000030   Code   RO        21505    .text._ZN4rtos8internal8SysTimerC2EPK13ticker_data_t  BUILD/B_L4S5I_IOT01A/ARMC6/mbed-os/rtos/TARGET_CORTEX/SysTimer.o
    0x08005d9c   0x0000000e   Code   RO        21525    .text._ZN4rtos8internal8SysTimerD0Ev  BUILD/B_L4S5I_IOT01A/ARMC6/mbed-os/rtos/TARGET_CORTEX/SysTimer.o
    0x08005daa   0x00000004   Code   RO        21523    .text._ZN4rtos8internal8SysTimerD2Ev  BUILD/B_L4S5I_IOT01A/ARMC6/mbed-os/rtos/TARGET_CORTEX/SysTimer.o
    0x08005dae   0x0000003a   Code   RO        21125    .text._ZNK12DirectSerial4pollEs  BUILD/B_L4S5I_IOT01A/ARMC6/mbed-os/platform/mbed_retarget.o
    0x08005de8   0x00000052   Code   RO         1582    .text._ZNK12SingletonPtrIN4rtos5MutexEE3getEv  BUILD/B_L4S5I_IOT01A/ARMC6/mbed-os/drivers/SPI.o
    0x08005e3a   0x00000004   Code   RO         1641    .text._ZNK4mbed10FileHandle11is_blockingEv  BUILD/B_L4S5I_IOT01A/ARMC6/mbed-os/drivers/Serial.o
    0x08005e3e   0x00000004   Code   RO        21261    .text._ZdlPv        BUILD/B_L4S5I_IOT01A/ARMC6/mbed-os/platform/mbed_retarget.o
    0x08005e42   0x00000002   PAD
    0x08005e44   0x0000004c   Code   RO        21255    .text._Znaj         BUILD/B_L4S5I_IOT01A/ARMC6/mbed-os/platform/mbed_retarget.o
    0x08005e90   0x00000024   Code   RO        21048    .text.__NVIC_SystemReset  BUILD/B_L4S5I_IOT01A/ARMC6/mbed-os/platform/mbed_error.o
    0x08005eb4   0x00000078   Code   RO        21247    .text.__cxa_guard_acquire  BUILD/B_L4S5I_IOT01A/ARMC6/mbed-os/platform/mbed_retarget.o
    0x08005f2c   0x00000042   Code   RO        21249    .text.__cxa_guard_release  BUILD/B_L4S5I_IOT01A/ARMC6/mbed-os/platform/mbed_retarget.o
    0x08005f6e   0x00000002   PAD
    0x08005f70   0x00000028   Code   RO        27569    .text.__cxa_pure_virtual  c:\Users\Jay\AppData\Local\Mbed Studio\mbed-studio-tools\ac6\bin\..\lib\libcxx\libcppabi_w.l(cxa_virtual.cpp.o)
    0x08005f98   0x00000054   Code   RO        21536    .text.__rt_entry    BUILD/B_L4S5I_IOT01A/ARMC6/mbed-os/rtos/TARGET_CORTEX/TOOLCHAIN_ARM_STD/mbed_boot_arm_std.o
    0x08005fec   0x00000068   Code   RO        21540    .text.__user_perthread_libspace  BUILD/B_L4S5I_IOT01A/ARMC6/mbed-os/rtos/TARGET_CORTEX/TOOLCHAIN_ARM_STD/mbed_boot_arm_std.o
    0x08006054   0x00000034   Code   RO        21544    .text._mutex_acquire  BUILD/B_L4S5I_IOT01A/ARMC6/mbed-os/rtos/TARGET_CORTEX/TOOLCHAIN_ARM_STD/mbed_boot_arm_std.o
    0x08006088   0x00000042   Code   RO        21548    .text._mutex_free   BUILD/B_L4S5I_IOT01A/ARMC6/mbed-os/rtos/TARGET_CORTEX/TOOLCHAIN_ARM_STD/mbed_boot_arm_std.o
    0x080060ca   0x00000002   PAD
    0x080060cc   0x000000a4   Code   RO        21542    .text._mutex_initialize  BUILD/B_L4S5I_IOT01A/ARMC6/mbed-os/rtos/TARGET_CORTEX/TOOLCHAIN_ARM_STD/mbed_boot_arm_std.o
    0x08006170   0x00000030   Code   RO        21546    .text._mutex_release  BUILD/B_L4S5I_IOT01A/ARMC6/mbed-os/rtos/TARGET_CORTEX/TOOLCHAIN_ARM_STD/mbed_boot_arm_std.o
    0x080061a0   0x00000004   Code   RO        21824    .text._platform_post_stackheap_init  BUILD/B_L4S5I_IOT01A/ARMC6/mbed-os/rtos/TARGET_CORTEX/rtx5/RTX/Source/rtx_lib.o
    0x080061a4   0x00000004   Code   RO        21153    .text._sys_close    BUILD/B_L4S5I_IOT01A/ARMC6/mbed-os/platform/mbed_retarget.o
    0x080061a8   0x00000002   Code   RO        21161    .text._sys_exit     BUILD/B_L4S5I_IOT01A/ARMC6/mbed-os/platform/mbed_retarget.o
    0x080061aa   0x00000028   Code   RO        21181    .text._sys_flen     BUILD/B_L4S5I_IOT01A/ARMC6/mbed-os/platform/mbed_retarget.o
    0x080061d2   0x00000004   Code   RO        21169    .text._sys_istty    BUILD/B_L4S5I_IOT01A/ARMC6/mbed-os/platform/mbed_retarget.o
    0x080061d6   0x0000008a   Code   RO        21149    .text._sys_open     BUILD/B_L4S5I_IOT01A/ARMC6/mbed-os/platform/mbed_retarget.o
    0x08006260   0x00000006   Code   RO        21171    .text._sys_seek     BUILD/B_L4S5I_IOT01A/ARMC6/mbed-os/platform/mbed_retarget.o
    0x08006266   0x00000002   PAD
    0x08006268   0x00000098   Code   RO        21157    .text._sys_write    BUILD/B_L4S5I_IOT01A/ARMC6/mbed-os/platform/mbed_retarget.o
    0x08006300   0x00000018   Code   RO        21163    .text._ttywrch      BUILD/B_L4S5I_IOT01A/ARMC6/mbed-os/platform/mbed_retarget.o
    0x08006318   0x00000016   Code   RO        21370    .text._wait_us_ticks  BUILD/B_L4S5I_IOT01A/ARMC6/mbed-os/platform/mbed_wait_api_no_rtos.o
    0x0800632e   0x00000004   Code   RO        27830    .text.abort_message  c:\Users\Jay\AppData\Local\Mbed Studio\mbed-studio-tools\ac6\bin\..\lib\libcxx\libcppabi_w.l(abort_message.cpp.o)
    0x08006332   0x00000002   Code   RO        20630    .text.block_us_ticker_free  BUILD/B_L4S5I_IOT01A/ARMC6/mbed-os/hal/mbed_us_ticker_api.o
    0x08006334   0x0000012c   Code   RO        25624    .text.can_irq       BUILD/B_L4S5I_IOT01A/ARMC6/mbed-os/targets/TARGET_STM/can_api.o
    0x08006460   0x0000003a   Code   RO        21155    .text.close         BUILD/B_L4S5I_IOT01A/ARMC6/mbed-os/platform/mbed_retarget.o
    0x0800649a   0x0000000c   Code   RO        20993    .text.core_util_are_interrupts_enabled  BUILD/B_L4S5I_IOT01A/ARMC6/mbed-os/platform/mbed_critical.o
    0x080064a6   0x00000002   PAD
    0x080064a8   0x0000007c   Code   RO        20999    .text.core_util_critical_section_enter  BUILD/B_L4S5I_IOT01A/ARMC6/mbed-os/platform/mbed_critical.o
    0x08006524   0x00000018   Code   RO        21001    .text.core_util_critical_section_exit  BUILD/B_L4S5I_IOT01A/ARMC6/mbed-os/platform/mbed_critical.o
    0x0800653c   0x0000000c   Code   RO        20995    .text.core_util_is_isr_active  BUILD/B_L4S5I_IOT01A/ARMC6/mbed-os/platform/mbed_critical.o
    0x08006548   0x00000054   Code   RO        25934    .text.debug         BUILD/B_L4S5I_IOT01A/ARMC6/mbed-os/targets/TARGET_STM/serial_api.o
    0x0800659c   0x0000006c   Code   RO        21006    .text.error         BUILD/B_L4S5I_IOT01A/ARMC6/mbed-os/platform/mbed_error.o
    0x08006608   0x00000034   Code   RO        21610    .text.error_msg     BUILD/B_L4S5I_IOT01A/ARMC6/mbed-os/rtos/TARGET_CORTEX/mbed_rtx_handlers.o
    0x0800663c   0x0000002e   Code   RO        21223    .text.exit          BUILD/B_L4S5I_IOT01A/ARMC6/mbed-os/platform/mbed_retarget.o
    0x0800666a   0x0000002a   Code   RO        21179    .text.fsync         BUILD/B_L4S5I_IOT01A/ARMC6/mbed-os/platform/mbed_retarget.o
    0x08006694   0x0000000a   Code   RO        20543    .text.get_lp_ticker_data  BUILD/B_L4S5I_IOT01A/ARMC6/mbed-os/hal/mbed_lp_ticker_api.o
    0x0800669e   0x00000072   Code   RO        25926    .text.get_uart_index  BUILD/B_L4S5I_IOT01A/ARMC6/mbed-os/targets/TARGET_STM/serial_api.o
    0x08006710   0x0000000a   Code   RO        20624    .text.get_us_ticker_data  BUILD/B_L4S5I_IOT01A/ARMC6/mbed-os/hal/mbed_us_ticker_api.o
    0x0800671a   0x0000002e   Code   RO        25649    .text.gpio_dir      BUILD/B_L4S5I_IOT01A/ARMC6/mbed-os/targets/TARGET_STM/gpio_api.o
    0x08006748   0x0000004a   Code   RO        25645    .text.gpio_init     BUILD/B_L4S5I_IOT01A/ARMC6/mbed-os/targets/TARGET_STM/gpio_api.o
    0x08006792   0x00000006   Code   RO        20534    .text.gpio_init_out  BUILD/B_L4S5I_IOT01A/ARMC6/mbed-os/hal/mbed_gpio.o
    0x08006798   0x00000034   Code   RO        20536    .text.gpio_init_out_ex  BUILD/B_L4S5I_IOT01A/ARMC6/mbed-os/hal/mbed_gpio.o
    0x080067cc   0x00000008   Code   RO        25647    .text.gpio_mode     BUILD/B_L4S5I_IOT01A/ARMC6/mbed-os/targets/TARGET_STM/gpio_api.o
    0x080067d4   0x00000064   Code   RO        25643    .text.gpio_set      BUILD/B_L4S5I_IOT01A/ARMC6/mbed-os/targets/TARGET_STM/gpio_api.o
    0x08006838   0x0000002a   Code   RO        20516    .text.hal_critical_section_enter  BUILD/B_L4S5I_IOT01A/ARMC6/mbed-os/hal/mbed_critical_section_api.o
    0x08006862   0x00000002   PAD
    0x08006864   0x00000078   Code   RO        20518    .text.hal_critical_section_exit  BUILD/B_L4S5I_IOT01A/ARMC6/mbed-os/hal/mbed_critical_section_api.o
    0x080068dc   0x0000015c   Code   RO        25963    .text.hal_deepsleep  BUILD/B_L4S5I_IOT01A/ARMC6/mbed-os/targets/TARGET_STM/sleep.o
    0x08006a38   0x00000022   Code   RO        25961    .text.hal_sleep     BUILD/B_L4S5I_IOT01A/ARMC6/mbed-os/targets/TARGET_STM/sleep.o
    0x08006a5a   0x000000f8   Code   RO        21008    .text.handle_error  BUILD/B_L4S5I_IOT01A/ARMC6/mbed-os/platform/mbed_error.o
    0x08006b52   0x000000b8   Code   RO        26035    .text.init_32bit_timer  BUILD/B_L4S5I_IOT01A/ARMC6/mbed-os/targets/TARGET_STM/us_ticker.o
    0x08006c0a   0x00000096   Code   RO        25928    .text.init_uart     BUILD/B_L4S5I_IOT01A/ARMC6/mbed-os/targets/TARGET_STM/serial_api.o
    0x08006ca0   0x000000fe   Code   RO        20597    .text.initialize    BUILD/B_L4S5I_IOT01A/ARMC6/mbed-os/hal/mbed_ticker_api.o
    0x08006d9e   0x00000026   Code   RO        21143    .text.isatty        BUILD/B_L4S5I_IOT01A/ARMC6/mbed-os/platform/mbed_retarget.o
    0x08006dc4   0x00000028   Code   RO        25789    .text.lp_ticker_clear_interrupt  BUILD/B_L4S5I_IOT01A/ARMC6/mbed-os/targets/TARGET_STM/lp_ticker.o
    0x08006dec   0x00000074   Code   RO        25781    .text.lp_ticker_disable_interrupt  BUILD/B_L4S5I_IOT01A/ARMC6/mbed-os/targets/TARGET_STM/lp_ticker.o
    0x08006e60   0x00000036   Code   RO        25791    .text.lp_ticker_fire_interrupt  BUILD/B_L4S5I_IOT01A/ARMC6/mbed-os/targets/TARGET_STM/lp_ticker.o
    0x08006e96   0x00000004   Code   RO        25793    .text.lp_ticker_free  BUILD/B_L4S5I_IOT01A/ARMC6/mbed-os/targets/TARGET_STM/lp_ticker.o
    0x08006e9a   0x0000000a   Code   RO        25777    .text.lp_ticker_get_info  BUILD/B_L4S5I_IOT01A/ARMC6/mbed-os/targets/TARGET_STM/lp_ticker.o
    0x08006ea4   0x00000180   Code   RO        25779    .text.lp_ticker_init  BUILD/B_L4S5I_IOT01A/ARMC6/mbed-os/targets/TARGET_STM/lp_ticker.o
    0x08007024   0x00000018   Code   RO        20547    .text.lp_ticker_irq_handler  BUILD/B_L4S5I_IOT01A/ARMC6/mbed-os/hal/mbed_lp_ticker_api.o
    0x0800703c   0x00000012   Code   RO        25785    .text.lp_ticker_read  BUILD/B_L4S5I_IOT01A/ARMC6/mbed-os/targets/TARGET_STM/lp_ticker.o
    0x0800704e   0x00000002   PAD
    0x08007050   0x000000c2   Code   RO        25787    .text.lp_ticker_set_interrupt  BUILD/B_L4S5I_IOT01A/ARMC6/mbed-os/targets/TARGET_STM/lp_ticker.o
    0x08007112   0x00000030   Code   RO        21173    .text.lseek         BUILD/B_L4S5I_IOT01A/ARMC6/mbed-os/platform/mbed_retarget.o
    0x08007142   0x00000002   PAD
    0x08007144   0x00000210   Code   RO          259    .text.main          BUILD/B_L4S5I_IOT01A/ARMC6/main.o
    0x08007354   0x0000001a   Code   RO        20976    .text.mbed_assert_internal  BUILD/B_L4S5I_IOT01A/ARMC6/mbed-os/platform/mbed_assert.o
    0x0800736e   0x00000002   PAD
    0x08007370   0x00000062   Code   RO        20980    .text.mbed_die      BUILD/B_L4S5I_IOT01A/ARMC6/mbed-os/platform/mbed_board.o
    0x080073d2   0x00000002   PAD
    0x080073d4   0x00000168   Code   RO        21028    .text.mbed_error    BUILD/B_L4S5I_IOT01A/ARMC6/mbed-os/platform/mbed_error.o
    0x0800753c   0x000000b2   Code   RO        21016    .text.mbed_error_initialize  BUILD/B_L4S5I_IOT01A/ARMC6/mbed-os/platform/mbed_error.o
    0x080075ee   0x00000020   Code   RO        20982    .text.mbed_error_printf  BUILD/B_L4S5I_IOT01A/ARMC6/mbed-os/platform/mbed_board.o
    0x0800760e   0x0000002a   Code   RO        20986    .text.mbed_error_puts  BUILD/B_L4S5I_IOT01A/ARMC6/mbed-os/platform/mbed_board.o
    0x08007638   0x00000002   Code   RO        21014    .text.mbed_error_reboot_callback  BUILD/B_L4S5I_IOT01A/ARMC6/mbed-os/platform/mbed_error.o
    0x0800763a   0x00000034   Code   RO        20984    .text.mbed_error_vprintf  BUILD/B_L4S5I_IOT01A/ARMC6/mbed-os/platform/mbed_board.o
    0x0800766e   0x00000002   PAD
    0x08007670   0x000000e0   Code   RO        20862    .text.mbed_fault_handler  BUILD/B_L4S5I_IOT01A/ARMC6/mbed-os/platform/TARGET_CORTEX_M/mbed_fault_handler.o
    0x08007750   0x0000000c   Code   RO        21024    .text.mbed_get_error_in_progress  BUILD/B_L4S5I_IOT01A/ARMC6/mbed-os/platform/mbed_error.o
    0x0800775c   0x0000003e   Code   RO        21012    .text.mbed_halt_system  BUILD/B_L4S5I_IOT01A/ARMC6/mbed-os/platform/mbed_error.o
    0x0800779a   0x00000002   PAD
    0x0800779c   0x0000003c   Code   RO        21556    .text.mbed_init     BUILD/B_L4S5I_IOT01A/ARMC6/mbed-os/rtos/TARGET_CORTEX/mbed_boot.o
    0x080077d8   0x00000002   Code   RO        21562    .text.mbed_main     BUILD/B_L4S5I_IOT01A/ARMC6/mbed-os/rtos/TARGET_CORTEX/mbed_boot.o
    0x080077da   0x00000002   PAD
    0x080077dc   0x000000ac   Code   RO        20638    .text.mbed_mpu_init  BUILD/B_L4S5I_IOT01A/ARMC6/mbed-os/hal/mpu/mbed_mpu_v7m.o
    0x08007888   0x00000004   Code   RO        21570    .text.mbed_rtos_init  BUILD/B_L4S5I_IOT01A/ARMC6/mbed-os/rtos/TARGET_CORTEX/mbed_rtos_rtx.o
    0x0800788c   0x000000e4   Code   RO        21572    .text.mbed_rtos_start  BUILD/B_L4S5I_IOT01A/ARMC6/mbed-os/rtos/TARGET_CORTEX/mbed_rtos_rtx.o
    0x08007970   0x00000020   Code   RO        25819    .text.mbed_sdk_init  BUILD/B_L4S5I_IOT01A/ARMC6/mbed-os/targets/TARGET_STM/mbed_overrides.o
    0x08007990   0x00000016   Code   RO        21560    .text.mbed_start    BUILD/B_L4S5I_IOT01A/ARMC6/mbed-os/rtos/TARGET_CORTEX/mbed_boot.o
    0x080079a6   0x0000001a   Code   RO        21538    .text.mbed_toolchain_init  BUILD/B_L4S5I_IOT01A/ARMC6/mbed-os/rtos/TARGET_CORTEX/TOOLCHAIN_ARM_STD/mbed_boot_arm_std.o
    0x080079c0   0x00000088   Code   RO        21151    .text.open          BUILD/B_L4S5I_IOT01A/ARMC6/mbed-os/platform/mbed_retarget.o
    0x08007a48   0x0000002e   Code   RO        21694    .text.osDelay       BUILD/B_L4S5I_IOT01A/ARMC6/mbed-os/rtos/TARGET_CORTEX/rtx5/RTX/Source/rtx_delay.o
    0x08007a76   0x00000032   Code   RO        21774    .text.osKernelGetState  BUILD/B_L4S5I_IOT01A/ARMC6/mbed-os/rtos/TARGET_CORTEX/rtx5/RTX/Source/rtx_kernel.o
    0x08007aa8   0x00000032   Code   RO        21768    .text.osKernelInitialize  BUILD/B_L4S5I_IOT01A/ARMC6/mbed-os/rtos/TARGET_CORTEX/rtx5/RTX/Source/rtx_kernel.o
    0x08007ada   0x00000026   Code   RO        21788    .text.osKernelResume  BUILD/B_L4S5I_IOT01A/ARMC6/mbed-os/rtos/TARGET_CORTEX/rtx5/RTX/Source/rtx_kernel.o
    0x08007b00   0x0000002e   Code   RO        21778    .text.osKernelStart  BUILD/B_L4S5I_IOT01A/ARMC6/mbed-os/rtos/TARGET_CORTEX/rtx5/RTX/Source/rtx_kernel.o
    0x08007b2e   0x0000002c   Code   RO        21786    .text.osKernelSuspend  BUILD/B_L4S5I_IOT01A/ARMC6/mbed-os/rtos/TARGET_CORTEX/rtx5/RTX/Source/rtx_kernel.o
    0x08007b5a   0x0000007c   Code   RO        21900    .text.osMessageQueueGet  BUILD/B_L4S5I_IOT01A/ARMC6/mbed-os/rtos/TARGET_CORTEX/rtx5/RTX/Source/rtx_msgqueue.o
    0x08007bd6   0x00000032   Code   RO        21894    .text.osMessageQueueNew  BUILD/B_L4S5I_IOT01A/ARMC6/mbed-os/rtos/TARGET_CORTEX/rtx5/RTX/Source/rtx_msgqueue.o
    0x08007c08   0x00000084   Code   RO        21898    .text.osMessageQueuePut  BUILD/B_L4S5I_IOT01A/ARMC6/mbed-os/rtos/TARGET_CORTEX/rtx5/RTX/Source/rtx_msgqueue.o
    0x08007c8c   0x0000002e   Code   RO        21948    .text.osMutexAcquire  BUILD/B_L4S5I_IOT01A/ARMC6/mbed-os/rtos/TARGET_CORTEX/rtx5/RTX/Source/rtx_mutex.o
    0x08007cba   0x0000002e   Code   RO        21954    .text.osMutexDelete  BUILD/B_L4S5I_IOT01A/ARMC6/mbed-os/rtos/TARGET_CORTEX/rtx5/RTX/Source/rtx_mutex.o
    0x08007ce8   0x00000032   Code   RO        21944    .text.osMutexNew    BUILD/B_L4S5I_IOT01A/ARMC6/mbed-os/rtos/TARGET_CORTEX/rtx5/RTX/Source/rtx_mutex.o
    0x08007d1a   0x0000002e   Code   RO        21950    .text.osMutexRelease  BUILD/B_L4S5I_IOT01A/ARMC6/mbed-os/rtos/TARGET_CORTEX/rtx5/RTX/Source/rtx_mutex.o
    0x08007d48   0x000000fc   Code   RO        21586    .text.osRtxErrorNotify  BUILD/B_L4S5I_IOT01A/ARMC6/mbed-os/rtos/TARGET_CORTEX/mbed_rtx_handlers.o
    0x08007e44   0x00000004   Code   RO        21584    .text.osRtxIdleThread  BUILD/B_L4S5I_IOT01A/ARMC6/mbed-os/rtos/TARGET_CORTEX/mbed_rtx_handlers.o
    0x08007e48   0x00000002   Code   RO        21766    .text.osRtxKernelPreInit  BUILD/B_L4S5I_IOT01A/ARMC6/mbed-os/rtos/TARGET_CORTEX/rtx5/RTX/Source/rtx_kernel.o
    0x08007e4a   0x00000002   PAD
    0x08007e4c   0x00000086   Code   RO        21842    .text.osRtxMemoryAlloc  BUILD/B_L4S5I_IOT01A/ARMC6/mbed-os/rtos/TARGET_CORTEX/rtx5/RTX/Source/rtx_memory.o
    0x08007ed2   0x00000002   PAD
    0x08007ed4   0x0000004e   Code   RO        21844    .text.osRtxMemoryFree  BUILD/B_L4S5I_IOT01A/ARMC6/mbed-os/rtos/TARGET_CORTEX/rtx5/RTX/Source/rtx_memory.o
    0x08007f22   0x00000038   Code   RO        21840    .text.osRtxMemoryInit  BUILD/B_L4S5I_IOT01A/ARMC6/mbed-os/rtos/TARGET_CORTEX/rtx5/RTX/Source/rtx_memory.o
    0x08007f5a   0x0000003a   Code   RO        21850    .text.osRtxMemoryPoolAlloc  BUILD/B_L4S5I_IOT01A/ARMC6/mbed-os/rtos/TARGET_CORTEX/rtx5/RTX/Source/rtx_mempool.o
    0x08007f94   0x0000004a   Code   RO        21852    .text.osRtxMemoryPoolFree  BUILD/B_L4S5I_IOT01A/ARMC6/mbed-os/rtos/TARGET_CORTEX/rtx5/RTX/Source/rtx_mempool.o
    0x08007fde   0x00000002   PAD
    0x08007fe0   0x00000052   Code   RO        21848    .text.osRtxMemoryPoolInit  BUILD/B_L4S5I_IOT01A/ARMC6/mbed-os/rtos/TARGET_CORTEX/rtx5/RTX/Source/rtx_mempool.o
    0x08008032   0x000000d6   Code   RO        21924    .text.osRtxMessageQueuePostProcess  BUILD/B_L4S5I_IOT01A/ARMC6/mbed-os/rtos/TARGET_CORTEX/rtx5/RTX/Source/rtx_msgqueue.o
    0x08008108   0x00000046   Code   RO        21942    .text.osRtxMutexOwnerRelease  BUILD/B_L4S5I_IOT01A/ARMC6/mbed-os/rtos/TARGET_CORTEX/rtx5/RTX/Source/rtx_mutex.o
    0x0800814e   0x00000002   PAD
    0x08008150   0x000000a4   Code   RO        22000    .text.osRtxPendSV_Handler  BUILD/B_L4S5I_IOT01A/ARMC6/mbed-os/rtos/TARGET_CORTEX/rtx5/RTX/Source/rtx_system.o
    0x080081f4   0x00000076   Code   RO        22002    .text.osRtxPostProcess  BUILD/B_L4S5I_IOT01A/ARMC6/mbed-os/rtos/TARGET_CORTEX/rtx5/RTX/Source/rtx_system.o
    0x0800826a   0x00000002   PAD
    0x0800826c   0x000000a2   Code   RO        22032    .text.osRtxThreadDelayInsert  BUILD/B_L4S5I_IOT01A/ARMC6/mbed-os/rtos/TARGET_CORTEX/rtx5/RTX/Source/rtx_thread.o
    0x0800830e   0x00000042   Code   RO        22028    .text.osRtxThreadDelayRemove  BUILD/B_L4S5I_IOT01A/ARMC6/mbed-os/rtos/TARGET_CORTEX/rtx5/RTX/Source/rtx_thread.o
    0x08008350   0x00000076   Code   RO        22016    .text.osRtxThreadDelayTick  BUILD/B_L4S5I_IOT01A/ARMC6/mbed-os/rtos/TARGET_CORTEX/rtx5/RTX/Source/rtx_thread.o
    0x080083c6   0x00000002   PAD
    0x080083c8   0x000000fe   Code   RO        22024    .text.osRtxThreadDispatch  BUILD/B_L4S5I_IOT01A/ARMC6/mbed-os/rtos/TARGET_CORTEX/rtx5/RTX/Source/rtx_thread.o
    0x080084c6   0x00000064   Code   RO        22106    .text.osRtxThreadFree  BUILD/B_L4S5I_IOT01A/ARMC6/mbed-os/rtos/TARGET_CORTEX/rtx5/RTX/Source/rtx_thread.o
    0x0800852a   0x00000012   Code   RO        22008    .text.osRtxThreadListGet  BUILD/B_L4S5I_IOT01A/ARMC6/mbed-os/rtos/TARGET_CORTEX/rtx5/RTX/Source/rtx_thread.o
    0x0800853c   0x0000002a   Code   RO        22006    .text.osRtxThreadListPut  BUILD/B_L4S5I_IOT01A/ARMC6/mbed-os/rtos/TARGET_CORTEX/rtx5/RTX/Source/rtx_thread.o
    0x08008566   0x00000014   Code   RO        22012    .text.osRtxThreadListRemove  BUILD/B_L4S5I_IOT01A/ARMC6/mbed-os/rtos/TARGET_CORTEX/rtx5/RTX/Source/rtx_thread.o
    0x0800857a   0x00000002   PAD
    0x0800857c   0x00000046   Code   RO        22010    .text.osRtxThreadListSort  BUILD/B_L4S5I_IOT01A/ARMC6/mbed-os/rtos/TARGET_CORTEX/rtx5/RTX/Source/rtx_thread.o
    0x080085c2   0x0000002a   Code   RO        22082    .text.osRtxThreadPostProcess  BUILD/B_L4S5I_IOT01A/ARMC6/mbed-os/rtos/TARGET_CORTEX/rtx5/RTX/Source/rtx_thread.o
    0x080085ec   0x0000003a   Code   RO        22014    .text.osRtxThreadReadyPut  BUILD/B_L4S5I_IOT01A/ARMC6/mbed-os/rtos/TARGET_CORTEX/rtx5/RTX/Source/rtx_thread.o
    0x08008626   0x00000014   Code   RO        22018    .text.osRtxThreadRegPtr  BUILD/B_L4S5I_IOT01A/ARMC6/mbed-os/rtos/TARGET_CORTEX/rtx5/RTX/Source/rtx_thread.o
    0x0800863a   0x0000002a   Code   RO        22022    .text.osRtxThreadStackCheck  BUILD/B_L4S5I_IOT01A/ARMC6/mbed-os/rtos/TARGET_CORTEX/rtx5/RTX/Source/rtx_thread.o
    0x08008664   0x00000046   Code   RO        22034    .text.osRtxThreadStartup  BUILD/B_L4S5I_IOT01A/ARMC6/mbed-os/rtos/TARGET_CORTEX/rtx5/RTX/Source/rtx_thread.o
    0x080086aa   0x00000012   Code   RO        22020    .text.osRtxThreadSwitch  BUILD/B_L4S5I_IOT01A/ARMC6/mbed-os/rtos/TARGET_CORTEX/rtx5/RTX/Source/rtx_thread.o
    0x080086bc   0x0000004c   Code   RO        22030    .text.osRtxThreadWaitEnter  BUILD/B_L4S5I_IOT01A/ARMC6/mbed-os/rtos/TARGET_CORTEX/rtx5/RTX/Source/rtx_thread.o
    0x08008708   0x00000062   Code   RO        22026    .text.osRtxThreadWaitExit  BUILD/B_L4S5I_IOT01A/ARMC6/mbed-os/rtos/TARGET_CORTEX/rtx5/RTX/Source/rtx_thread.o
    0x0800876a   0x00000074   Code   RO        21998    .text.osRtxTick_Handler  BUILD/B_L4S5I_IOT01A/ARMC6/mbed-os/rtos/TARGET_CORTEX/rtx5/RTX/Source/rtx_system.o
    0x080087de   0x00000002   PAD
    0x080087e0   0x00000044   Code   RO        22128    .text.osRtxTimerThread  BUILD/B_L4S5I_IOT01A/ARMC6/mbed-os/rtos/TARGET_CORTEX/rtx5/RTX/Source/rtx_timer.o
    0x08008824   0x0000005a   Code   RO        22130    .text.osRtxTimerTick  BUILD/B_L4S5I_IOT01A/ARMC6/mbed-os/rtos/TARGET_CORTEX/rtx5/RTX/Source/rtx_timer.o
    0x0800887e   0x00000002   PAD
    0x08008880   0x0000001a   Code   RO        22066    .text.osThreadExit  BUILD/B_L4S5I_IOT01A/ARMC6/mbed-os/rtos/TARGET_CORTEX/rtx5/RTX/Source/rtx_thread.o
    0x0800889a   0x0000002a   Code   RO        22042    .text.osThreadGetId  BUILD/B_L4S5I_IOT01A/ARMC6/mbed-os/rtos/TARGET_CORTEX/rtx5/RTX/Source/rtx_thread.o
    0x080088c4   0x00000032   Code   RO        22038    .text.osThreadNew   BUILD/B_L4S5I_IOT01A/ARMC6/mbed-os/rtos/TARGET_CORTEX/rtx5/RTX/Source/rtx_thread.o
    0x080088f6   0x00000002   PAD
    0x080088f8   0x0000011c   Code   RO        25824    .text.pin_function  BUILD/B_L4S5I_IOT01A/ARMC6/mbed-os/targets/TARGET_STM/pinmap.o
    0x08008a14   0x0000009a   Code   RO        25826    .text.pin_mode      BUILD/B_L4S5I_IOT01A/ARMC6/mbed-os/targets/TARGET_STM/pinmap.o
    0x08008aae   0x00000002   PAD
    0x08008ab0   0x00000044   Code   RO        20558    .text.pinmap_merge  BUILD/B_L4S5I_IOT01A/ARMC6/mbed-os/hal/mbed_pinmap_common.o
    0x08008af4   0x00000070   Code   RO        20562    .text.pinmap_peripheral  BUILD/B_L4S5I_IOT01A/ARMC6/mbed-os/hal/mbed_pinmap_common.o
    0x08008b64   0x00000070   Code   RO        20556    .text.pinmap_pinout  BUILD/B_L4S5I_IOT01A/ARMC6/mbed-os/hal/mbed_pinmap_common.o
    0x08008bd4   0x00000170   Code   RO        20864    .text.print_context_info  BUILD/B_L4S5I_IOT01A/ARMC6/mbed-os/platform/TARGET_CORTEX_M/mbed_fault_handler.o
    0x08008d44   0x000001c0   Code   RO        21010    .text.print_error_report  BUILD/B_L4S5I_IOT01A/ARMC6/mbed-os/platform/mbed_error.o
    0x08008f04   0x00000038   Code   RO        26051    .text.restore_timer_ctx  BUILD/B_L4S5I_IOT01A/ARMC6/mbed-os/targets/TARGET_STM/us_ticker.o
    0x08008f3c   0x0000000e   Code   RO        21634    .text.rtos_idle_loop  BUILD/B_L4S5I_IOT01A/ARMC6/mbed-os/rtos/TARGET_CORTEX/mbed_rtx_idle.o
    0x08008f4a   0x00000038   Code   RO        26049    .text.save_timer_ctx  BUILD/B_L4S5I_IOT01A/ARMC6/mbed-os/targets/TARGET_STM/us_ticker.o
    0x08008f82   0x00000002   PAD
    0x08008f84   0x00000144   Code   RO        20603    .text.schedule_interrupt  BUILD/B_L4S5I_IOT01A/ARMC6/mbed-os/hal/mbed_ticker_api.o
    0x080090c8   0x0000009e   Code   RO        25932    .text.serial_baud   BUILD/B_L4S5I_IOT01A/ARMC6/mbed-os/targets/TARGET_STM/serial_api.o
    0x08009166   0x00000002   PAD
    0x08009168   0x00000034   Code   RO        25554    .text.serial_getc   BUILD/B_L4S5I_IOT01A/ARMC6/mbed-os/targets/TARGET_STM/TARGET_STM32L4/serial_device.o
    0x0800919c   0x00000278   Code   RO        25924    .text.serial_init   BUILD/B_L4S5I_IOT01A/ARMC6/mbed-os/targets/TARGET_STM/serial_api.o
    0x08009414   0x00000092   Code   RO        25954    .text.serial_is_tx_ongoing  BUILD/B_L4S5I_IOT01A/ARMC6/mbed-os/targets/TARGET_STM/serial_api.o
    0x080094a6   0x00000002   PAD
    0x080094a8   0x00000034   Code   RO        25556    .text.serial_putc   BUILD/B_L4S5I_IOT01A/ARMC6/mbed-os/targets/TARGET_STM/TARGET_STM32L4/serial_device.o
    0x080094dc   0x00000024   Code   RO        25946    .text.serial_readable  BUILD/B_L4S5I_IOT01A/ARMC6/mbed-os/targets/TARGET_STM/serial_api.o
    0x08009500   0x0000001a   Code   RO        25948    .text.serial_writable  BUILD/B_L4S5I_IOT01A/ARMC6/mbed-os/targets/TARGET_STM/serial_api.o
    0x0800951a   0x00000002   PAD
    0x0800951c   0x00000060   Code   RO        21340    .text.sleep_manager_lock_deep_sleep_internal  BUILD/B_L4S5I_IOT01A/ARMC6/mbed-os/platform/mbed_sleep_manager.o
    0x0800957c   0x00000024   Code   RO        21348    .text.sleep_manager_sleep_auto  BUILD/B_L4S5I_IOT01A/ARMC6/mbed-os/platform/mbed_sleep_manager.o
    0x080095a0   0x00000064   Code   RO        21342    .text.sleep_manager_unlock_deep_sleep_internal  BUILD/B_L4S5I_IOT01A/ARMC6/mbed-os/platform/mbed_sleep_manager.o
    0x08009604   0x00000014   Code   RO        21698    .text.svcRtxDelay   BUILD/B_L4S5I_IOT01A/ARMC6/mbed-os/rtos/TARGET_CORTEX/rtx5/RTX/Source/rtx_delay.o
    0x08009618   0x0000000c   Code   RO        21776    .text.svcRtxKernelGetState  BUILD/B_L4S5I_IOT01A/ARMC6/mbed-os/rtos/TARGET_CORTEX/rtx5/RTX/Source/rtx_kernel.o
    0x08009624   0x0000015a   Code   RO        21806    .text.svcRtxKernelInitialize  BUILD/B_L4S5I_IOT01A/ARMC6/mbed-os/rtos/TARGET_CORTEX/rtx5/RTX/Source/rtx_kernel.o
    0x0800977e   0x00000002   PAD
    0x08009780   0x00000098   Code   RO        21818    .text.svcRtxKernelResume  BUILD/B_L4S5I_IOT01A/ARMC6/mbed-os/rtos/TARGET_CORTEX/rtx5/RTX/Source/rtx_kernel.o
    0x08009818   0x000000a4   Code   RO        21808    .text.svcRtxKernelStart  BUILD/B_L4S5I_IOT01A/ARMC6/mbed-os/rtos/TARGET_CORTEX/rtx5/RTX/Source/rtx_kernel.o
    0x080098bc   0x0000005c   Code   RO        21816    .text.svcRtxKernelSuspend  BUILD/B_L4S5I_IOT01A/ARMC6/mbed-os/rtos/TARGET_CORTEX/rtx5/RTX/Source/rtx_kernel.o
    0x08009918   0x000000f6   Code   RO        21934    .text.svcRtxMessageQueueGet  BUILD/B_L4S5I_IOT01A/ARMC6/mbed-os/rtos/TARGET_CORTEX/rtx5/RTX/Source/rtx_msgqueue.o
    0x08009a0e   0x00000158   Code   RO        21922    .text.svcRtxMessageQueueNew  BUILD/B_L4S5I_IOT01A/ARMC6/mbed-os/rtos/TARGET_CORTEX/rtx5/RTX/Source/rtx_msgqueue.o
    0x08009b66   0x000000c0   Code   RO        21930    .text.svcRtxMessageQueuePut  BUILD/B_L4S5I_IOT01A/ARMC6/mbed-os/rtos/TARGET_CORTEX/rtx5/RTX/Source/rtx_msgqueue.o
    0x08009c26   0x000000b0   Code   RO        21960    .text.svcRtxMutexAcquire  BUILD/B_L4S5I_IOT01A/ARMC6/mbed-os/rtos/TARGET_CORTEX/rtx5/RTX/Source/rtx_mutex.o
    0x08009cd6   0x00000002   PAD
    0x08009cd8   0x000000be   Code   RO        21966    .text.svcRtxMutexDelete  BUILD/B_L4S5I_IOT01A/ARMC6/mbed-os/rtos/TARGET_CORTEX/rtx5/RTX/Source/rtx_mutex.o
    0x08009d96   0x00000078   Code   RO        21956    .text.svcRtxMutexNew  BUILD/B_L4S5I_IOT01A/ARMC6/mbed-os/rtos/TARGET_CORTEX/rtx5/RTX/Source/rtx_mutex.o
    0x08009e0e   0x000000d4   Code   RO        21962    .text.svcRtxMutexRelease  BUILD/B_L4S5I_IOT01A/ARMC6/mbed-os/rtos/TARGET_CORTEX/rtx5/RTX/Source/rtx_mutex.o
    0x08009ee2   0x00000078   Code   RO        22110    .text.svcRtxThreadExit  BUILD/B_L4S5I_IOT01A/ARMC6/mbed-os/rtos/TARGET_CORTEX/rtx5/RTX/Source/rtx_thread.o
    0x08009f5a   0x0000000c   Code   RO        22044    .text.svcRtxThreadGetId  BUILD/B_L4S5I_IOT01A/ARMC6/mbed-os/rtos/TARGET_CORTEX/rtx5/RTX/Source/rtx_thread.o
    0x08009f66   0x0000021e   Code   RO        22036    .text.svcRtxThreadNew  BUILD/B_L4S5I_IOT01A/ARMC6/mbed-os/rtos/TARGET_CORTEX/rtx5/RTX/Source/rtx_thread.o
    0x0800a184   0x00000004   Code   RO        21030    .text.system_reset  BUILD/B_L4S5I_IOT01A/ARMC6/mbed-os/platform/mbed_error.o
    0x0800a188   0x00000078   Code   RO        20607    .text.ticker_insert_event_us  BUILD/B_L4S5I_IOT01A/ARMC6/mbed-os/hal/mbed_ticker_api.o
    0x0800a200   0x00000062   Code   RO        20599    .text.ticker_irq_handler  BUILD/B_L4S5I_IOT01A/ARMC6/mbed-os/hal/mbed_ticker_api.o
    0x0800a262   0x00000022   Code   RO        20613    .text.ticker_read_us  BUILD/B_L4S5I_IOT01A/ARMC6/mbed-os/hal/mbed_ticker_api.o
    0x0800a284   0x00000036   Code   RO        20609    .text.ticker_remove_event  BUILD/B_L4S5I_IOT01A/ARMC6/mbed-os/hal/mbed_ticker_api.o
    0x0800a2ba   0x0000001a   Code   RO        20595    .text.ticker_set_handler  BUILD/B_L4S5I_IOT01A/ARMC6/mbed-os/hal/mbed_ticker_api.o
    0x0800a2d4   0x0000002a   Code   RO        26033    .text.timer_irq_handler  BUILD/B_L4S5I_IOT01A/ARMC6/mbed-os/targets/TARGET_STM/us_ticker.o
    0x0800a2fe   0x0000002a   Code   RO        21590    .text.trap_rtx_error  BUILD/B_L4S5I_IOT01A/ARMC6/mbed-os/rtos/TARGET_CORTEX/mbed_rtx_handlers.o
    0x0800a328   0x000000e8   Code   RO        20601    .text.update_present_time  BUILD/B_L4S5I_IOT01A/ARMC6/mbed-os/hal/mbed_ticker_api.o
    0x0800a410   0x00000012   Code   RO        26047    .text.us_ticker_clear_interrupt  BUILD/B_L4S5I_IOT01A/ARMC6/mbed-os/targets/TARGET_STM/us_ticker.o
    0x0800a422   0x00000014   Code   RO        26045    .text.us_ticker_disable_interrupt  BUILD/B_L4S5I_IOT01A/ARMC6/mbed-os/targets/TARGET_STM/us_ticker.o
    0x0800a436   0x00000022   Code   RO        26043    .text.us_ticker_fire_interrupt  BUILD/B_L4S5I_IOT01A/ARMC6/mbed-os/targets/TARGET_STM/us_ticker.o
    0x0800a458   0x0000000a   Code   RO        26031    .text.us_ticker_get_info  BUILD/B_L4S5I_IOT01A/ARMC6/mbed-os/targets/TARGET_STM/us_ticker.o
    0x0800a462   0x00000018   Code   RO        26037    .text.us_ticker_init  BUILD/B_L4S5I_IOT01A/ARMC6/mbed-os/targets/TARGET_STM/us_ticker.o
    0x0800a47a   0x00000018   Code   RO        20628    .text.us_ticker_irq_handler  BUILD/B_L4S5I_IOT01A/ARMC6/mbed-os/hal/mbed_us_ticker_api.o
    0x0800a492   0x0000000c   Code   RO        26039    .text.us_ticker_read  BUILD/B_L4S5I_IOT01A/ARMC6/mbed-os/targets/TARGET_STM/us_ticker.o
    0x0800a49e   0x0000001c   Code   RO        26041    .text.us_ticker_set_interrupt  BUILD/B_L4S5I_IOT01A/ARMC6/mbed-os/targets/TARGET_STM/us_ticker.o
    0x0800a4ba   0x00000030   Code   RO        21159    .text.write         BUILD/B_L4S5I_IOT01A/ARMC6/mbed-os/platform/mbed_retarget.o
    0x0800a4ea   0x0000003e   Code   RO        27871    CL$$btod_d2e        c:\Users\Jay\AppData\Local\Mbed Studio\mbed-studio-tools\ac6\bin\..\lib\armlib\c_w.l(btod.o)
    0x0800a528   0x00000046   Code   RO        27873    CL$$btod_d2e_denorm_low  c:\Users\Jay\AppData\Local\Mbed Studio\mbed-studio-tools\ac6\bin\..\lib\armlib\c_w.l(btod.o)
    0x0800a56e   0x00000060   Code   RO        27872    CL$$btod_d2e_norm_op1  c:\Users\Jay\AppData\Local\Mbed Studio\mbed-studio-tools\ac6\bin\..\lib\armlib\c_w.l(btod.o)
    0x0800a5ce   0x00000002   PAD
    0x0800a5d0   0x00000338   Code   RO        27881    CL$$btod_div_common  c:\Users\Jay\AppData\Local\Mbed Studio\mbed-studio-tools\ac6\bin\..\lib\armlib\c_w.l(btod.o)
    0x0800a908   0x000000dc   Code   RO        27878    CL$$btod_e2e        c:\Users\Jay\AppData\Local\Mbed Studio\mbed-studio-tools\ac6\bin\..\lib\armlib\c_w.l(btod.o)
    0x0800a9e4   0x0000002a   Code   RO        27875    CL$$btod_ediv       c:\Users\Jay\AppData\Local\Mbed Studio\mbed-studio-tools\ac6\bin\..\lib\armlib\c_w.l(btod.o)
    0x0800aa0e   0x0000002a   Code   RO        27874    CL$$btod_emul       c:\Users\Jay\AppData\Local\Mbed Studio\mbed-studio-tools\ac6\bin\..\lib\armlib\c_w.l(btod.o)
    0x0800aa38   0x00000244   Code   RO        27880    CL$$btod_mult_common  c:\Users\Jay\AppData\Local\Mbed Studio\mbed-studio-tools\ac6\bin\..\lib\armlib\c_w.l(btod.o)
    0x0800ac7c   0x00000030   Code   RO        27973    i.__ARM_fpclassify  c:\Users\Jay\AppData\Local\Mbed Studio\mbed-studio-tools\ac6\bin\..\lib\armlib\m_wm.l(fpclassify.o)
    0x0800acac   0x0000000e   Code   RO        27325    i._is_digit         c:\Users\Jay\AppData\Local\Mbed Studio\mbed-studio-tools\ac6\bin\..\lib\armlib\c_w.l(__printf_wp.o)
    0x0800acba   0x0000001a   Code   RO        27374    i.fputc             c:\Users\Jay\AppData\Local\Mbed Studio\mbed-studio-tools\ac6\bin\..\lib\armlib\c_w.l(fputc.o)
    0x0800acd4   0x0000002c   Code   RO        27719    locale$$code        c:\Users\Jay\AppData\Local\Mbed Studio\mbed-studio-tools\ac6\bin\..\lib\armlib\c_w.l(lc_ctype_c.o)
    0x0800ad00   0x0000002c   Code   RO        27922    locale$$code        c:\Users\Jay\AppData\Local\Mbed Studio\mbed-studio-tools\ac6\bin\..\lib\armlib\c_w.l(lc_numeric_c.o)
    0x0800ad2c   0x0000000c   Code   RO        27797    x$fpl$dretinf       c:\Users\Jay\AppData\Local\Mbed Studio\mbed-studio-tools\ac6\bin\..\lib\armlib\fz_wm.l(dretinf.o)
    0x0800ad38   0x00000056   Code   RO        27511    x$fpl$f2d           c:\Users\Jay\AppData\Local\Mbed Studio\mbed-studio-tools\ac6\bin\..\lib\armlib\fz_wm.l(f2d.o)
    0x0800ad8e   0x0000008c   Code   RO        27799    x$fpl$fnaninf       c:\Users\Jay\AppData\Local\Mbed Studio\mbed-studio-tools\ac6\bin\..\lib\armlib\fz_wm.l(fnaninf.o)
    0x0800ae1a   0x0000001a   Code   RO        27961    x$fpl$fpinit        c:\Users\Jay\AppData\Local\Mbed Studio\mbed-studio-tools\ac6\bin\..\lib\armlib\fz_wm.l(fpinit.o)
    0x0800ae34   0x00000004   Code   RO        27519    x$fpl$printf1       c:\Users\Jay\AppData\Local\Mbed Studio\mbed-studio-tools\ac6\bin\..\lib\armlib\fz_wm.l(printf1.o)
    0x0800ae38   0x00000004   Code   RO        27801    x$fpl$printf2       c:\Users\Jay\AppData\Local\Mbed Studio\mbed-studio-tools\ac6\bin\..\lib\armlib\fz_wm.l(printf2.o)
    0x0800ae3c   0x00000000   Code   RO        27809    x$fpl$usenofp       c:\Users\Jay\AppData\Local\Mbed Studio\mbed-studio-tools\ac6\bin\..\lib\armlib\fz_wm.l(usenofp.o)
    0x0800ae3c   0x00000008   Data   RO        27286    .constdata          c:\Users\Jay\AppData\Local\Mbed Studio\mbed-studio-tools\ac6\bin\..\lib\armlib\c_w.l(_printf_wctomb.o)
    0x0800ae44   0x00000028   Data   RO        27313    .constdata          c:\Users\Jay\AppData\Local\Mbed Studio\mbed-studio-tools\ac6\bin\..\lib\armlib\c_w.l(_printf_hex_int_ll_ptr.o)
    0x0800ae6c   0x00000011   Data   RO        27333    .constdata          c:\Users\Jay\AppData\Local\Mbed Studio\mbed-studio-tools\ac6\bin\..\lib\armlib\c_w.l(__printf_flags_ss_wp.o)
    0x0800ae7d   0x00000026   Data   RO        27848    .constdata          c:\Users\Jay\AppData\Local\Mbed Studio\mbed-studio-tools\ac6\bin\..\lib\armlib\c_w.l(_printf_fp_hex.o)
    0x0800aea3   0x00000001   PAD
    0x0800aea4   0x00000094   Data   RO        27869    .constdata          c:\Users\Jay\AppData\Local\Mbed Studio\mbed-studio-tools\ac6\bin\..\lib\armlib\c_w.l(bigflt0.o)
    0x0800af38   0x000000a0   Data   RO        21830    .rodata             BUILD/B_L4S5I_IOT01A/ARMC6/mbed-os/rtos/TARGET_CORTEX/rtx5/RTX/Source/rtx_lib.o
    0x0800afd8   0x00000010   Data   RO        25509    .rodata.AHBPrescTable  BUILD/B_L4S5I_IOT01A/ARMC6/mbed-os/targets/TARGET_STM/TARGET_STM32L4/device/system_stm32l4xx.o
    0x0800afe8   0x00000008   Data   RO        25510    .rodata.APBPrescTable  BUILD/B_L4S5I_IOT01A/ARMC6/mbed-os/targets/TARGET_STM/TARGET_STM32L4/device/system_stm32l4xx.o
    0x0800aff0   0x00000030   Data   RO        25511    .rodata.MSIRangeTable  BUILD/B_L4S5I_IOT01A/ARMC6/mbed-os/targets/TARGET_STM/TARGET_STM32L4/device/system_stm32l4xx.o
    0x0800b020   0x000000a8   Data   RO        22280    .rodata.PinMap_UART_RX  BUILD/B_L4S5I_IOT01A/ARMC6/mbed-os/targets/TARGET_STM/TARGET_STM32L4/TARGET_STM32L475xG/TARGET_DISCO_L475VG_IOT01A/PeripheralPins.o
    0x0800b0c8   0x000000a8   Data   RO        22279    .rodata.PinMap_UART_TX  BUILD/B_L4S5I_IOT01A/ARMC6/mbed-os/targets/TARGET_STM/TARGET_STM32L4/TARGET_STM32L475xG/TARGET_DISCO_L475VG_IOT01A/PeripheralPins.o
    0x0800b170   0x0000005c   Data   RO        21281    .rodata._ZTV12DirectSerial  BUILD/B_L4S5I_IOT01A/ARMC6/mbed-os/platform/mbed_retarget.o
    0x0800b1cc   0x00000014   Data   RO         1764    .rodata._ZTVN4mbed10TimerEventE  BUILD/B_L4S5I_IOT01A/ARMC6/mbed-os/drivers/TimerEvent.o
    0x0800b1e0   0x00000014   Data   RO        21533    .rodata._ZTVN4rtos8internal8SysTimerE  BUILD/B_L4S5I_IOT01A/ARMC6/mbed-os/rtos/TARGET_CORTEX/SysTimer.o
    0x0800b1f4   0x00000008   Data   RO        21277    .rodata.__stderr_name  BUILD/B_L4S5I_IOT01A/ARMC6/mbed-os/platform/mbed_retarget.o
    0x0800b1fc   0x00000007   Data   RO        21275    .rodata.__stdin_name  BUILD/B_L4S5I_IOT01A/ARMC6/mbed-os/platform/mbed_retarget.o
    0x0800b203   0x00000008   Data   RO        21276    .rodata.__stdout_name  BUILD/B_L4S5I_IOT01A/ARMC6/mbed-os/platform/mbed_retarget.o
    0x0800b20b   0x00000001   PAD
    0x0800b20c   0x00000010   Data   RO        24911    .rodata.cst16       BUILD/B_L4S5I_IOT01A/ARMC6/mbed-os/targets/TARGET_STM/TARGET_STM32L4/device/stm32l4xx_hal_uart.o
    0x0800b21c   0x00000040   Data   RO        25828    .rodata.ll_pin_defines  BUILD/B_L4S5I_IOT01A/ARMC6/mbed-os/targets/TARGET_STM/pinmap.o
    0x0800b25c   0x00000008   Data   RO        20549    .rodata.lp_data     BUILD/B_L4S5I_IOT01A/ARMC6/mbed-os/hal/mbed_lp_ticker_api.o
    0x0800b264   0x00000024   Data   RO        20551    .rodata.lp_interface  BUILD/B_L4S5I_IOT01A/ARMC6/mbed-os/hal/mbed_lp_ticker_api.o
    0x0800b288   0x00000008   Data   RO        25795    .rodata.lp_ticker_get_info.info  BUILD/B_L4S5I_IOT01A/ARMC6/mbed-os/targets/TARGET_STM/lp_ticker.o
    0x0800b290   0x00000004   Data   RO        20868    .rodata.mbed_fault_context  BUILD/B_L4S5I_IOT01A/ARMC6/mbed-os/platform/TARGET_CORTEX_M/mbed_fault_handler.o
    0x0800b294   0x00000004   Data   RO        21832    .rodata.osRtxUserSVC  BUILD/B_L4S5I_IOT01A/ARMC6/mbed-os/rtos/TARGET_CORTEX/rtx5/RTX/Source/rtx_lib.o
    0x0800b298   0x00000024   Data   RO        21827    .rodata.os_idle_thread_attr  BUILD/B_L4S5I_IOT01A/ARMC6/mbed-os/rtos/TARGET_CORTEX/rtx5/RTX/Source/rtx_lib.o
    0x0800b2bc   0x00000018   Data   RO        21829    .rodata.os_timer_mq_attr  BUILD/B_L4S5I_IOT01A/ARMC6/mbed-os/rtos/TARGET_CORTEX/rtx5/RTX/Source/rtx_lib.o
    0x0800b2d4   0x00000024   Data   RO        21828    .rodata.os_timer_thread_attr  BUILD/B_L4S5I_IOT01A/ARMC6/mbed-os/rtos/TARGET_CORTEX/rtx5/RTX/Source/rtx_lib.o
    0x0800b2f8   0x0000008b   Data   RO          264    .rodata.str1.1      BUILD/B_L4S5I_IOT01A/ARMC6/main.o
    0x0800b383   0x00000045   Data   RO         1572    .rodata.str1.1      BUILD/B_L4S5I_IOT01A/ARMC6/mbed-os/drivers/SPI.o
    0x0800b3c8   0x00000022   Data   RO        20621    .rodata.str1.1      BUILD/B_L4S5I_IOT01A/ARMC6/mbed-os/hal/mbed_ticker_api.o
    0x0800b3ea   0x000000c8   Data   RO        20869    .rodata.str1.1      BUILD/B_L4S5I_IOT01A/ARMC6/mbed-os/platform/TARGET_CORTEX_M/mbed_fault_handler.o
    0x0800b4b2   0x0000019a   Data   RO        21055    .rodata.str1.1      BUILD/B_L4S5I_IOT01A/ARMC6/mbed-os/platform/mbed_error.o
    0x0800b64c   0x0000005c   Data   RO        21283    .rodata.str1.1      BUILD/B_L4S5I_IOT01A/ARMC6/mbed-os/platform/mbed_retarget.o
    0x0800b6a8   0x00000012   Data   RO        21463    .rodata.str1.1      BUILD/B_L4S5I_IOT01A/ARMC6/mbed-os/rtos/Mutex.o
    0x0800b6ba   0x00000138   Data   RO        21613    .rodata.str1.1      BUILD/B_L4S5I_IOT01A/ARMC6/mbed-os/rtos/TARGET_CORTEX/mbed_rtx_handlers.o
    0x0800b7f2   0x00000013   Data   RO        21833    .rodata.str1.1      BUILD/B_L4S5I_IOT01A/ARMC6/mbed-os/rtos/TARGET_CORTEX/rtx5/RTX/Source/rtx_lib.o
    0x0800b805   0x0000001e   Data   RO        22210    .rodata.str1.1      BUILD/B_L4S5I_IOT01A/ARMC6/mbed-os/rtos/ThisThread.o
    0x0800b823   0x00000039   Data   RO        25829    .rodata.str1.1      BUILD/B_L4S5I_IOT01A/ARMC6/mbed-os/targets/TARGET_STM/pinmap.o
    0x0800b85c   0x0000002a   Data   RO        25957    .rodata.str1.1      BUILD/B_L4S5I_IOT01A/ARMC6/mbed-os/targets/TARGET_STM/serial_api.o
    0x0800b886   0x00000002   PAD
    0x0800b888   0x0000000b   Data   RO        21820    .rodata.str1.4      BUILD/B_L4S5I_IOT01A/ARMC6/mbed-os/rtos/TARGET_CORTEX/rtx5/RTX/Source/rtx_kernel.o
    0x0800b893   0x00000001   PAD
    0x0800b894   0x00000008   Data   RO        20632    .rodata.us_data     BUILD/B_L4S5I_IOT01A/ARMC6/mbed-os/hal/mbed_us_ticker_api.o
    0x0800b89c   0x00000024   Data   RO        20634    .rodata.us_interface  BUILD/B_L4S5I_IOT01A/ARMC6/mbed-os/hal/mbed_us_ticker_api.o
    0x0800b8c0   0x00000008   Data   RO        26055    .rodata.us_ticker_get_info.info  BUILD/B_L4S5I_IOT01A/ARMC6/mbed-os/targets/TARGET_STM/us_ticker.o
    0x0800b8c8   0x00000040   Data   RO        28094    Region$$Table       anon$$obj.o
    0x0800b908   0x00000110   Data   RO        27718    locale$$data        c:\Users\Jay\AppData\Local\Mbed Studio\mbed-studio-tools\ac6\bin\..\lib\armlib\c_w.l(lc_ctype_c.o)
    0x0800ba18   0x0000001c   Data   RO        27921    locale$$data        c:\Users\Jay\AppData\Local\Mbed Studio\mbed-studio-tools\ac6\bin\..\lib\armlib\c_w.l(lc_numeric_c.o)
    0x0800ba34   0x00000004   Data   RO          265    .init_array         BUILD/B_L4S5I_IOT01A/ARMC6/main.o
    0x0800ba38   0x00000004   Data   RO          770    .init_array         BUILD/B_L4S5I_IOT01A/ARMC6/mbed-os/components/storage/blockdevice/COMPONENT_QSPIF/QSPIFBlockDevice.o
    0x0800ba3c   0x00000000   Data   RO        27478    .init_array         c:\Users\Jay\AppData\Local\Mbed Studio\mbed-studio-tools\ac6\bin\..\lib\armlib\c_w.l(init_aeabi.o)


    Execution Region RW_m_crash_data (Base: 0x10000188, Size: 0x00000100, Max: 0x00000100, ABSOLUTE)

    Base Addr    Size         Type   Attr      Idx    E Section Name        Object

    0x10000188   0x00000100   Zero   RW            1    RW_m_crash_data.bss  anon$$obj.o


    Execution Region RW_IRAM2 (Base: 0x10000288, Size: 0x00002058, Max: 0x00007d78, ABSOLUTE)

    Base Addr    Size         Type   Attr      Idx    E Section Name        Object

    0x10000288   0x00000004   Data   RW        27397    .data               c:\Users\Jay\AppData\Local\Mbed Studio\mbed-studio-tools\ac6\bin\..\lib\armlib\c_w.l(stdio_streams.o)
    0x1000028c   0x00000004   Data   RW        27705    .data               c:\Users\Jay\AppData\Local\Mbed Studio\mbed-studio-tools\ac6\bin\..\lib\armlib\c_w.l(streamlock.o)
    0x10000290   0x0000000c   Data   RW          187    .data.HTS221_H_Drv  BUILD/B_L4S5I_IOT01A/ARMC6/BSP_B-L475E-IOT01/Drivers/BSP/Components/hts221/hts221.o
    0x1000029c   0x00000034   Data   RW          240    .data.Lsm6dslAccDrv  BUILD/B_L4S5I_IOT01A/ARMC6/BSP_B-L475E-IOT01/Drivers/BSP/Components/lsm6dsl/lsm6dsl.o
    0x100002d0   0x00000004   Data   RW        25508    .data.SystemCoreClock  BUILD/B_L4S5I_IOT01A/ARMC6/mbed-os/targets/TARGET_STM/TARGET_STM32L4/device/system_stm32l4xx.o
    0x100002d4   0x00000004   Data   RW        20633    .data.irq_handler   BUILD/B_L4S5I_IOT01A/ARMC6/mbed-os/hal/mbed_us_ticker_api.o
    0x100002d8   0x000000a4   Data   RW        21821    .data.os            BUILD/B_L4S5I_IOT01A/ARMC6/mbed-os/rtos/TARGET_CORTEX/rtx5/RTX/Source/rtx_kernel.o
    0x1000037c   0x00000054   Zero   RW        27393    .bss                c:\Users\Jay\AppData\Local\Mbed Studio\mbed-studio-tools\ac6\bin\..\lib\armlib\c_w.l(stdio_streams.o)
    0x100003d0   0x00000054   Zero   RW        27395    .bss                c:\Users\Jay\AppData\Local\Mbed Studio\mbed-studio-tools\ac6\bin\..\lib\armlib\c_w.l(stdio_streams.o)
    0x10000424   0x00000004   Zero   RW           91    .bss.AccelerometerDrv  BUILD/B_L4S5I_IOT01A/ARMC6/BSP_B-L475E-IOT01/Drivers/BSP/B-L475E-IOT01/stm32l475e_iot01_accelero.o
    0x10000428   0x00000004   Zero   RW          102    .bss.GyroscopeDrv   BUILD/B_L4S5I_IOT01A/ARMC6/BSP_B-L475E-IOT01/Drivers/BSP/B-L475E-IOT01/stm32l475e_iot01_gyro.o
    0x1000042c   0x00000001   Zero   RW        25801    .bss.LPTICKER_inited  BUILD/B_L4S5I_IOT01A/ARMC6/mbed-os/targets/TARGET_STM/lp_ticker.o
    0x1000042d   0x00000003   PAD
    0x10000430   0x00000038   Zero   RW        21637    .bss._ZL13os_timer_data  BUILD/B_L4S5I_IOT01A/ARMC6/mbed-os/rtos/TARGET_CORTEX/mbed_rtx_idle.o
    0x10000468   0x00000028   Zero   RW        21280    .bss._ZL16filehandle_mutex  BUILD/B_L4S5I_IOT01A/ARMC6/mbed-os/platform/mbed_retarget.o
    0x10000490   0x00000004   Zero   RW        21636    .bss._ZL8os_timer   BUILD/B_L4S5I_IOT01A/ARMC6/mbed-os/rtos/TARGET_CORTEX/mbed_rtx_idle.o
    0x10000494   0x00000004   Zero   RW          767    .bss._ZN16QSPIFBlockDevice28_active_qspif_flash_csel_arrE  BUILD/B_L4S5I_IOT01A/ARMC6/mbed-os/components/storage/blockdevice/COMPONENT_QSPIF/QSPIFBlockDevice.o
    0x10000498   0x00000004   Zero   RW        20756    .bss._ZN4mbed8FileBase8_defaultE  BUILD/B_L4S5I_IOT01A/ARMC6/mbed-os/platform/FileBase.o
    0x1000049c   0x00000004   Zero   RW        21289    .bss._ZZL15default_consolevE7console  BUILD/B_L4S5I_IOT01A/ARMC6/mbed-os/platform/mbed_retarget.o
    0x100004a0   0x00001000   Zero   RW        21576    .bss._main_stack    BUILD/B_L4S5I_IOT01A/ARMC6/mbed-os/rtos/TARGET_CORTEX/mbed_rtos_rtx.o
    0x100014a0   0x000000e0   Zero   RW        21552    .bss._static_mutexes_mem  BUILD/B_L4S5I_IOT01A/ARMC6/mbed-os/rtos/TARGET_CORTEX/TOOLCHAIN_ARM_STD/mbed_boot_arm_std.o
    0x10001580   0x00000004   Zero   RW        25637    .bss.can_irq_ids    BUILD/B_L4S5I_IOT01A/ARMC6/mbed-os/targets/TARGET_STM/can_api.o
    0x10001584   0x00000001   Zero   RW        20523    .bss.critical_interrupts_enabled  BUILD/B_L4S5I_IOT01A/ARMC6/mbed-os/hal/mbed_critical_section_api.o
    0x10001585   0x00000003   PAD
    0x10001588   0x00000004   Zero   RW        21054    .bss.error_count    BUILD/B_L4S5I_IOT01A/ARMC6/mbed-os/platform/mbed_error.o
    0x1000158c   0x00000004   PAD
    0x10001590   0x00000040   Zero   RW        20635    .bss.events         BUILD/B_L4S5I_IOT01A/ARMC6/mbed-os/hal/mbed_us_ticker_api.o
    0x100015d0   0x00000040   Zero   RW        21053    .bss.first_error_ctx  BUILD/B_L4S5I_IOT01A/ARMC6/mbed-os/platform/mbed_error.o
    0x10001610   0x0000004c   Zero   RW           79    .bss.hI2cHandler    BUILD/B_L4S5I_IOT01A/ARMC6/BSP_B-L475E-IOT01/Drivers/BSP/B-L475E-IOT01/stm32l475e_iot01.o
    0x1000165c   0x00000001   Zero   RW        21052    .bss.is_reboot_error_valid  BUILD/B_L4S5I_IOT01A/ARMC6/mbed-os/platform/mbed_error.o
    0x1000165d   0x00000003   PAD
    0x10001660   0x0000001c   Zero   RW          263    .bss.led            BUILD/B_L4S5I_IOT01A/ARMC6/main.o
    0x1000167c   0x00000001   Zero   RW        25796    .bss.lp_Fired       BUILD/B_L4S5I_IOT01A/ARMC6/mbed-os/targets/TARGET_STM/lp_ticker.o
    0x1000167d   0x00000001   Zero   RW        25798    .bss.lp_cmpok       BUILD/B_L4S5I_IOT01A/ARMC6/mbed-os/targets/TARGET_STM/lp_ticker.o
    0x1000167e   0x00000002   PAD
    0x10001680   0x00000004   Zero   RW        21278    .bss.mbed_heap_start  BUILD/B_L4S5I_IOT01A/ARMC6/mbed-os/platform/mbed_retarget.o
    0x10001684   0x00000004   Zero   RW        25821    .bss.mbed_sdk_inited  BUILD/B_L4S5I_IOT01A/ARMC6/mbed-os/targets/TARGET_STM/mbed_overrides.o
    0x10001688   0x00000004   Zero   RW        21566    .bss.mbed_stack_isr_start  BUILD/B_L4S5I_IOT01A/ARMC6/mbed-os/rtos/TARGET_CORTEX/mbed_boot.o
    0x1000168c   0x00000040   Zero   RW        21826    .bss.os             BUILD/B_L4S5I_IOT01A/ARMC6/mbed-os/rtos/TARGET_CORTEX/rtx5/RTX/Source/rtx_lib.o
    0x100016cc   0x000001f0   Zero   RW        21550    .bss.os.libspace    BUILD/B_L4S5I_IOT01A/ARMC6/mbed-os/rtos/TARGET_CORTEX/TOOLCHAIN_ARM_STD/mbed_boot_arm_std.o
    0x100018bc   0x00000034   Zero   RW        21836    .bss.os.msgqueue.cb  BUILD/B_L4S5I_IOT01A/ARMC6/mbed-os/rtos/TARGET_CORTEX/rtx5/RTX/Source/rtx_lib.o
    0x100018f0   0x00000044   Zero   RW        21578    .bss.os.thread.cb   BUILD/B_L4S5I_IOT01A/ARMC6/mbed-os/rtos/TARGET_CORTEX/mbed_rtos_rtx.o
    0x10001934   0x00000088   Zero   RW        21834    .bss.os.thread.cb   BUILD/B_L4S5I_IOT01A/ARMC6/mbed-os/rtos/TARGET_CORTEX/rtx5/RTX/Source/rtx_lib.o
    0x100019bc   0x00000004   PAD
    0x100019c0   0x00000600   Zero   RW        21835    .bss.os.thread.stack  BUILD/B_L4S5I_IOT01A/ARMC6/mbed-os/rtos/TARGET_CORTEX/rtx5/RTX/Source/rtx_lib.o
    0x10001fc0   0x00000001   Zero   RW        21553    .bss.os_kernel_is_active.os_kernel_active  BUILD/B_L4S5I_IOT01A/ARMC6/mbed-os/rtos/TARGET_CORTEX/TOOLCHAIN_ARM_STD/mbed_boot_arm_std.o
    0x10001fc1   0x00000003   PAD
    0x10001fc4   0x00000004   Zero   RW        21579    .bss.singleton_mutex_id  BUILD/B_L4S5I_IOT01A/ARMC6/mbed-os/rtos/TARGET_CORTEX/mbed_rtos_rtx.o
    0x10001fc8   0x0000001c   Zero   RW        21575    .bss.singleton_mutex_obj  BUILD/B_L4S5I_IOT01A/ARMC6/mbed-os/rtos/TARGET_CORTEX/mbed_rtos_rtx.o
    0x10001fe4   0x00000024   Zero   RW        25958    .bss.stdio_uart     BUILD/B_L4S5I_IOT01A/ARMC6/mbed-os/targets/TARGET_STM/serial_api.o
    0x10002008   0x00000004   Zero   RW        26057    .bss.timer_cnt_reg  BUILD/B_L4S5I_IOT01A/ARMC6/mbed-os/targets/TARGET_STM/us_ticker.o
    0x1000200c   0x00000004   Zero   RW        26059    .bss.timer_dier_reg  BUILD/B_L4S5I_IOT01A/ARMC6/mbed-os/targets/TARGET_STM/us_ticker.o
    0x10002010   0x000002d0   Zero   RW        25568    .bss.uart_handlers  BUILD/B_L4S5I_IOT01A/ARMC6/mbed-os/targets/TARGET_STM/TARGET_STM32L4/serial_device.o


    Execution Region RW_IRAM1 (Base: 0x20000000, Size: 0x00000398, Max: 0x00006000, ABSOLUTE)

    Base Addr    Size         Type   Attr      Idx    E Section Name        Object

    0x20000000   0x00000004   Data   RW        27396    .data               c:\Users\Jay\AppData\Local\Mbed Studio\mbed-studio-tools\ac6\bin\..\lib\armlib\c_w.l(stdio_streams.o)
    0x20000004   0x00000004   Data   RW        27398    .data               c:\Users\Jay\AppData\Local\Mbed Studio\mbed-studio-tools\ac6\bin\..\lib\armlib\c_w.l(stdio_streams.o)
    0x20000008   0x00000010   Data   RW          188    .data.HTS221_T_Drv  BUILD/B_L4S5I_IOT01A/ARMC6/BSP_B-L475E-IOT01/Drivers/BSP/Components/hts221/hts221.o
    0x20000018   0x0000000c   Data   RW          216    .data.LPS22HB_P_Drv  BUILD/B_L4S5I_IOT01A/ARMC6/BSP_B-L475E-IOT01/Drivers/BSP/Components/lps22hb/lps22hb.o
    0x20000024   0x00000034   Data   RW          201    .data.Lis3mdlMagDrv  BUILD/B_L4S5I_IOT01A/ARMC6/BSP_B-L475E-IOT01/Drivers/BSP/Components/lis3mdl/lis3mdl.o
    0x20000058   0x00000034   Data   RW          241    .data.Lsm6dslGyroDrv  BUILD/B_L4S5I_IOT01A/ARMC6/BSP_B-L475E-IOT01/Drivers/BSP/Components/lsm6dsl/lsm6dsl.o
    0x2000008c   0x00000040   Data   RW        21288    .data._ZL11filehandles  BUILD/B_L4S5I_IOT01A/ARMC6/mbed-os/platform/mbed_retarget.o
    0x200000cc   0x00000004   Data   RW        21638    .data._ZL14idle_hook_fptr  BUILD/B_L4S5I_IOT01A/ARMC6/mbed-os/rtos/TARGET_CORTEX/mbed_rtx_idle.o
    0x200000d0   0x00000004   Data   RW        20550    .data.irq_handler   BUILD/B_L4S5I_IOT01A/ARMC6/mbed-os/hal/mbed_lp_ticker_api.o
    0x200000d4   0x00000054   Zero   RW        27394    .bss                c:\Users\Jay\AppData\Local\Mbed Studio\mbed-studio-tools\ac6\bin\..\lib\armlib\c_w.l(stdio_streams.o)
    0x20000128   0x00000060   Zero   RW        27599    .bss                c:\Users\Jay\AppData\Local\Mbed Studio\mbed-studio-tools\ac6\bin\..\lib\armlib\c_w.l(libspace.o)
    0x20000188   0x00000038   Zero   RW        25802    .bss.LptimHandle    BUILD/B_L4S5I_IOT01A/ARMC6/mbed-os/targets/TARGET_STM/lp_ticker.o
    0x200001c0   0x00000004   Zero   RW          121    .bss.MagnetoDrv     BUILD/B_L4S5I_IOT01A/ARMC6/BSP_B-L475E-IOT01/Drivers/BSP/B-L475E-IOT01/stm32l475e_iot01_magneto.o
    0x200001c4   0x00000001   Zero   RW        22178    .bss.PendST         BUILD/B_L4S5I_IOT01A/ARMC6/mbed-os/rtos/TARGET_CORTEX/rtx5/Source/os_systick.o
    0x200001c5   0x00000003   PAD
    0x200001c8   0x00000040   Zero   RW        26056    .bss.TimMasterHandle  BUILD/B_L4S5I_IOT01A/ARMC6/mbed-os/targets/TARGET_STM/us_ticker.o
    0x20000208   0x00000004   Zero   RW        21290    .bss._ZGVZL15default_consolevE7console  BUILD/B_L4S5I_IOT01A/ARMC6/mbed-os/platform/mbed_retarget.o
    0x2000020c   0x00000004   Zero   RW        20754    .bss._ZN4mbed8FileBase5_headE  BUILD/B_L4S5I_IOT01A/ARMC6/mbed-os/platform/FileBase.o
    0x20000210   0x00000028   Zero   RW        20755    .bss._ZN4mbed8FileBase6_mutexE  BUILD/B_L4S5I_IOT01A/ARMC6/mbed-os/platform/FileBase.o
    0x20000238   0x00000024   Zero   RW        21577    .bss._main_thread_attr  BUILD/B_L4S5I_IOT01A/ARMC6/mbed-os/rtos/TARGET_CORTEX/mbed_rtos_rtx.o
    0x2000025c   0x00000020   Zero   RW        21551    .bss._static_mutexes  BUILD/B_L4S5I_IOT01A/ARMC6/mbed-os/rtos/TARGET_CORTEX/TOOLCHAIN_ARM_STD/mbed_boot_arm_std.o
    0x2000027c   0x00000004   Zero   RW        21003    .bss.critical_section_reentrancy_counter  BUILD/B_L4S5I_IOT01A/ARMC6/mbed-os/platform/mbed_critical.o
    0x20000280   0x00000002   Zero   RW        21350    .bss.deep_sleep_lock  BUILD/B_L4S5I_IOT01A/ARMC6/mbed-os/platform/mbed_sleep_manager.o
    0x20000282   0x00000002   PAD
    0x20000284   0x00000004   Zero   RW        21056    .bss.error_hook     BUILD/B_L4S5I_IOT01A/ARMC6/mbed-os/platform/mbed_error.o
    0x20000288   0x00000001   Zero   RW        21050    .bss.error_in_progress  BUILD/B_L4S5I_IOT01A/ARMC6/mbed-os/platform/mbed_error.o
    0x20000289   0x00000007   PAD
    0x20000290   0x00000040   Zero   RW        20552    .bss.events         BUILD/B_L4S5I_IOT01A/ARMC6/mbed-os/hal/mbed_lp_ticker_api.o
    0x200002d0   0x00000001   Zero   RW        21057    .bss.halt_in_progress  BUILD/B_L4S5I_IOT01A/ARMC6/mbed-os/platform/mbed_error.o
    0x200002d1   0x00000003   PAD
    0x200002d4   0x00000004   Zero   RW        25636    .bss.irq_handler    BUILD/B_L4S5I_IOT01A/ARMC6/mbed-os/targets/TARGET_STM/can_api.o
    0x200002d8   0x00000040   Zero   RW        21051    .bss.last_error_ctx  BUILD/B_L4S5I_IOT01A/ARMC6/mbed-os/platform/mbed_error.o
    0x20000318   0x00000004   Zero   RW        25799    .bss.lp_delayed_counter  BUILD/B_L4S5I_IOT01A/ARMC6/mbed-os/targets/TARGET_STM/lp_ticker.o
    0x2000031c   0x00000001   Zero   RW        25797    .bss.lp_delayed_prog  BUILD/B_L4S5I_IOT01A/ARMC6/mbed-os/targets/TARGET_STM/lp_ticker.o
    0x2000031d   0x00000003   PAD
    0x20000320   0x00000004   Zero   RW        21279    .bss.mbed_heap_size  BUILD/B_L4S5I_IOT01A/ARMC6/mbed-os/platform/mbed_retarget.o
    0x20000324   0x00000004   Zero   RW        21567    .bss.mbed_stack_isr_size  BUILD/B_L4S5I_IOT01A/ARMC6/mbed-os/rtos/TARGET_CORTEX/mbed_boot.o
    0x20000328   0x00000050   Zero   RW        21837    .bss.os.msgqueue.mem  BUILD/B_L4S5I_IOT01A/ARMC6/mbed-os/rtos/TARGET_CORTEX/rtx5/RTX/Source/rtx_lib.o
    0x20000378   0x00000010   Zero   RW        21574    .bss.singleton_mutex_attr  BUILD/B_L4S5I_IOT01A/ARMC6/mbed-os/rtos/TARGET_CORTEX/mbed_rtos_rtx.o
    0x20000388   0x00000001   Zero   RW        25800    .bss.sleep_manager_locked  BUILD/B_L4S5I_IOT01A/ARMC6/mbed-os/targets/TARGET_STM/lp_ticker.o
    0x20000389   0x00000001   Zero   RW        20522    .bss.state_saved    BUILD/B_L4S5I_IOT01A/ARMC6/mbed-os/hal/mbed_critical_section_api.o
    0x2000038a   0x00000002   PAD
    0x2000038c   0x00000004   Zero   RW        25956    .bss.stdio_uart_inited  BUILD/B_L4S5I_IOT01A/ARMC6/mbed-os/targets/TARGET_STM/serial_api.o
    0x20000390   0x00000004   Zero   RW        21612    .bss.terminate_hook  BUILD/B_L4S5I_IOT01A/ARMC6/mbed-os/rtos/TARGET_CORTEX/mbed_rtx_handlers.o
    0x20000394   0x00000004   Zero   RW        26058    .bss.timer_ccr1_reg  BUILD/B_L4S5I_IOT01A/ARMC6/mbed-os/targets/TARGET_STM/us_ticker.o


    Execution Region ARM_LIB_HEAP (Base: 0x200003a0, Size: 0x00017860, Max: 0x00017860, ABSOLUTE)

    Base Addr    Size         Type   Attr      Idx    E Section Name        Object

    0x200003a0   0x00017860   Zero   RW            2    ARM_LIB_HEAP.bss    anon$$obj.o


    Execution Region ARM_LIB_STACK (Base: 0x20017c00, Size: 0x00000400, Max: 0x00000400, ABSOLUTE)

    Base Addr    Size         Type   Attr      Idx    E Section Name        Object

    0x20017c00   0x00000400   Zero   RW            3    ARM_LIB_STACK.bss   anon$$obj.o


==============================================================================

Image component sizes


      Code (inc. data)   RO Data    RW Data    ZI Data      Debug   

     33094       2246       2912        440     106028      30072   Object Totals
         0          0         64          0      97632          0   (incl. Generated)
        94          0          4          0         42          0   (incl. Padding)
     11118        530        552         16        348       8656   Library Totals
        22          0          1          0          0          0   (incl. Padding)

==============================================================================


      Code (inc. data)   RO Data    RW Data    ZI Data      Debug   

     44212       2776       3464        456     106376      32140   Grand Totals
     44212       2776       3464        456     106376      32140   ELF Image Totals
     44212       2776       3464        456          0          0   ROM Totals

==============================================================================

    Total RO  Size (Code + RO Data)                47676 (  46.56kB)
    Total RW  Size (RW Data + ZI Data)            106832 ( 104.33kB)
    Total ROM Size (Code + RO Data + RW Data)      48132 (  47.00kB)

==============================================================================

