Component: ARM Compiler 6.16 Tool: armlink [5dfeaa00]

==============================================================================

Memory Map of the image

  Image Entry point : 0x080001bd

  Load Region LR_IROM1 (Base: 0x08000000, Size: 0x00017d14, Max: 0x00200000, ABSOLUTE, COMPRESSED[0x00017ba4])

    Execution Region ER_IROM1 (Base: 0x08000000, Size: 0x00017adc, Max: 0x00200000, ABSOLUTE)

    Base Addr    Size         Type   Attr      Idx    E Section Name        Object

    0x08000000   0x000001bc   Data   RO        35831    RESET               BUILD/B_L4S5I_IOT01A/ARMC6/mbed-os/targets/TARGET_STM/TARGET_STM32L4/TARGET_STM32L4S5xI/TOOLCHAIN_ARM/startup_stm32l4s5xx.o
    0x080001bc   0x00000008   Code   RO        36892  * !!!main             c:\Users\Jay\AppData\Local\Mbed Studio\mbed-studio-tools\ac6\bin\..\lib\armlib\c_w.l(__main.o)
    0x080001c4   0x00000034   Code   RO        37880    !!!scatter          c:\Users\Jay\AppData\Local\Mbed Studio\mbed-studio-tools\ac6\bin\..\lib\armlib\c_w.l(__scatter.o)
    0x080001f8   0x0000003a   Code   RO        37878    !!dczerorl          c:\Users\Jay\AppData\Local\Mbed Studio\mbed-studio-tools\ac6\bin\..\lib\armlib\c_w.l(__dczerorl.o)
    0x08000232   0x00000002   PAD
    0x08000234   0x0000001c   Code   RO        37882    !!handler_zi        c:\Users\Jay\AppData\Local\Mbed Studio\mbed-studio-tools\ac6\bin\..\lib\armlib\c_w.l(__scatter_zi.o)
    0x08000250   0x00000000   Code   RO        36760    .ARM.Collect$$_printf_percent$$00000000  c:\Users\Jay\AppData\Local\Mbed Studio\mbed-studio-tools\ac6\bin\..\lib\armlib\c_w.l(_printf_percent.o)
    0x08000250   0x00000006   Code   RO        36752    .ARM.Collect$$_printf_percent$$00000001  c:\Users\Jay\AppData\Local\Mbed Studio\mbed-studio-tools\ac6\bin\..\lib\armlib\c_w.l(_printf_n.o)
    0x08000256   0x00000006   Code   RO        36754    .ARM.Collect$$_printf_percent$$00000002  c:\Users\Jay\AppData\Local\Mbed Studio\mbed-studio-tools\ac6\bin\..\lib\armlib\c_w.l(_printf_p.o)
    0x0800025c   0x00000006   Code   RO        36759    .ARM.Collect$$_printf_percent$$00000003  c:\Users\Jay\AppData\Local\Mbed Studio\mbed-studio-tools\ac6\bin\..\lib\armlib\c_w.l(_printf_f.o)
    0x08000262   0x00000006   Code   RO        37112    .ARM.Collect$$_printf_percent$$00000004  c:\Users\Jay\AppData\Local\Mbed Studio\mbed-studio-tools\ac6\bin\..\lib\armlib\c_w.l(_printf_e.o)
    0x08000268   0x00000006   Code   RO        37113    .ARM.Collect$$_printf_percent$$00000005  c:\Users\Jay\AppData\Local\Mbed Studio\mbed-studio-tools\ac6\bin\..\lib\armlib\c_w.l(_printf_g.o)
    0x0800026e   0x00000006   Code   RO        37114    .ARM.Collect$$_printf_percent$$00000006  c:\Users\Jay\AppData\Local\Mbed Studio\mbed-studio-tools\ac6\bin\..\lib\armlib\c_w.l(_printf_a.o)
    0x08000274   0x0000000a   Code   RO        37119    .ARM.Collect$$_printf_percent$$00000007  c:\Users\Jay\AppData\Local\Mbed Studio\mbed-studio-tools\ac6\bin\..\lib\armlib\c_w.l(_printf_ll.o)
    0x0800027e   0x00000006   Code   RO        36756    .ARM.Collect$$_printf_percent$$00000008  c:\Users\Jay\AppData\Local\Mbed Studio\mbed-studio-tools\ac6\bin\..\lib\armlib\c_w.l(_printf_i.o)
    0x08000284   0x00000006   Code   RO        36757    .ARM.Collect$$_printf_percent$$00000009  c:\Users\Jay\AppData\Local\Mbed Studio\mbed-studio-tools\ac6\bin\..\lib\armlib\c_w.l(_printf_d.o)
    0x0800028a   0x00000006   Code   RO        36758    .ARM.Collect$$_printf_percent$$0000000A  c:\Users\Jay\AppData\Local\Mbed Studio\mbed-studio-tools\ac6\bin\..\lib\armlib\c_w.l(_printf_u.o)
    0x08000290   0x00000006   Code   RO        36755    .ARM.Collect$$_printf_percent$$0000000B  c:\Users\Jay\AppData\Local\Mbed Studio\mbed-studio-tools\ac6\bin\..\lib\armlib\c_w.l(_printf_o.o)
    0x08000296   0x00000006   Code   RO        36753    .ARM.Collect$$_printf_percent$$0000000C  c:\Users\Jay\AppData\Local\Mbed Studio\mbed-studio-tools\ac6\bin\..\lib\armlib\c_w.l(_printf_x.o)
    0x0800029c   0x00000006   Code   RO        37116    .ARM.Collect$$_printf_percent$$0000000D  c:\Users\Jay\AppData\Local\Mbed Studio\mbed-studio-tools\ac6\bin\..\lib\armlib\c_w.l(_printf_lli.o)
    0x080002a2   0x00000006   Code   RO        37117    .ARM.Collect$$_printf_percent$$0000000E  c:\Users\Jay\AppData\Local\Mbed Studio\mbed-studio-tools\ac6\bin\..\lib\armlib\c_w.l(_printf_lld.o)
    0x080002a8   0x00000006   Code   RO        37118    .ARM.Collect$$_printf_percent$$0000000F  c:\Users\Jay\AppData\Local\Mbed Studio\mbed-studio-tools\ac6\bin\..\lib\armlib\c_w.l(_printf_llu.o)
    0x080002ae   0x00000006   Code   RO        37122    .ARM.Collect$$_printf_percent$$00000010  c:\Users\Jay\AppData\Local\Mbed Studio\mbed-studio-tools\ac6\bin\..\lib\armlib\c_w.l(_printf_llo.o)
    0x080002b4   0x00000006   Code   RO        37123    .ARM.Collect$$_printf_percent$$00000011  c:\Users\Jay\AppData\Local\Mbed Studio\mbed-studio-tools\ac6\bin\..\lib\armlib\c_w.l(_printf_llx.o)
[...]
    0x0800e21e   0x00000002   PAD
    0x0800e220   0x00000148   Code   RO        25483    .text._ZN9TCPSocket6acceptEPi  BUILD/B_L4S5I_IOT01A/ARMC6/mbed-os/connectivity/netsocket/source/TCPSocket.o
    0x0800e368   0x00000034   Code   RO        25481    .text._ZN9TCPSocket6listenEi  BUILD/B_L4S5I_IOT01A/ARMC6/mbed-os/connectivity/netsocket/source/TCPSocket.o
    0x0800e39c   0x0000000c   Code   RO        25471    .text._ZN9TCPSocket6sendtoERK13SocketAddressPKvj  BUILD/B_L4S5I_IOT01A/ARMC6/mbed-os/connectivity/netsocket/source/TCPSocket.o
    0x0800e3a8   0x000000f4   Code   RO        25467    .text._ZN9TCPSocket7connectERK13SocketAddress  BUILD/B_L4S5I_IOT01A/ARMC6/mbed-os/connectivity/netsocket/source/TCPSocket.o
    0x0800e49c   0x00000026   Code   RO        25477    .text._ZN9TCPSocket8recvfromEP13SocketAddressPvj  BUILD/B_L4S5I_IOT01A/ARMC6/mbed-os/connectivity/netsocket/source/TCPSocket.o
    0x0800e4c2   0x00000004   Code   RO        25465    .text._ZN9TCPSocket9get_protoEv  BUILD/B_L4S5I_IOT01A/ARMC6/mbed-os/connectivity/netsocket/source/TCPSocket.o
    0x0800e4c6   0x00000068   Code   RO        25463    .text._ZN9TCPSocketC2EPS_Pv13SocketAddress  BUILD/B_L4S5I_IOT01A/ARMC6/mbed-os/connectivity/netsocket/source/TCPSocket.o
    0x0800e52e   0x00000014   Code   RO        25461    .text._ZN9TCPSocketC2Ev  BUILD/B_L4S5I_IOT01A/ARMC6/mbed-os/connectivity/netsocket/source/TCPSocket.o
    0x0800e542   0x0000000e   Code   RO        25488    .text._ZN9TCPSocketD0Ev  BUILD/B_L4S5I_IOT01A/ARMC6/mbed-os/connectivity/netsocket/source/TCPSocket.o
    0x0800e550   0x00000004   Code   RO        25585    .text._ZN9UDPSocket9get_protoEv  BUILD/B_L4S5I_IOT01A/ARMC6/mbed-os/connectivity/netsocket/source/UDPSocket.o
    0x0800e554   0x00000014   Code   RO        25583    .text._ZN9UDPSocketC2Ev  BUILD/B_L4S5I_IOT01A/ARMC6/mbed-os/connectivity/netsocket/source/UDPSocket.o
    0x0800e568   0x0000000e   Code   RO        25589    .text._ZN9UDPSocketD0Ev  BUILD/B_L4S5I_IOT01A/ARMC6/mbed-os/connectivity/netsocket/source/UDPSocket.o
    0x0800e576   0x0000003a   Code   RO        29729    .text._ZNK12DirectSerial4pollEs  BUILD/B_L4S5I_IOT01A/ARMC6/mbed-os/platform/source/mbed_retarget.o
    0x0800e5b0   0x00000058   Code   RO        26900    .text._ZNK12SingletonPtrIN4mbed14CircularBufferINS0_11TransactionINS0_3SPIEEELj2EjEEE3getEv  BUILD/B_L4S5I_IOT01A/ARMC6/mbed-os/drivers/source/SPI.o
    0x0800e608   0x00000054   Code   RO        25675    .text._ZNK12SingletonPtrIN4mbed8CallbackIFiiNS1_IFvvEEEEEEE3getEv  BUILD/B_L4S5I_IOT01A/ARMC6/mbed-os/connectivity/netsocket/source/nsapi_dns.o
    0x0800e65c   0x00000056   Code   RO        25683    .text._ZNK12SingletonPtrIN4rtos5MutexEE3getEv  BUILD/B_L4S5I_IOT01A/ARMC6/mbed-os/connectivity/netsocket/source/nsapi_dns.o
    0x0800e6b2   0x00000036   Code   RO        25448    .text._ZNK13SocketAddress14get_ip_addressEv  BUILD/B_L4S5I_IOT01A/ARMC6/mbed-os/connectivity/netsocket/source/SocketAddress.o
    0x0800e6e8   0x0000004e   Code   RO        25450    .text._ZNK13SocketAddresscvbEv  BUILD/B_L4S5I_IOT01A/ARMC6/mbed-os/connectivity/netsocket/source/SocketAddress.o
    0x0800e736   0x0000000a   Code   RO        25233    .text._ZNK16NetworkInterface21get_connection_statusEv  BUILD/B_L4S5I_IOT01A/ARMC6/mbed-os/connectivity/netsocket/source/NetworkInterface.o
    0x0800e740   0x0000001e   Code   RO          358    .text._ZNK17ISM43362Interface21get_connection_statusEv  BUILD/B_L4S5I_IOT01A/ARMC6/COMPONENT_ism43362/ISM43362Interface.o
    0x0800e75e   0x00000004   Code   RO        27154    .text._ZNK4mbed10FileHandle11is_blockingEv  BUILD/B_L4S5I_IOT01A/ARMC6/mbed-os/drivers/source/UnbufferedSerial.o
    0x0800e762   0x0000005a   Code   RO        29328    .text._ZNK4mbed8internal8SysTimerINSt3__25ratioILx1ELx1000EEELb1EE14_elapsed_ticksEv  BUILD/B_L4S5I_IOT01A/ARMC6/mbed-os/platform/source/SysTimer.o
    0x0800e7bc   0x00000012   Code   RO        29308    .text._ZNK4mbed8internal8SysTimerINSt3__25ratioILx1ELx1000EEELb1EE8get_tickEv  BUILD/B_L4S5I_IOT01A/ARMC6/mbed-os/platform/source/SysTimer.o
    0x0800e7ce   0x00000012   Code   RO        29332    .text._ZNK4mbed8internal8SysTimerINSt3__25ratioILx1ELx1000EEELb1EE8get_timeEv  BUILD/B_L4S5I_IOT01A/ARMC6/mbed-os/platform/source/SysTimer.o
    0x0800e7e0   0x00000032   Code   RO        27063    .text._ZNK4mbed9TimerBase12elapsed_timeEv  BUILD/B_L4S5I_IOT01A/ARMC6/mbed-os/drivers/source/Timer.o
    0x0800e812   0x00000034   Code   RO        27059    .text._ZNK4mbed9TimerBase9slicetimeEv  BUILD/B_L4S5I_IOT01A/ARMC6/mbed-os/drivers/source/Timer.o
    0x0800e846   0x00000084   Code   RO        30171    .text._ZNK4rtos6Thread9get_stateEv  BUILD/B_L4S5I_IOT01A/ARMC6/mbed-os/rtos/source/Thread.o
    0x0800e8ca   0x00000002   PAD
    0x0800e8cc   0x0000003c   Code   RO          803    .text._ZNK8ISM4336217connection_statusEv  BUILD/B_L4S5I_IOT01A/ARMC6/COMPONENT_ism43362/ISM43362/ISM43362.o
    0x0800e908   0x00000006   Code   RO          288    .text._ZThn4_N17ISM43362Interface10disconnectEv  BUILD/B_L4S5I_IOT01A/ARMC6/COMPONENT_ism43362/ISM43362Interface.o
    0x0800e90e   0x0000000a   Code   RO          282    .text._ZThn4_N17ISM43362Interface11set_channelEh  BUILD/B_L4S5I_IOT01A/ARMC6/COMPONENT_ism43362/ISM43362Interface.o
    0x0800e918   0x00000006   Code   RO          278    .text._ZThn4_N17ISM43362Interface15set_credentialsEPKcS1_14nsapi_security  BUILD/B_L4S5I_IOT01A/ARMC6/COMPONENT_ism43362/ISM43362Interface.o
    0x0800e91e   0x0000002c   Code   RO          322    .text._ZThn4_N17ISM43362Interface4scanEP15WiFiAccessPointj  BUILD/B_L4S5I_IOT01A/ARMC6/COMPONENT_ism43362/ISM43362Interface.o
    0x0800e94a   0x0000002e   Code   RO          268    .text._ZThn4_N17ISM43362Interface7connectEPKcS1_14nsapi_securityh  BUILD/B_L4S5I_IOT01A/ARMC6/COMPONENT_ism43362/ISM43362Interface.o
    0x0800e978   0x00000006   Code   RO          274    .text._ZThn4_N17ISM43362Interface7connectEv  BUILD/B_L4S5I_IOT01A/ARMC6/COMPONENT_ism43362/ISM43362Interface.o
    0x0800e97e   0x00000020   Code   RO          318    .text._ZThn4_N17ISM43362Interface8get_rssiEv  BUILD/B_L4S5I_IOT01A/ARMC6/COMPONENT_ism43362/ISM43362Interface.o
    0x0800e99e   0x0000004e   Code   RO          402    .text._ZThn4_N17ISM43362InterfaceD0Ev  BUILD/B_L4S5I_IOT01A/ARMC6/COMPONENT_ism43362/ISM43362Interface.o
    0x0800e9ec   0x00000042   Code   RO          400    .text._ZThn4_N17ISM43362InterfaceD1Ev  BUILD/B_L4S5I_IOT01A/ARMC6/COMPONENT_ism43362/ISM43362Interface.o
    0x0800ea2e   0x0000000a   Code   RO          404    .text._ZTv0_n124_N17ISM43362Interface9get_stackEv  BUILD/B_L4S5I_IOT01A/ARMC6/COMPONENT_ism43362/ISM43362Interface.o
    0x0800ea38   0x0000000c   Code   RO          298    .text._ZTv0_n44_N17ISM43362Interface15get_mac_addressEv  BUILD/B_L4S5I_IOT01A/ARMC6/COMPONENT_ism43362/ISM43362Interface.o
    0x0800ea44   0x0000000c   Code   RO          294    .text._ZTv0_n52_N17ISM43362Interface14get_ip_addressEP13SocketAddress  BUILD/B_L4S5I_IOT01A/ARMC6/COMPONENT_ism43362/ISM43362Interface.o
    0x0800ea50   0x0000000c   Code   RO          310    .text._ZTv0_n60_N17ISM43362Interface11get_netmaskEP13SocketAddress  BUILD/B_L4S5I_IOT01A/ARMC6/COMPONENT_ism43362/ISM43362Interface.o
    0x0800ea5c   0x0000000c   Code   RO          304    .text._ZTv0_n64_N17ISM43362Interface11get_gatewayEP13SocketAddress  BUILD/B_L4S5I_IOT01A/ARMC6/COMPONENT_ism43362/ISM43362Interface.o
    0x0800ea68   0x0000000e   Code   RO          314    .text._ZTv0_n68_N17ISM43362Interface18get_interface_nameEPc  BUILD/B_L4S5I_IOT01A/ARMC6/COMPONENT_ism43362/ISM43362Interface.o
    0x0800ea76   0x0000001e   Code   RO          356    .text._ZTv0_n92_N17ISM43362Interface6attachEN4mbed8CallbackIFv11nsapi_eventiEEE  BUILD/B_L4S5I_IOT01A/ARMC6/COMPONENT_ism43362/ISM43362Interface.o
    0x0800ea94   0x00000024   Code   RO          360    .text._ZTv0_n96_NK17ISM43362Interface21get_connection_statusEv  BUILD/B_L4S5I_IOT01A/ARMC6/COMPONENT_ism43362/ISM43362Interface.o
    0x0800eab8   0x00000004   Code   RO        29869    .text._ZdaPv        BUILD/B_L4S5I_IOT01A/ARMC6/mbed-os/platform/source/mbed_retarget.o
    0x0800eabc   0x00000004   Code   RO        29813    .text._ZdlPv        BUILD/B_L4S5I_IOT01A/ARMC6/mbed-os/platform/source/mbed_retarget.o
    0x0800eac0   0x0000004e   Code   RO        25454    .text._ZeqRK13SocketAddressS1_  BUILD/B_L4S5I_IOT01A/ARMC6/mbed-os/connectivity/netsocket/source/SocketAddress.o
    0x0800eb0e   0x00000002   PAD
    0x0800eb10   0x0000004c   Code   RO        29863    .text._Znaj         BUILD/B_L4S5I_IOT01A/ARMC6/mbed-os/platform/source/mbed_retarget.o
    0x0800eb5c   0x00000004   Code   RO        29865    .text._ZnajRKSt9nothrow_t  BUILD/B_L4S5I_IOT01A/ARMC6/mbed-os/platform/source/mbed_retarget.o
    0x0800eb60   0x0000000c   Code   RO        25456    .text._ZneRK13SocketAddressS1_  BUILD/B_L4S5I_IOT01A/ARMC6/mbed-os/connectivity/netsocket/source/SocketAddress.o
    0x0800eb6c   0x0000004c   Code   RO        29861    .text._Znwj         BUILD/B_L4S5I_IOT01A/ARMC6/mbed-os/platform/source/mbed_retarget.o
    0x0800ebb8   0x00000004   Code   RO        29811    .text._ZnwjRKSt9nothrow_t  BUILD/B_L4S5I_IOT01A/ARMC6/mbed-os/platform/source/mbed_retarget.o
    0x0800ebbc   0x0000007c   Code   RO        29855    .text.__cxa_guard_acquire  BUILD/B_L4S5I_IOT01A/ARMC6/mbed-os/platform/source/mbed_retarget.o
    0x0800ec38   0x00000046   Code   RO        29857    .text.__cxa_guard_release  BUILD/B_L4S5I_IOT01A/ARMC6/mbed-os/platform/source/mbed_retarget.o
    0x0800ec7e   0x00000002   PAD
    0x0800ec80   0x00000028   Code   RO        37022    .text.__cxa_pure_virtual  c:\Users\Jay\AppData\Local\Mbed Studio\mbed-studio-tools\ac6\bin\..\lib\libcxx\libcppabi_w.l(cxa_virtual.cpp.o)
    0x0800eca8   0x0000004e   Code   RO         1365    .text.__rt_entry    BUILD/B_L4S5I_IOT01A/ARMC6/mbed-os/cmsis/device/rtos/TOOLCHAIN_ARM_STD/mbed_boot_arm_std.o
    0x0800ecf6   0x00000002   PAD
    0x0800ecf8   0x00000068   Code   RO         1369    .text.__user_perthread_libspace  BUILD/B_L4S5I_IOT01A/ARMC6/mbed-os/cmsis/device/rtos/TOOLCHAIN_ARM_STD/mbed_boot_arm_std.o
    0x0800ed60   0x00000004   Code   RO        29791    .text.__user_setup_stackheap  BUILD/B_L4S5I_IOT01A/ARMC6/mbed-os/platform/source/mbed_retarget.o
    0x0800ed64   0x00000032   Code   RO        29787    .text._mbed_user_setup_stackheap  BUILD/B_L4S5I_IOT01A/ARMC6/mbed-os/platform/source/mbed_retarget.o
    0x0800ed96   0x00000034   Code   RO         1373    .text._mutex_acquire  BUILD/B_L4S5I_IOT01A/ARMC6/mbed-os/cmsis/device/rtos/TOOLCHAIN_ARM_STD/mbed_boot_arm_std.o
    0x0800edca   0x00000002   PAD
    0x0800edcc   0x00000042   Code   RO         1377    .text._mutex_free   BUILD/B_L4S5I_IOT01A/ARMC6/mbed-os/cmsis/device/rtos/TOOLCHAIN_ARM_STD/mbed_boot_arm_std.o
    0x0800ee0e   0x00000002   PAD
    0x0800ee10   0x000000a4   Code   RO         1371    .text._mutex_initialize  BUILD/B_L4S5I_IOT01A/ARMC6/mbed-os/cmsis/device/rtos/TOOLCHAIN_ARM_STD/mbed_boot_arm_std.o
    0x0800eeb4   0x00000030   Code   RO         1375    .text._mutex_release  BUILD/B_L4S5I_IOT01A/ARMC6/mbed-os/cmsis/device/rtos/TOOLCHAIN_ARM_STD/mbed_boot_arm_std.o
    0x0800eee4   0x00000004   Code   RO          997    .text._platform_post_stackheap_init  BUILD/B_L4S5I_IOT01A/ARMC6/mbed-os/cmsis/CMSIS_5/CMSIS/RTOS2/RTX/Source/rtx_lib.o
    0x0800eee8   0x00000004   Code   RO        29879    .text._scanf_mbtowc  BUILD/B_L4S5I_IOT01A/ARMC6/mbed-os/platform/source/mbed_retarget.o
    0x0800eeec   0x00000004   Code   RO        29757    .text._sys_close    BUILD/B_L4S5I_IOT01A/ARMC6/mbed-os/platform/source/mbed_retarget.o
    0x0800eef0   0x00000002   Code   RO        29765    .text._sys_exit     BUILD/B_L4S5I_IOT01A/ARMC6/mbed-os/platform/source/mbed_retarget.o
    0x0800eef2   0x0000002a   Code   RO        29785    .text._sys_flen     BUILD/B_L4S5I_IOT01A/ARMC6/mbed-os/platform/source/mbed_retarget.o
    0x0800ef1c   0x00000004   Code   RO        29773    .text._sys_istty    BUILD/B_L4S5I_IOT01A/ARMC6/mbed-os/platform/source/mbed_retarget.o
    0x0800ef20   0x0000008a   Code   RO        29753    .text._sys_open     BUILD/B_L4S5I_IOT01A/ARMC6/mbed-os/platform/source/mbed_retarget.o
    0x0800efaa   0x00000006   Code   RO        29775    .text._sys_seek     BUILD/B_L4S5I_IOT01A/ARMC6/mbed-os/platform/source/mbed_retarget.o
    0x0800efb0   0x00000130   Code   RO        29761    .text._sys_write    BUILD/B_L4S5I_IOT01A/ARMC6/mbed-os/platform/source/mbed_retarget.o
    0x0800f0e0   0x00000018   Code   RO        29767    .text._ttywrch      BUILD/B_L4S5I_IOT01A/ARMC6/mbed-os/platform/source/mbed_retarget.o
    0x0800f0f8   0x00000016   Code   RO        29966    .text._wait_us_ticks  BUILD/B_L4S5I_IOT01A/ARMC6/mbed-os/platform/source/mbed_wait_api_no_rtos.o
    0x0800f10e   0x00000004   Code   RO        37314    .text.abort_message  c:\Users\Jay\AppData\Local\Mbed Studio\mbed-studio-tools\ac6\bin\..\lib\libcxx\libcppabi_w.l(abort_message.cpp.o)
    0x0800f112   0x00000002   Code   RO        28964    .text.block_us_ticker_free  BUILD/B_L4S5I_IOT01A/ARMC6/mbed-os/hal/source/mbed_us_ticker_api.o
    0x0800f114   0x00000134   Code   RO        36089    .text.can_irq       BUILD/B_L4S5I_IOT01A/ARMC6/mbed-os/targets/TARGET_STM/can_api.o
    0x0800f248   0x0000003c   Code   RO        29759    .text.close         BUILD/B_L4S5I_IOT01A/ARMC6/mbed-os/platform/source/mbed_retarget.o
    0x0800f284   0x0000000a   Code   RO        10046    .text.common_write_16_bit  BUILD/B_L4S5I_IOT01A/ARMC6/mbed-os/connectivity/libraries/nanostack-libservice/source/libBits/common_functions.o
    0x0800f28e   0x0000000c   Code   RO        29565    .text.core_util_are_interrupts_enabled  BUILD/B_L4S5I_IOT01A/ARMC6/mbed-os/platform/source/mbed_critical.o
    0x0800f29a   0x00000016   Code   RO        29520    .text.core_util_atomic_load_u64  BUILD/B_L4S5I_IOT01A/ARMC6/mbed-os/platform/source/mbed_atomic_impl.o
    0x0800f2b0   0x00000088   Code   RO        29571    .text.core_util_critical_section_enter  BUILD/B_L4S5I_IOT01A/ARMC6/mbed-os/platform/source/mbed_critical.o
    0x0800f338   0x00000018   Code   RO        29573    .text.core_util_critical_section_exit  BUILD/B_L4S5I_IOT01A/ARMC6/mbed-os/platform/source/mbed_critical.o
    0x0800f350   0x0000000c   Code   RO        29567    .text.core_util_is_isr_active  BUILD/B_L4S5I_IOT01A/ARMC6/mbed-os/platform/source/mbed_critical.o
    0x0800f35c   0x00000054   Code   RO        36417    .text.debug         BUILD/B_L4S5I_IOT01A/ARMC6/mbed-os/targets/TARGET_STM/serial_api.o
    0x0800f3b0   0x00000064   Code   RO        36466    .text.debug         BUILD/B_L4S5I_IOT01A/ARMC6/mbed-os/targets/TARGET_STM/stm_spi_api.o
    0x0800f414   0x00000082   Code   RO        28197    .text.equeue_alloc  BUILD/B_L4S5I_IOT01A/ARMC6/mbed-os/events/source/equeue.o
    0x0800f496   0x00000024   Code   RO        28191    .text.equeue_create  BUILD/B_L4S5I_IOT01A/ARMC6/mbed-os/events/source/equeue.o
    0x0800f4ba   0x00000072   Code   RO        28193    .text.equeue_create_inplace  BUILD/B_L4S5I_IOT01A/ARMC6/mbed-os/events/source/equeue.o
    0x0800f52c   0x00000086   Code   RO        28199    .text.equeue_dealloc  BUILD/B_L4S5I_IOT01A/ARMC6/mbed-os/events/source/equeue.o
    0x0800f5b2   0x00000002   PAD
    0x0800f5b4   0x000001aa   Code   RO        28219    .text.equeue_dispatch  BUILD/B_L4S5I_IOT01A/ARMC6/mbed-os/events/source/equeue.o
    0x0800f75e   0x00000002   PAD
    0x0800f760   0x000000b4   Code   RO        28201    .text.equeue_enqueue  BUILD/B_L4S5I_IOT01A/ARMC6/mbed-os/events/source/equeue.o
    0x0800f814   0x00000004   Code   RO        28253    .text.equeue_mutex_lock  BUILD/B_L4S5I_IOT01A/ARMC6/mbed-os/events/source/equeue_mbed.o
    0x0800f818   0x00000004   Code   RO        28255    .text.equeue_mutex_unlock  BUILD/B_L4S5I_IOT01A/ARMC6/mbed-os/events/source/equeue_mbed.o
    0x0800f81c   0x00000048   Code   RO        28203    .text.equeue_post   BUILD/B_L4S5I_IOT01A/ARMC6/mbed-os/events/source/equeue.o
    0x0800f864   0x00000014   Code   RO        28257    .text.equeue_sema_create  BUILD/B_L4S5I_IOT01A/ARMC6/mbed-os/events/source/equeue_mbed.o
    0x0800f878   0x00000006   Code   RO        28261    .text.equeue_sema_signal  BUILD/B_L4S5I_IOT01A/ARMC6/mbed-os/events/source/equeue_mbed.o
    0x0800f87e   0x00000018   Code   RO        28263    .text.equeue_sema_wait  BUILD/B_L4S5I_IOT01A/ARMC6/mbed-os/events/source/equeue_mbed.o
    0x0800f896   0x00000032   Code   RO        28247    .text.equeue_tick   BUILD/B_L4S5I_IOT01A/ARMC6/mbed-os/events/source/equeue_mbed.o
    0x0800f8c8   0x00000004   Code   RO        28245    .text.equeue_tick_init  BUILD/B_L4S5I_IOT01A/ARMC6/mbed-os/events/source/equeue_mbed.o
    0x0800f8cc   0x00000070   Code   RO        29578    .text.error         BUILD/B_L4S5I_IOT01A/ARMC6/mbed-os/platform/source/mbed_error.o
    0x0800f93c   0x00000034   Code   RO         1444    .text.error_msg     BUILD/B_L4S5I_IOT01A/ARMC6/mbed-os/cmsis/device/rtos/source/mbed_rtx_handlers.o
    0x0800f970   0x0000002e   Code   RO        29831    .text.exit          BUILD/B_L4S5I_IOT01A/ARMC6/mbed-os/platform/source/mbed_retarget.o
    0x0800f99e   0x0000002c   Code   RO        29783    .text.fsync         BUILD/B_L4S5I_IOT01A/ARMC6/mbed-os/platform/source/mbed_retarget.o
    0x0800f9ca   0x0000000a   Code   RO        28867    .text.get_lp_ticker_data  BUILD/B_L4S5I_IOT01A/ARMC6/mbed-os/hal/source/mbed_lp_ticker_api.o
    0x0800f9d4   0x00000072   Code   RO        36437    .text.get_uart_index  BUILD/B_L4S5I_IOT01A/ARMC6/mbed-os/targets/TARGET_STM/serial_api.o
    0x0800fa46   0x0000000a   Code   RO        28958    .text.get_us_ticker_data  BUILD/B_L4S5I_IOT01A/ARMC6/mbed-os/hal/source/mbed_us_ticker_api.o
    0x0800fa50   0x0000002e   Code   RO        36114    .text.gpio_dir      BUILD/B_L4S5I_IOT01A/ARMC6/mbed-os/targets/TARGET_STM/gpio_api.o
    0x0800fa7e   0x0000004a   Code   RO        36110    .text.gpio_init     BUILD/B_L4S5I_IOT01A/ARMC6/mbed-os/targets/TARGET_STM/gpio_api.o
    0x0800fac8   0x00000006   Code   RO        28845    .text.gpio_init_in  BUILD/B_L4S5I_IOT01A/ARMC6/mbed-os/hal/source/mbed_gpio.o
    0x0800face   0x00000026   Code   RO        28847    .text.gpio_init_in_ex  BUILD/B_L4S5I_IOT01A/ARMC6/mbed-os/hal/source/mbed_gpio.o
    0x0800faf4   0x00000006   Code   RO        28849    .text.gpio_init_out  BUILD/B_L4S5I_IOT01A/ARMC6/mbed-os/hal/source/mbed_gpio.o
    0x0800fafa   0x00000034   Code   RO        28851    .text.gpio_init_out_ex  BUILD/B_L4S5I_IOT01A/ARMC6/mbed-os/hal/source/mbed_gpio.o
    0x0800fb2e   0x00000008   Code   RO        36120    .text.gpio_irq0     BUILD/B_L4S5I_IOT01A/ARMC6/mbed-os/targets/TARGET_STM/gpio_irq_api.o
    0x0800fb36   0x00000008   Code   RO        36122    .text.gpio_irq1     BUILD/B_L4S5I_IOT01A/ARMC6/mbed-os/targets/TARGET_STM/gpio_irq_api.o
    0x0800fb3e   0x00000008   Code   RO        36124    .text.gpio_irq2     BUILD/B_L4S5I_IOT01A/ARMC6/mbed-os/targets/TARGET_STM/gpio_irq_api.o
    0x0800fb46   0x00000008   Code   RO        36126    .text.gpio_irq3     BUILD/B_L4S5I_IOT01A/ARMC6/mbed-os/targets/TARGET_STM/gpio_irq_api.o
    0x0800fb4e   0x00000008   Code   RO        36128    .text.gpio_irq4     BUILD/B_L4S5I_IOT01A/ARMC6/mbed-os/targets/TARGET_STM/gpio_irq_api.o
    0x0800fb56   0x00000008   Code   RO        36130    .text.gpio_irq5     BUILD/B_L4S5I_IOT01A/ARMC6/mbed-os/targets/TARGET_STM/gpio_irq_api.o
    0x0800fb5e   0x00000008   Code   RO        36132    .text.gpio_irq6     BUILD/B_L4S5I_IOT01A/ARMC6/mbed-os/targets/TARGET_STM/gpio_irq_api.o
    0x0800fb66   0x000000bc   Code   RO        36138    .text.gpio_irq_disable  BUILD/B_L4S5I_IOT01A/ARMC6/mbed-os/targets/TARGET_STM/gpio_irq_api.o
    0x0800fc22   0x000000a8   Code   RO        36134    .text.gpio_irq_enable  BUILD/B_L4S5I_IOT01A/ARMC6/mbed-os/targets/TARGET_STM/gpio_irq_api.o
    0x0800fcca   0x00000074   Code   RO        36136    .text.gpio_irq_free  BUILD/B_L4S5I_IOT01A/ARMC6/mbed-os/targets/TARGET_STM/gpio_irq_api.o
    0x0800fd3e   0x00000002   PAD
    0x0800fd40   0x000001a4   Code   RO        36118    .text.gpio_irq_init  BUILD/B_L4S5I_IOT01A/ARMC6/mbed-os/targets/TARGET_STM/gpio_irq_api.o
    0x0800fee4   0x0000007a   Code   RO        36140    .text.gpio_irq_set  BUILD/B_L4S5I_IOT01A/ARMC6/mbed-os/targets/TARGET_STM/gpio_irq_api.o
    0x0800ff5e   0x00000008   Code   RO        36112    .text.gpio_mode     BUILD/B_L4S5I_IOT01A/ARMC6/mbed-os/targets/TARGET_STM/gpio_api.o
    0x0800ff66   0x00000002   PAD
    0x0800ff68   0x00000068   Code   RO        36108    .text.gpio_set      BUILD/B_L4S5I_IOT01A/ARMC6/mbed-os/targets/TARGET_STM/gpio_api.o
    0x0800ffd0   0x00000026   Code   RO        28831    .text.hal_critical_section_enter  BUILD/B_L4S5I_IOT01A/ARMC6/mbed-os/hal/source/mbed_critical_section_api.o
    0x0800fff6   0x00000002   PAD
    0x0800fff8   0x00000084   Code   RO        28833    .text.hal_critical_section_exit  BUILD/B_L4S5I_IOT01A/ARMC6/mbed-os/hal/source/mbed_critical_section_api.o
    0x0801007c   0x00000164   Code   RO        36448    .text.hal_deepsleep  BUILD/B_L4S5I_IOT01A/ARMC6/mbed-os/targets/TARGET_STM/sleep.o
    0x080101e0   0x00000022   Code   RO        36446    .text.hal_sleep     BUILD/B_L4S5I_IOT01A/ARMC6/mbed-os/targets/TARGET_STM/sleep.o
    0x08010202   0x00000108   Code   RO        29580    .text.handle_error  BUILD/B_L4S5I_IOT01A/ARMC6/mbed-os/platform/source/mbed_error.o
    0x0801030a   0x00000002   PAD
    0x0801030c   0x000000d0   Code   RO        36142    .text.handle_interrupt_in  BUILD/B_L4S5I_IOT01A/ARMC6/mbed-os/targets/TARGET_STM/gpio_irq_api.o
    0x080103dc   0x000000b8   Code   RO        36526    .text.init_32bit_timer  BUILD/B_L4S5I_IOT01A/ARMC6/mbed-os/targets/TARGET_STM/us_ticker.o
    0x08010494   0x0000005c   Code   RO        36456    .text.init_spi      BUILD/B_L4S5I_IOT01A/ARMC6/mbed-os/targets/TARGET_STM/stm_spi_api.o
    0x080104f0   0x0000009e   Code   RO        36415    .text.init_uart     BUILD/B_L4S5I_IOT01A/ARMC6/mbed-os/targets/TARGET_STM/serial_api.o
    0x0801058e   0x00000002   PAD
    0x08010590   0x0000017c   Code   RO        28928    .text.initialize    BUILD/B_L4S5I_IOT01A/ARMC6/mbed-os/hal/source/mbed_ticker_api.o
    0x0801070c   0x0000006c   Code   RO        28938    .text.insert_event  BUILD/B_L4S5I_IOT01A/ARMC6/mbed-os/hal/source/mbed_ticker_api.o
    0x08010778   0x000000ac   Code   RO        10112    .text.ip4tos        BUILD/B_L4S5I_IOT01A/ARMC6/mbed-os/connectivity/libraries/nanostack-libservice/source/libip4string/ip4tos.o
    0x08010824   0x000000ac   Code   RO        10120    .text.ip6tos        BUILD/B_L4S5I_IOT01A/ARMC6/mbed-os/connectivity/libraries/nanostack-libservice/source/libip6string/ip6tos.o
    0x080108d0   0x00000028   Code   RO        29747    .text.isatty        BUILD/B_L4S5I_IOT01A/ARMC6/mbed-os/platform/source/mbed_retarget.o
    0x080108f8   0x00000028   Code   RO        36266    .text.lp_ticker_clear_interrupt  BUILD/B_L4S5I_IOT01A/ARMC6/mbed-os/targets/TARGET_STM/lp_ticker.o
    0x08010920   0x00000074   Code   RO        36258    .text.lp_ticker_disable_interrupt  BUILD/B_L4S5I_IOT01A/ARMC6/mbed-os/targets/TARGET_STM/lp_ticker.o
    0x08010994   0x00000036   Code   RO        36268    .text.lp_ticker_fire_interrupt  BUILD/B_L4S5I_IOT01A/ARMC6/mbed-os/targets/TARGET_STM/lp_ticker.o
    0x080109ca   0x00000004   Code   RO        36270    .text.lp_ticker_free  BUILD/B_L4S5I_IOT01A/ARMC6/mbed-os/targets/TARGET_STM/lp_ticker.o
    0x080109ce   0x0000000a   Code   RO        36254    .text.lp_ticker_get_info  BUILD/B_L4S5I_IOT01A/ARMC6/mbed-os/targets/TARGET_STM/lp_ticker.o
    0x080109d8   0x00000194   Code   RO        36256    .text.lp_ticker_init  BUILD/B_L4S5I_IOT01A/ARMC6/mbed-os/targets/TARGET_STM/lp_ticker.o
    0x08010b6c   0x00000018   Code   RO        28871    .text.lp_ticker_irq_handler  BUILD/B_L4S5I_IOT01A/ARMC6/mbed-os/hal/source/mbed_lp_ticker_api.o
    0x08010b84   0x00000012   Code   RO        36262    .text.lp_ticker_read  BUILD/B_L4S5I_IOT01A/ARMC6/mbed-os/targets/TARGET_STM/lp_ticker.o
    0x08010b96   0x00000002   PAD
    0x08010b98   0x00000114   Code   RO        36264    .text.lp_ticker_set_interrupt  BUILD/B_L4S5I_IOT01A/ARMC6/mbed-os/targets/TARGET_STM/lp_ticker.o
    0x08010cac   0x00000032   Code   RO        29777    .text.lseek         BUILD/B_L4S5I_IOT01A/ARMC6/mbed-os/platform/source/mbed_retarget.o
    0x08010cde   0x00000002   PAD
    0x08010ce0   0x00000048   Code   RO        36566    .text.main          BUILD/B_L4S5I_IOT01A/ARMC6/source/main.o
    0x08010d28   0x0000001a   Code   RO        29454    .text.mbed_assert_internal  BUILD/B_L4S5I_IOT01A/ARMC6/mbed-os/platform/source/mbed_assert.o
    0x08010d42   0x00000002   PAD
    0x08010d44   0x00000062   Code   RO        29554    .text.mbed_die      BUILD/B_L4S5I_IOT01A/ARMC6/mbed-os/platform/source/mbed_board.o
    0x08010da6   0x00000002   PAD
    0x08010da8   0x0000003a   Code   RO        29602    .text.mbed_error    BUILD/B_L4S5I_IOT01A/ARMC6/mbed-os/platform/source/mbed_error.o
    0x08010de2   0x00000020   Code   RO        29556    .text.mbed_error_printf  BUILD/B_L4S5I_IOT01A/ARMC6/mbed-os/platform/source/mbed_board.o
    0x08010e02   0x00000002   PAD
    0x08010e04   0x00000052   Code   RO        29560    .text.mbed_error_puts  BUILD/B_L4S5I_IOT01A/ARMC6/mbed-os/platform/source/mbed_board.o
    0x08010e56   0x00000034   Code   RO        29558    .text.mbed_error_vprintf  BUILD/B_L4S5I_IOT01A/ARMC6/mbed-os/platform/source/mbed_board.o
    0x08010e8a   0x00000002   PAD
    0x08010e8c   0x00000100   Code   RO        29436    .text.mbed_fault_handler  BUILD/B_L4S5I_IOT01A/ARMC6/mbed-os/platform/source/TARGET_CORTEX_M/mbed_fault_handler.o
    0x08010f8c   0x0000000c   Code   RO        29598    .text.mbed_get_error_in_progress  BUILD/B_L4S5I_IOT01A/ARMC6/mbed-os/platform/source/mbed_error.o
    0x08010f98   0x0000003e   Code   RO        29584    .text.mbed_halt_system  BUILD/B_L4S5I_IOT01A/ARMC6/mbed-os/platform/source/mbed_error.o
    0x08010fd6   0x00000002   PAD
    0x08010fd8   0x0000003c   Code   RO         1385    .text.mbed_init     BUILD/B_L4S5I_IOT01A/ARMC6/mbed-os/cmsis/device/rtos/source/mbed_boot.o
    0x08011014   0x000000b4   Code   RO        28972    .text.mbed_mpu_init  BUILD/B_L4S5I_IOT01A/ARMC6/mbed-os/hal/source/mpu/mbed_mpu_v7m.o
    0x080110c8   0x00000004   Code   RO         1401    .text.mbed_rtos_init  BUILD/B_L4S5I_IOT01A/ARMC6/mbed-os/cmsis/device/rtos/source/mbed_rtos_rtx.o
    0x080110cc   0x0000002c   Code   RO         1405    .text.mbed_rtos_init_singleton_mutex  BUILD/B_L4S5I_IOT01A/ARMC6/mbed-os/cmsis/device/rtos/source/mbed_rtos_rtx.o
    0x080110f8   0x000000a8   Code   RO         1403    .text.mbed_rtos_start  BUILD/B_L4S5I_IOT01A/ARMC6/mbed-os/cmsis/device/rtos/source/mbed_rtos_rtx.o
    0x080111a0   0x0000003e   Code   RO        36299    .text.mbed_sdk_init  BUILD/B_L4S5I_IOT01A/ARMC6/mbed-os/targets/TARGET_STM/mbed_overrides.o
    0x080111de   0x0000001e   Code   RO         1389    .text.mbed_start    BUILD/B_L4S5I_IOT01A/ARMC6/mbed-os/cmsis/device/rtos/source/mbed_boot.o
    0x080111fc   0x0000001a   Code   RO         1367    .text.mbed_toolchain_init  BUILD/B_L4S5I_IOT01A/ARMC6/mbed-os/cmsis/device/rtos/TOOLCHAIN_ARM_STD/mbed_boot_arm_std.o
    0x08011216   0x0000002e   Code   RO        10102    .text.ns_list_remove_  BUILD/B_L4S5I_IOT01A/ARMC6/mbed-os/connectivity/libraries/nanostack-libservice/source/libList/ns_list.o
    0x08011244   0x00000054   Code   RO        25608    .text.nsapi_dns_add_server  BUILD/B_L4S5I_IOT01A/ARMC6/mbed-os/connectivity/netsocket/source/nsapi_dns.o
    0x08011298   0x000000be   Code   RO        29755    .text.open          BUILD/B_L4S5I_IOT01A/ARMC6/mbed-os/platform/source/mbed_retarget.o
    0x08011356   0x0000002e   Code   RO          863    .text.osDelay       BUILD/B_L4S5I_IOT01A/ARMC6/mbed-os/cmsis/CMSIS_5/CMSIS/RTOS2/RTX/Source/rtx_delay.o
    0x08011384   0x0000002e   Code   RO          889    .text.osEventFlagsDelete  BUILD/B_L4S5I_IOT01A/ARMC6/mbed-os/cmsis/CMSIS_5/CMSIS/RTOS2/RTX/Source/rtx_evflags.o
    0x080113b2   0x00000032   Code   RO          873    .text.osEventFlagsNew  BUILD/B_L4S5I_IOT01A/ARMC6/mbed-os/cmsis/CMSIS_5/CMSIS/RTOS2/RTX/Source/rtx_evflags.o
    0x080113e4   0x00000056   Code   RO          877    .text.osEventFlagsSet  BUILD/B_L4S5I_IOT01A/ARMC6/mbed-os/cmsis/CMSIS_5/CMSIS/RTOS2/RTX/Source/rtx_evflags.o
    0x0801143a   0x0000004e   Code   RO          887    .text.osEventFlagsWait  BUILD/B_L4S5I_IOT01A/ARMC6/mbed-os/cmsis/CMSIS_5/CMSIS/RTOS2/RTX/Source/rtx_evflags.o
    0x08011488   0x00000032   Code   RO          947    .text.osKernelGetState  BUILD/B_L4S5I_IOT01A/ARMC6/mbed-os/cmsis/CMSIS_5/CMSIS/RTOS2/RTX/Source/rtx_kernel.o
    0x080114ba   0x0000002a   Code   RO          963    .text.osKernelGetTickCount  BUILD/B_L4S5I_IOT01A/ARMC6/mbed-os/cmsis/CMSIS_5/CMSIS/RTOS2/RTX/Source/rtx_kernel.o
    0x080114e4   0x00000032   Code   RO          941    .text.osKernelInitialize  BUILD/B_L4S5I_IOT01A/ARMC6/mbed-os/cmsis/CMSIS_5/CMSIS/RTOS2/RTX/Source/rtx_kernel.o
    0x08011516   0x00000026   Code   RO          961    .text.osKernelResume  BUILD/B_L4S5I_IOT01A/ARMC6/mbed-os/cmsis/CMSIS_5/CMSIS/RTOS2/RTX/Source/rtx_kernel.o
    0x0801153c   0x0000002e   Code   RO          951    .text.osKernelStart  BUILD/B_L4S5I_IOT01A/ARMC6/mbed-os/cmsis/CMSIS_5/CMSIS/RTOS2/RTX/Source/rtx_kernel.o
    0x0801156a   0x0000002c   Code   RO          959    .text.osKernelSuspend  BUILD/B_L4S5I_IOT01A/ARMC6/mbed-os/cmsis/CMSIS_5/CMSIS/RTOS2/RTX/Source/rtx_kernel.o
    0x08011596   0x0000007c   Code   RO         1078    .text.osMessageQueueGet  BUILD/B_L4S5I_IOT01A/ARMC6/mbed-os/cmsis/CMSIS_5/CMSIS/RTOS2/RTX/Source/rtx_msgqueue.o
    0x08011612   0x00000084   Code   RO         1076    .text.osMessageQueuePut  BUILD/B_L4S5I_IOT01A/ARMC6/mbed-os/cmsis/CMSIS_5/CMSIS/RTOS2/RTX/Source/rtx_msgqueue.o
    0x08011696   0x0000002e   Code   RO         1126    .text.osMutexAcquire  BUILD/B_L4S5I_IOT01A/ARMC6/mbed-os/cmsis/CMSIS_5/CMSIS/RTOS2/RTX/Source/rtx_mutex.o
    0x080116c4   0x0000002e   Code   RO         1132    .text.osMutexDelete  BUILD/B_L4S5I_IOT01A/ARMC6/mbed-os/cmsis/CMSIS_5/CMSIS/RTOS2/RTX/Source/rtx_mutex.o
    0x080116f2   0x00000032   Code   RO         1122    .text.osMutexNew    BUILD/B_L4S5I_IOT01A/ARMC6/mbed-os/cmsis/CMSIS_5/CMSIS/RTOS2/RTX/Source/rtx_mutex.o
    0x08011724   0x0000002e   Code   RO         1128    .text.osMutexRelease  BUILD/B_L4S5I_IOT01A/ARMC6/mbed-os/cmsis/CMSIS_5/CMSIS/RTOS2/RTX/Source/rtx_mutex.o
    0x08011752   0x00000002   PAD
    0x08011754   0x000000fc   Code   RO         1420    .text.osRtxErrorNotify  BUILD/B_L4S5I_IOT01A/ARMC6/mbed-os/cmsis/device/rtos/source/mbed_rtx_handlers.o
    0x08011850   0x00000038   Code   RO          893    .text.osRtxEventFlagsPostProcess  BUILD/B_L4S5I_IOT01A/ARMC6/mbed-os/cmsis/CMSIS_5/CMSIS/RTOS2/RTX/Source/rtx_evflags.o
    0x08011888   0x00000004   Code   RO         1418    .text.osRtxIdleThread  BUILD/B_L4S5I_IOT01A/ARMC6/mbed-os/cmsis/device/rtos/source/mbed_rtx_handlers.o
    0x0801188c   0x00000016   Code   RO          939    .text.osRtxKernelErrorNotify  BUILD/B_L4S5I_IOT01A/ARMC6/mbed-os/cmsis/CMSIS_5/CMSIS/RTOS2/RTX/Source/rtx_kernel.o
    0x080118a2   0x00000002   PAD
    0x080118a4   0x00000086   Code   RO         1016    .text.osRtxMemoryAlloc  BUILD/B_L4S5I_IOT01A/ARMC6/mbed-os/cmsis/CMSIS_5/CMSIS/RTOS2/RTX/Source/rtx_memory.o
    0x0801192a   0x00000002   PAD
    0x0801192c   0x0000004e   Code   RO         1018    .text.osRtxMemoryFree  BUILD/B_L4S5I_IOT01A/ARMC6/mbed-os/cmsis/CMSIS_5/CMSIS/RTOS2/RTX/Source/rtx_memory.o
    0x0801197a   0x00000038   Code   RO         1014    .text.osRtxMemoryInit  BUILD/B_L4S5I_IOT01A/ARMC6/mbed-os/cmsis/CMSIS_5/CMSIS/RTOS2/RTX/Source/rtx_memory.o
    0x080119b2   0x0000003a   Code   RO         1024    .text.osRtxMemoryPoolAlloc  BUILD/B_L4S5I_IOT01A/ARMC6/mbed-os/cmsis/CMSIS_5/CMSIS/RTOS2/RTX/Source/rtx_mempool.o
    0x080119ec   0x0000004a   Code   RO         1026    .text.osRtxMemoryPoolFree  BUILD/B_L4S5I_IOT01A/ARMC6/mbed-os/cmsis/CMSIS_5/CMSIS/RTOS2/RTX/Source/rtx_mempool.o
    0x08011a36   0x00000002   PAD
    0x08011a38   0x00000052   Code   RO         1022    .text.osRtxMemoryPoolInit  BUILD/B_L4S5I_IOT01A/ARMC6/mbed-os/cmsis/CMSIS_5/CMSIS/RTOS2/RTX/Source/rtx_mempool.o
    0x08011a8a   0x000000d6   Code   RO         1100    .text.osRtxMessageQueuePostProcess  BUILD/B_L4S5I_IOT01A/ARMC6/mbed-os/cmsis/CMSIS_5/CMSIS/RTOS2/RTX/Source/rtx_msgqueue.o
    0x08011b60   0x0000002c   Code   RO         1068    .text.osRtxMessageQueueTimerSetup  BUILD/B_L4S5I_IOT01A/ARMC6/mbed-os/cmsis/CMSIS_5/CMSIS/RTOS2/RTX/Source/rtx_msgqueue.o
    0x08011b8c   0x0000004a   Code   RO         1118    .text.osRtxMutexOwnerRelease  BUILD/B_L4S5I_IOT01A/ARMC6/mbed-os/cmsis/CMSIS_5/CMSIS/RTOS2/RTX/Source/rtx_mutex.o
    0x08011bd6   0x00000002   PAD
    0x08011bd8   0x00000050   Code   RO         1120    .text.osRtxMutexOwnerRestore  BUILD/B_L4S5I_IOT01A/ARMC6/mbed-os/cmsis/CMSIS_5/CMSIS/RTOS2/RTX/Source/rtx_mutex.o
    0x08011c28   0x000000a4   Code   RO         1178    .text.osRtxPendSV_Handler  BUILD/B_L4S5I_IOT01A/ARMC6/mbed-os/cmsis/CMSIS_5/CMSIS/RTOS2/RTX/Source/rtx_system.o
    0x08011ccc   0x00000076   Code   RO         1180    .text.osRtxPostProcess  BUILD/B_L4S5I_IOT01A/ARMC6/mbed-os/cmsis/CMSIS_5/CMSIS/RTOS2/RTX/Source/rtx_system.o
    0x08011d42   0x00000036   Code   RO         1164    .text.osRtxSemaphorePostProcess  BUILD/B_L4S5I_IOT01A/ARMC6/mbed-os/cmsis/CMSIS_5/CMSIS/RTOS2/RTX/Source/rtx_semaphore.o
    0x08011d78   0x000000a2   Code   RO         1208    .text.osRtxThreadDelayInsert  BUILD/B_L4S5I_IOT01A/ARMC6/mbed-os/cmsis/CMSIS_5/CMSIS/RTOS2/RTX/Source/rtx_thread.o
    0x08011e1a   0x00000046   Code   RO         1204    .text.osRtxThreadDelayRemove  BUILD/B_L4S5I_IOT01A/ARMC6/mbed-os/cmsis/CMSIS_5/CMSIS/RTOS2/RTX/Source/rtx_thread.o
    0x08011e60   0x000000a2   Code   RO         1194    .text.osRtxThreadDelayTick  BUILD/B_L4S5I_IOT01A/ARMC6/mbed-os/cmsis/CMSIS_5/CMSIS/RTOS2/RTX/Source/rtx_thread.o
    0x08011f02   0x00000026   Code   RO         1290    .text.osRtxThreadDestroy  BUILD/B_L4S5I_IOT01A/ARMC6/mbed-os/cmsis/CMSIS_5/CMSIS/RTOS2/RTX/Source/rtx_thread.o
    0x08011f28   0x000000f8   Code   RO         1200    .text.osRtxThreadDispatch  BUILD/B_L4S5I_IOT01A/ARMC6/mbed-os/cmsis/CMSIS_5/CMSIS/RTOS2/RTX/Source/rtx_thread.o
    0x08012020   0x00000064   Code   RO         1282    .text.osRtxThreadFree  BUILD/B_L4S5I_IOT01A/ARMC6/mbed-os/cmsis/CMSIS_5/CMSIS/RTOS2/RTX/Source/rtx_thread.o
    0x08012084   0x00000020   Code   RO         1288    .text.osRtxThreadJoinWakeup  BUILD/B_L4S5I_IOT01A/ARMC6/mbed-os/cmsis/CMSIS_5/CMSIS/RTOS2/RTX/Source/rtx_thread.o
    0x080120a4   0x00000012   Code   RO         1186    .text.osRtxThreadListGet  BUILD/B_L4S5I_IOT01A/ARMC6/mbed-os/cmsis/CMSIS_5/CMSIS/RTOS2/RTX/Source/rtx_thread.o
    0x080120b6   0x00000002   PAD
    0x080120b8   0x0000002a   Code   RO         1184    .text.osRtxThreadListPut  BUILD/B_L4S5I_IOT01A/ARMC6/mbed-os/cmsis/CMSIS_5/CMSIS/RTOS2/RTX/Source/rtx_thread.o
    0x080120e2   0x00000014   Code   RO         1190    .text.osRtxThreadListRemove  BUILD/B_L4S5I_IOT01A/ARMC6/mbed-os/cmsis/CMSIS_5/CMSIS/RTOS2/RTX/Source/rtx_thread.o
    0x080120f6   0x00000002   PAD
    0x080120f8   0x00000046   Code   RO         1188    .text.osRtxThreadListSort  BUILD/B_L4S5I_IOT01A/ARMC6/mbed-os/cmsis/CMSIS_5/CMSIS/RTOS2/RTX/Source/rtx_thread.o
    0x0801213e   0x0000002a   Code   RO         1258    .text.osRtxThreadPostProcess  BUILD/B_L4S5I_IOT01A/ARMC6/mbed-os/cmsis/CMSIS_5/CMSIS/RTOS2/RTX/Source/rtx_thread.o
    0x08012168   0x0000003a   Code   RO         1192    .text.osRtxThreadReadyPut  BUILD/B_L4S5I_IOT01A/ARMC6/mbed-os/cmsis/CMSIS_5/CMSIS/RTOS2/RTX/Source/rtx_thread.o
    0x080121a2   0x00000014   Code   RO         1196    .text.osRtxThreadRegPtr  BUILD/B_L4S5I_IOT01A/ARMC6/mbed-os/cmsis/CMSIS_5/CMSIS/RTOS2/RTX/Source/rtx_thread.o
    0x080121b6   0x00000048   Code   RO         1210    .text.osRtxThreadStartup  BUILD/B_L4S5I_IOT01A/ARMC6/mbed-os/cmsis/CMSIS_5/CMSIS/RTOS2/RTX/Source/rtx_thread.o
    0x080121fe   0x00000010   Code   RO         1198    .text.osRtxThreadSwitch  BUILD/B_L4S5I_IOT01A/ARMC6/mbed-os/cmsis/CMSIS_5/CMSIS/RTOS2/RTX/Source/rtx_thread.o
    0x0801220e   0x00000048   Code   RO         1206    .text.osRtxThreadWaitEnter  BUILD/B_L4S5I_IOT01A/ARMC6/mbed-os/cmsis/CMSIS_5/CMSIS/RTOS2/RTX/Source/rtx_thread.o
    0x08012256   0x00000002   PAD
    0x08012258   0x00000062   Code   RO         1202    .text.osRtxThreadWaitExit  BUILD/B_L4S5I_IOT01A/ARMC6/mbed-os/cmsis/CMSIS_5/CMSIS/RTOS2/RTX/Source/rtx_thread.o
    0x080122ba   0x0000007a   Code   RO         1176    .text.osRtxTick_Handler  BUILD/B_L4S5I_IOT01A/ARMC6/mbed-os/cmsis/CMSIS_5/CMSIS/RTOS2/RTX/Source/rtx_system.o
    0x08012334   0x00000024   Code   RO         1308    .text.osRtxTimerSetup  BUILD/B_L4S5I_IOT01A/ARMC6/mbed-os/cmsis/CMSIS_5/CMSIS/RTOS2/RTX/Source/rtx_timer.o
    0x08012358   0x00000022   Code   RO         1312    .text.osRtxTimerThread  BUILD/B_L4S5I_IOT01A/ARMC6/mbed-os/cmsis/CMSIS_5/CMSIS/RTOS2/RTX/Source/rtx_timer.o
    0x0801237a   0x00000002   PAD
    0x0801237c   0x00000078   Code   RO         1310    .text.osRtxTimerTick  BUILD/B_L4S5I_IOT01A/ARMC6/mbed-os/cmsis/CMSIS_5/CMSIS/RTOS2/RTX/Source/rtx_timer.o
    0x080123f4   0x0000002e   Code   RO         1160    .text.osSemaphoreDelete  BUILD/B_L4S5I_IOT01A/ARMC6/mbed-os/cmsis/CMSIS_5/CMSIS/RTOS2/RTX/Source/rtx_semaphore.o
    0x08012422   0x00000032   Code   RO         1148    .text.osSemaphoreNew  BUILD/B_L4S5I_IOT01A/ARMC6/mbed-os/cmsis/CMSIS_5/CMSIS/RTOS2/RTX/Source/rtx_semaphore.o
    0x08012454   0x00000076   Code   RO         1154    .text.osSemaphoreRelease  BUILD/B_L4S5I_IOT01A/ARMC6/mbed-os/cmsis/CMSIS_5/CMSIS/RTOS2/RTX/Source/rtx_semaphore.o
    0x080124ca   0x00000002   PAD
    0x080124cc   0x0000001a   Code   RO         1242    .text.osThreadExit  BUILD/B_L4S5I_IOT01A/ARMC6/mbed-os/cmsis/CMSIS_5/CMSIS/RTOS2/RTX/Source/rtx_thread.o
    0x080124e6   0x0000002a   Code   RO         1218    .text.osThreadGetId  BUILD/B_L4S5I_IOT01A/ARMC6/mbed-os/cmsis/CMSIS_5/CMSIS/RTOS2/RTX/Source/rtx_thread.o
    0x08012510   0x00000032   Code   RO         1214    .text.osThreadNew   BUILD/B_L4S5I_IOT01A/ARMC6/mbed-os/cmsis/CMSIS_5/CMSIS/RTOS2/RTX/Source/rtx_thread.o
    0x08012542   0x00000038   Code   RO         1244    .text.osThreadTerminate  BUILD/B_L4S5I_IOT01A/ARMC6/mbed-os/cmsis/CMSIS_5/CMSIS/RTOS2/RTX/Source/rtx_thread.o
    0x0801257a   0x00000002   PAD
    0x0801257c   0x0000012c   Code   RO        36305    .text.pin_function  BUILD/B_L4S5I_IOT01A/ARMC6/mbed-os/targets/TARGET_STM/pinmap.o
    0x080126a8   0x00000088   Code   RO        36307    .text.pin_mode      BUILD/B_L4S5I_IOT01A/ARMC6/mbed-os/targets/TARGET_STM/pinmap.o
    0x08012730   0x00000026   Code   RO        28888    .text.pinmap_find_function  BUILD/B_L4S5I_IOT01A/ARMC6/mbed-os/hal/source/mbed_pinmap_common.o
    0x08012756   0x00000002   PAD
    0x08012758   0x00000044   Code   RO        28882    .text.pinmap_merge  BUILD/B_L4S5I_IOT01A/ARMC6/mbed-os/hal/source/mbed_pinmap_common.o
    0x0801279c   0x00000078   Code   RO        28886    .text.pinmap_peripheral  BUILD/B_L4S5I_IOT01A/ARMC6/mbed-os/hal/source/mbed_pinmap_common.o
    0x08012814   0x00000170   Code   RO        29438    .text.print_context_info  BUILD/B_L4S5I_IOT01A/ARMC6/mbed-os/platform/source/TARGET_CORTEX_M/mbed_fault_handler.o
    0x08012984   0x000001f0   Code   RO        29582    .text.print_error_report  BUILD/B_L4S5I_IOT01A/ARMC6/mbed-os/platform/source/mbed_error.o
    0x08012b74   0x00000038   Code   RO        36542    .text.restore_timer_ctx  BUILD/B_L4S5I_IOT01A/ARMC6/mbed-os/targets/TARGET_STM/us_ticker.o
    0x08012bac   0x0000000e   Code   RO         1472    .text.rtos_idle_loop  BUILD/B_L4S5I_IOT01A/ARMC6/mbed-os/cmsis/device/rtos/source/mbed_rtx_idle.o
    0x08012bba   0x00000038   Code   RO        36540    .text.save_timer_ctx  BUILD/B_L4S5I_IOT01A/ARMC6/mbed-os/targets/TARGET_STM/us_ticker.o
    0x08012bf2   0x00000002   PAD
    0x08012bf4   0x0000013c   Code   RO        28934    .text.schedule_interrupt  BUILD/B_L4S5I_IOT01A/ARMC6/mbed-os/hal/source/mbed_ticker_api.o
    0x08012d30   0x0000009e   Code   RO        36413    .text.serial_baud   BUILD/B_L4S5I_IOT01A/ARMC6/mbed-os/targets/TARGET_STM/serial_api.o
    0x08012dce   0x00000002   PAD
    0x08012dd0   0x00000072   Code   RO        35905    .text.serial_getc   BUILD/B_L4S5I_IOT01A/ARMC6/mbed-os/targets/TARGET_STM/TARGET_STM32L4/serial_device.o
    0x08012e42   0x00000002   PAD
    0x08012e44   0x00000278   Code   RO        36409    .text.serial_init   BUILD/B_L4S5I_IOT01A/ARMC6/mbed-os/targets/TARGET_STM/serial_api.o
    0x080130bc   0x0000000e   Code   RO        28993    .text.serial_init_direct  BUILD/B_L4S5I_IOT01A/ARMC6/mbed-os/hal/source/static_pinmap.o
    0x080130ca   0x00000092   Code   RO        36439    .text.serial_is_tx_ongoing  BUILD/B_L4S5I_IOT01A/ARMC6/mbed-os/targets/TARGET_STM/serial_api.o
    0x0801315c   0x0000002a   Code   RO        35907    .text.serial_putc   BUILD/B_L4S5I_IOT01A/ARMC6/mbed-os/targets/TARGET_STM/TARGET_STM32L4/serial_device.o
    0x08013186   0x00000024   Code   RO        36429    .text.serial_readable  BUILD/B_L4S5I_IOT01A/ARMC6/mbed-os/targets/TARGET_STM/serial_api.o
    0x080131aa   0x0000001a   Code   RO        36431    .text.serial_writable  BUILD/B_L4S5I_IOT01A/ARMC6/mbed-os/targets/TARGET_STM/serial_api.o
    0x080131c4   0x00000060   Code   RO        29706    .text.sleep_manager_lock_deep_sleep_internal  BUILD/B_L4S5I_IOT01A/ARMC6/mbed-os/platform/source/mbed_power_mgmt.o
    0x08013224   0x00000024   Code   RO        29714    .text.sleep_manager_sleep_auto  BUILD/B_L4S5I_IOT01A/ARMC6/mbed-os/platform/source/mbed_power_mgmt.o
    0x08013248   0x00000064   Code   RO        29708    .text.sleep_manager_unlock_deep_sleep_internal  BUILD/B_L4S5I_IOT01A/ARMC6/mbed-os/platform/source/mbed_power_mgmt.o
    0x080132ac   0x000000a8   Code   RO        36464    .text.spi_format    BUILD/B_L4S5I_IOT01A/ARMC6/mbed-os/targets/TARGET_STM/stm_spi_api.o
    0x08013354   0x00000054   Code   RO        36470    .text.spi_frequency  BUILD/B_L4S5I_IOT01A/ARMC6/mbed-os/targets/TARGET_STM/stm_spi_api.o
    0x080133a8   0x00000048   Code   RO        36468    .text.spi_get_baudrate  BUILD/B_L4S5I_IOT01A/ARMC6/mbed-os/targets/TARGET_STM/stm_spi_api.o
    0x080133f0   0x0000005c   Code   RO        35941    .text.spi_get_clock_freq  BUILD/B_L4S5I_IOT01A/ARMC6/mbed-os/targets/TARGET_STM/TARGET_STM32L4/spi_api.o
    0x0801344c   0x00000060   Code   RO        36458    .text.spi_get_peripheral_name  BUILD/B_L4S5I_IOT01A/ARMC6/mbed-os/targets/TARGET_STM/stm_spi_api.o
    0x080134ac   0x00000268   Code   RO        36460    .text.spi_init      BUILD/B_L4S5I_IOT01A/ARMC6/mbed-os/targets/TARGET_STM/stm_spi_api.o
    0x08013714   0x00000184   Code   RO        36476    .text.spi_master_block_write  BUILD/B_L4S5I_IOT01A/ARMC6/mbed-os/targets/TARGET_STM/stm_spi_api.o
    0x08013898   0x0000012a   Code   RO        36474    .text.spi_master_one_wire_transfer  BUILD/B_L4S5I_IOT01A/ARMC6/mbed-os/targets/TARGET_STM/stm_spi_api.o
    0x080139c2   0x00000002   PAD
    0x080139c4   0x000000a6   Code   RO        36472    .text.spi_master_write  BUILD/B_L4S5I_IOT01A/ARMC6/mbed-os/targets/TARGET_STM/stm_spi_api.o
    0x08013a6a   0x00000002   PAD
    0x08013a6c   0x00000080   Code   RO        10116    .text.stoip4        BUILD/B_L4S5I_IOT01A/ARMC6/mbed-os/connectivity/libraries/nanostack-libservice/source/libip4string/stoip4.o
    0x08013aec   0x0000013a   Code   RO        10126    .text.stoip6        BUILD/B_L4S5I_IOT01A/ARMC6/mbed-os/connectivity/libraries/nanostack-libservice/source/libip6string/stoip6.o
    0x08013c26   0x00000026   Code   RO          867    .text.svcRtxDelay   BUILD/B_L4S5I_IOT01A/ARMC6/mbed-os/cmsis/CMSIS_5/CMSIS/RTOS2/RTX/Source/rtx_delay.o
    0x08013c4c   0x0000006c   Code   RO          903    .text.svcRtxEventFlagsDelete  BUILD/B_L4S5I_IOT01A/ARMC6/mbed-os/cmsis/CMSIS_5/CMSIS/RTOS2/RTX/Source/rtx_evflags.o
    0x08013cb8   0x00000080   Code   RO          891    .text.svcRtxEventFlagsNew  BUILD/B_L4S5I_IOT01A/ARMC6/mbed-os/cmsis/CMSIS_5/CMSIS/RTOS2/RTX/Source/rtx_evflags.o
    0x08013d38   0x00000088   Code   RO          899    .text.svcRtxEventFlagsSet  BUILD/B_L4S5I_IOT01A/ARMC6/mbed-os/cmsis/CMSIS_5/CMSIS/RTOS2/RTX/Source/rtx_evflags.o
    0x08013dc0   0x00000068   Code   RO          901    .text.svcRtxEventFlagsWait  BUILD/B_L4S5I_IOT01A/ARMC6/mbed-os/cmsis/CMSIS_5/CMSIS/RTOS2/RTX/Source/rtx_evflags.o
    0x08013e28   0x0000000c   Code   RO          949    .text.svcRtxKernelGetState  BUILD/B_L4S5I_IOT01A/ARMC6/mbed-os/cmsis/CMSIS_5/CMSIS/RTOS2/RTX/Source/rtx_kernel.o
    0x08013e34   0x0000000c   Code   RO          965    .text.svcRtxKernelGetTickCount  BUILD/B_L4S5I_IOT01A/ARMC6/mbed-os/cmsis/CMSIS_5/CMSIS/RTOS2/RTX/Source/rtx_kernel.o
    0x08013e40   0x00000148   Code   RO          979    .text.svcRtxKernelInitialize  BUILD/B_L4S5I_IOT01A/ARMC6/mbed-os/cmsis/CMSIS_5/CMSIS/RTOS2/RTX/Source/rtx_kernel.o
    0x08013f88   0x00000092   Code   RO          991    .text.svcRtxKernelResume  BUILD/B_L4S5I_IOT01A/ARMC6/mbed-os/cmsis/CMSIS_5/CMSIS/RTOS2/RTX/Source/rtx_kernel.o
    0x0801401a   0x000000a8   Code   RO          981    .text.svcRtxKernelStart  BUILD/B_L4S5I_IOT01A/ARMC6/mbed-os/cmsis/CMSIS_5/CMSIS/RTOS2/RTX/Source/rtx_kernel.o
    0x080140c2   0x00000060   Code   RO          989    .text.svcRtxKernelSuspend  BUILD/B_L4S5I_IOT01A/ARMC6/mbed-os/cmsis/CMSIS_5/CMSIS/RTOS2/RTX/Source/rtx_kernel.o
    0x08014122   0x000000f6   Code   RO         1110    .text.svcRtxMessageQueueGet  BUILD/B_L4S5I_IOT01A/ARMC6/mbed-os/cmsis/CMSIS_5/CMSIS/RTOS2/RTX/Source/rtx_msgqueue.o
    0x08014218   0x00000150   Code   RO         1070    .text.svcRtxMessageQueueNew  BUILD/B_L4S5I_IOT01A/ARMC6/mbed-os/cmsis/CMSIS_5/CMSIS/RTOS2/RTX/Source/rtx_msgqueue.o
    0x08014368   0x000000c0   Code   RO         1106    .text.svcRtxMessageQueuePut  BUILD/B_L4S5I_IOT01A/ARMC6/mbed-os/cmsis/CMSIS_5/CMSIS/RTOS2/RTX/Source/rtx_msgqueue.o
    0x08014428   0x000000b0   Code   RO         1138    .text.svcRtxMutexAcquire  BUILD/B_L4S5I_IOT01A/ARMC6/mbed-os/cmsis/CMSIS_5/CMSIS/RTOS2/RTX/Source/rtx_mutex.o
    0x080144d8   0x000000b6   Code   RO         1144    .text.svcRtxMutexDelete  BUILD/B_L4S5I_IOT01A/ARMC6/mbed-os/cmsis/CMSIS_5/CMSIS/RTOS2/RTX/Source/rtx_mutex.o
    0x0801458e   0x00000078   Code   RO         1134    .text.svcRtxMutexNew  BUILD/B_L4S5I_IOT01A/ARMC6/mbed-os/cmsis/CMSIS_5/CMSIS/RTOS2/RTX/Source/rtx_mutex.o
    0x08014606   0x00000002   PAD
    0x08014608   0x000000d2   Code   RO         1140    .text.svcRtxMutexRelease  BUILD/B_L4S5I_IOT01A/ARMC6/mbed-os/cmsis/CMSIS_5/CMSIS/RTOS2/RTX/Source/rtx_mutex.o
    0x080146da   0x00000002   PAD
    0x080146dc   0x0000006c   Code   RO         1172    .text.svcRtxSemaphoreDelete  BUILD/B_L4S5I_IOT01A/ARMC6/mbed-os/cmsis/CMSIS_5/CMSIS/RTOS2/RTX/Source/rtx_semaphore.o
    0x08014748   0x000000a0   Code   RO         1162    .text.svcRtxSemaphoreNew  BUILD/B_L4S5I_IOT01A/ARMC6/mbed-os/cmsis/CMSIS_5/CMSIS/RTOS2/RTX/Source/rtx_semaphore.o
    0x080147e8   0x00000066   Code   RO         1170    .text.svcRtxSemaphoreRelease  BUILD/B_L4S5I_IOT01A/ARMC6/mbed-os/cmsis/CMSIS_5/CMSIS/RTOS2/RTX/Source/rtx_semaphore.o
    0x0801484e   0x00000052   Code   RO         1286    .text.svcRtxThreadExit  BUILD/B_L4S5I_IOT01A/ARMC6/mbed-os/cmsis/CMSIS_5/CMSIS/RTOS2/RTX/Source/rtx_thread.o
    0x080148a0   0x0000000c   Code   RO         1220    .text.svcRtxThreadGetId  BUILD/B_L4S5I_IOT01A/ARMC6/mbed-os/cmsis/CMSIS_5/CMSIS/RTOS2/RTX/Source/rtx_thread.o
    0x080148ac   0x00000220   Code   RO         1212    .text.svcRtxThreadNew  BUILD/B_L4S5I_IOT01A/ARMC6/mbed-os/cmsis/CMSIS_5/CMSIS/RTOS2/RTX/Source/rtx_thread.o
    0x08014acc   0x000000c6   Code   RO         1292    .text.svcRtxThreadTerminate  BUILD/B_L4S5I_IOT01A/ARMC6/mbed-os/cmsis/CMSIS_5/CMSIS/RTOS2/RTX/Source/rtx_thread.o
    0x08014b92   0x00000032   Code   RO        28940    .text.ticker_insert_event_us  BUILD/B_L4S5I_IOT01A/ARMC6/mbed-os/hal/source/mbed_ticker_api.o
    0x08014bc4   0x00000062   Code   RO        28930    .text.ticker_irq_handler  BUILD/B_L4S5I_IOT01A/ARMC6/mbed-os/hal/source/mbed_ticker_api.o
    0x08014c26   0x00000022   Code   RO        28946    .text.ticker_read_us  BUILD/B_L4S5I_IOT01A/ARMC6/mbed-os/hal/source/mbed_ticker_api.o
    0x08014c48   0x00000036   Code   RO        28942    .text.ticker_remove_event  BUILD/B_L4S5I_IOT01A/ARMC6/mbed-os/hal/source/mbed_ticker_api.o
    0x08014c7e   0x0000001a   Code   RO        28926    .text.ticker_set_handler  BUILD/B_L4S5I_IOT01A/ARMC6/mbed-os/hal/source/mbed_ticker_api.o
    0x08014c98   0x0000002a   Code   RO        36524    .text.timer_irq_handler  BUILD/B_L4S5I_IOT01A/ARMC6/mbed-os/targets/TARGET_STM/us_ticker.o
    0x08014cc2   0x0000002a   Code   RO         1424    .text.trap_rtx_error  BUILD/B_L4S5I_IOT01A/ARMC6/mbed-os/cmsis/device/rtos/source/mbed_rtx_handlers.o
    0x08014cec   0x00000086   Code   RO        28932    .text.update_present_time  BUILD/B_L4S5I_IOT01A/ARMC6/mbed-os/hal/source/mbed_ticker_api.o
    0x08014d72   0x00000012   Code   RO        36538    .text.us_ticker_clear_interrupt  BUILD/B_L4S5I_IOT01A/ARMC6/mbed-os/targets/TARGET_STM/us_ticker.o
    0x08014d84   0x00000014   Code   RO        36536    .text.us_ticker_disable_interrupt  BUILD/B_L4S5I_IOT01A/ARMC6/mbed-os/targets/TARGET_STM/us_ticker.o
    0x08014d98   0x00000022   Code   RO        36534    .text.us_ticker_fire_interrupt  BUILD/B_L4S5I_IOT01A/ARMC6/mbed-os/targets/TARGET_STM/us_ticker.o
    0x08014dba   0x0000000a   Code   RO        36522    .text.us_ticker_get_info  BUILD/B_L4S5I_IOT01A/ARMC6/mbed-os/targets/TARGET_STM/us_ticker.o
    0x08014dc4   0x00000018   Code   RO        36528    .text.us_ticker_init  BUILD/B_L4S5I_IOT01A/ARMC6/mbed-os/targets/TARGET_STM/us_ticker.o
    0x08014ddc   0x00000018   Code   RO        28962    .text.us_ticker_irq_handler  BUILD/B_L4S5I_IOT01A/ARMC6/mbed-os/hal/source/mbed_us_ticker_api.o
    0x08014df4   0x0000000c   Code   RO        36530    .text.us_ticker_read  BUILD/B_L4S5I_IOT01A/ARMC6/mbed-os/targets/TARGET_STM/us_ticker.o
    0x08014e00   0x0000001c   Code   RO        36532    .text.us_ticker_set_interrupt  BUILD/B_L4S5I_IOT01A/ARMC6/mbed-os/targets/TARGET_STM/us_ticker.o
    0x08014e1c   0x00000034   Code   RO        29970    .text.wait_ns       BUILD/B_L4S5I_IOT01A/ARMC6/mbed-os/platform/source/mbed_wait_api_no_rtos.o
    0x08014e50   0x00000032   Code   RO        29763    .text.write         BUILD/B_L4S5I_IOT01A/ARMC6/mbed-os/platform/source/mbed_retarget.o
    0x08014e82   0x0000003e   Code   RO        37622    CL$$btod_d2e        c:\Users\Jay\AppData\Local\Mbed Studio\mbed-studio-tools\ac6\bin\..\lib\armlib\c_w.l(btod.o)
    0x08014ec0   0x00000046   Code   RO        37624    CL$$btod_d2e_denorm_low  c:\Users\Jay\AppData\Local\Mbed Studio\mbed-studio-tools\ac6\bin\..\lib\armlib\c_w.l(btod.o)
    0x08014f06   0x00000060   Code   RO        37623    CL$$btod_d2e_norm_op1  c:\Users\Jay\AppData\Local\Mbed Studio\mbed-studio-tools\ac6\bin\..\lib\armlib\c_w.l(btod.o)
    0x08014f66   0x00000002   PAD
    0x08014f68   0x00000338   Code   RO        37632    CL$$btod_div_common  c:\Users\Jay\AppData\Local\Mbed Studio\mbed-studio-tools\ac6\bin\..\lib\armlib\c_w.l(btod.o)
    0x080152a0   0x00000084   Code   RO        37630    CL$$btod_e2d        c:\Users\Jay\AppData\Local\Mbed Studio\mbed-studio-tools\ac6\bin\..\lib\armlib\c_w.l(btod.o)
    0x08015324   0x000000dc   Code   RO        37629    CL$$btod_e2e        c:\Users\Jay\AppData\Local\Mbed Studio\mbed-studio-tools\ac6\bin\..\lib\armlib\c_w.l(btod.o)
    0x08015400   0x0000002a   Code   RO        37626    CL$$btod_ediv       c:\Users\Jay\AppData\Local\Mbed Studio\mbed-studio-tools\ac6\bin\..\lib\armlib\c_w.l(btod.o)
    0x0801542a   0x0000002a   Code   RO        37628    CL$$btod_edivd      c:\Users\Jay\AppData\Local\Mbed Studio\mbed-studio-tools\ac6\bin\..\lib\armlib\c_w.l(btod.o)
    0x08015454   0x0000002a   Code   RO        37625    CL$$btod_emul       c:\Users\Jay\AppData\Local\Mbed Studio\mbed-studio-tools\ac6\bin\..\lib\armlib\c_w.l(btod.o)
    0x0801547e   0x0000002a   Code   RO        37627    CL$$btod_emuld      c:\Users\Jay\AppData\Local\Mbed Studio\mbed-studio-tools\ac6\bin\..\lib\armlib\c_w.l(btod.o)
    0x080154a8   0x00000244   Code   RO        37631    CL$$btod_mult_common  c:\Users\Jay\AppData\Local\Mbed Studio\mbed-studio-tools\ac6\bin\..\lib\armlib\c_w.l(btod.o)
    0x080156ec   0x00000030   Code   RO        37756    i.__ARM_fpclassify  c:\Users\Jay\AppData\Local\Mbed Studio\mbed-studio-tools\ac6\bin\..\lib\armlib\m_wm.l(fpclassify.o)
    0x0801571c   0x00000004   PAD
    0x08015720   0x000000f8   Code   RO        37797    i.__hardfp___mathlib_tofloat  c:\Users\Jay\AppData\Local\Mbed Studio\mbed-studio-tools\ac6\bin\..\lib\armlib\m_wm.l(narrow.o)
    0x08015818   0x000000d0   Code   RO        37837    i.__hardfp_ldexp    c:\Users\Jay\AppData\Local\Mbed Studio\mbed-studio-tools\ac6\bin\..\lib\armlib\m_wm.l(ldexp.o)
    0x080158e8   0x00000020   Code   RO        37861    i.__mathlib_dbl_overflow  c:\Users\Jay\AppData\Local\Mbed Studio\mbed-studio-tools\ac6\bin\..\lib\armlib\m_wm.l(dunder.o)
    0x08015908   0x00000020   Code   RO        37863    i.__mathlib_dbl_underflow  c:\Users\Jay\AppData\Local\Mbed Studio\mbed-studio-tools\ac6\bin\..\lib\armlib\m_wm.l(dunder.o)
    0x08015928   0x00000012   Code   RO        37798    i.__mathlib_narrow  c:\Users\Jay\AppData\Local\Mbed Studio\mbed-studio-tools\ac6\bin\..\lib\armlib\m_wm.l(narrow.o)
    0x0801593a   0x00000014   Code   RO        37839    i.__support_ldexp   c:\Users\Jay\AppData\Local\Mbed Studio\mbed-studio-tools\ac6\bin\..\lib\armlib\m_wm.l(ldexp.o)
    0x0801594e   0x0000000e   Code   RO        36740    i._is_digit         c:\Users\Jay\AppData\Local\Mbed Studio\mbed-studio-tools\ac6\bin\..\lib\armlib\c_w.l(__printf_wp.o)
    0x0801595c   0x0000001a   Code   RO        36787    i.fputc             c:\Users\Jay\AppData\Local\Mbed Studio\mbed-studio-tools\ac6\bin\..\lib\armlib\c_w.l(fputc.o)
    0x08015976   0x00000002   PAD
    0x08015978   0x0000008c   Code   RO        37829    i.frexp             c:\Users\Jay\AppData\Local\Mbed Studio\mbed-studio-tools\ac6\bin\..\lib\armlib\m_wm.l(frexp.o)
    0x08015a04   0x0000002c   Code   RO        37168    locale$$code        c:\Users\Jay\AppData\Local\Mbed Studio\mbed-studio-tools\ac6\bin\..\lib\armlib\c_w.l(lc_ctype_c.o)
    0x08015a30   0x0000002c   Code   RO        37673    locale$$code        c:\Users\Jay\AppData\Local\Mbed Studio\mbed-studio-tools\ac6\bin\..\lib\armlib\c_w.l(lc_numeric_c.o)
    0x08015a5c   0x00000062   Code   RO        37823    x$fpl$d2f           c:\Users\Jay\AppData\Local\Mbed Studio\mbed-studio-tools\ac6\bin\..\lib\armlib\fz_wm.l(d2f.o)
    0x08015abe   0x00000002   PAD
    0x08015ac0   0x00000010   Code   RO        37871    x$fpl$dcheck1       c:\Users\Jay\AppData\Local\Mbed Studio\mbed-studio-tools\ac6\bin\..\lib\armlib\fz_wm.l(dcheck1.o)
    0x08015ad0   0x00000018   Code   RO        37711    x$fpl$dcmpinf       c:\Users\Jay\AppData\Local\Mbed Studio\mbed-studio-tools\ac6\bin\..\lib\armlib\fz_wm.l(dcmpi.o)
    0x08015ae8   0x00000078   Code   RO        37237    x$fpl$deqf          c:\Users\Jay\AppData\Local\Mbed Studio\mbed-studio-tools\ac6\bin\..\lib\armlib\fz_wm.l(deqf.o)
    0x08015b60   0x00000078   Code   RO        37241    x$fpl$dleqf         c:\Users\Jay\AppData\Local\Mbed Studio\mbed-studio-tools\ac6\bin\..\lib\armlib\fz_wm.l(dleqf.o)
    0x08015bd8   0x00000154   Code   RO        36926    x$fpl$dmul          c:\Users\Jay\AppData\Local\Mbed Studio\mbed-studio-tools\ac6\bin\..\lib\armlib\fz_wm.l(dmul.o)
    0x08015d2c   0x0000009c   Code   RO        37243    x$fpl$dnaninf       c:\Users\Jay\AppData\Local\Mbed Studio\mbed-studio-tools\ac6\bin\..\lib\armlib\fz_wm.l(dnaninf.o)
    0x08015dc8   0x0000000c   Code   RO        37245    x$fpl$dretinf       c:\Users\Jay\AppData\Local\Mbed Studio\mbed-studio-tools\ac6\bin\..\lib\armlib\fz_wm.l(dretinf.o)
    0x08015dd4   0x0000006c   Code   RO        37825    x$fpl$drleqf        c:\Users\Jay\AppData\Local\Mbed Studio\mbed-studio-tools\ac6\bin\..\lib\armlib\fz_wm.l(drleqf.o)
    0x08015e40   0x00000056   Code   RO        36928    x$fpl$f2d           c:\Users\Jay\AppData\Local\Mbed Studio\mbed-studio-tools\ac6\bin\..\lib\armlib\fz_wm.l(f2d.o)
    0x08015e96   0x0000008c   Code   RO        37247    x$fpl$fnaninf       c:\Users\Jay\AppData\Local\Mbed Studio\mbed-studio-tools\ac6\bin\..\lib\armlib\fz_wm.l(fnaninf.o)
    0x08015f22   0x0000001a   Code   RO        37713    x$fpl$fpinit        c:\Users\Jay\AppData\Local\Mbed Studio\mbed-studio-tools\ac6\bin\..\lib\armlib\fz_wm.l(fpinit.o)
    0x08015f3c   0x0000000a   Code   RO        37835    x$fpl$fretinf       c:\Users\Jay\AppData\Local\Mbed Studio\mbed-studio-tools\ac6\bin\..\lib\armlib\fz_wm.l(fretinf.o)
    0x08015f46   0x00000006   Code   RO        37715    x$fpl$ieeestatus    c:\Users\Jay\AppData\Local\Mbed Studio\mbed-studio-tools\ac6\bin\..\lib\armlib\fz_wm.l(istatus.o)
    0x08015f4c   0x00000004   Code   RO        36932    x$fpl$printf1       c:\Users\Jay\AppData\Local\Mbed Studio\mbed-studio-tools\ac6\bin\..\lib\armlib\fz_wm.l(printf1.o)
    0x08015f50   0x00000004   Code   RO        37249    x$fpl$printf2       c:\Users\Jay\AppData\Local\Mbed Studio\mbed-studio-tools\ac6\bin\..\lib\armlib\fz_wm.l(printf2.o)
    0x08015f54   0x00000064   Code   RO        37873    x$fpl$retnan        c:\Users\Jay\AppData\Local\Mbed Studio\mbed-studio-tools\ac6\bin\..\lib\armlib\fz_wm.l(retnan.o)
    0x08015fb8   0x0000005c   Code   RO        37855    x$fpl$scalbn        c:\Users\Jay\AppData\Local\Mbed Studio\mbed-studio-tools\ac6\bin\..\lib\armlib\fz_wm.l(scalbn.o)
    0x08016014   0x00000004   Code   RO        37255    x$fpl$scanf1        c:\Users\Jay\AppData\Local\Mbed Studio\mbed-studio-tools\ac6\bin\..\lib\armlib\fz_wm.l(scanf1.o)
    0x08016018   0x00000008   Code   RO        37791    x$fpl$scanf2        c:\Users\Jay\AppData\Local\Mbed Studio\mbed-studio-tools\ac6\bin\..\lib\armlib\fz_wm.l(scanf2.o)
    0x08016020   0x00000030   Code   RO        37875    x$fpl$trapveneer    c:\Users\Jay\AppData\Local\Mbed Studio\mbed-studio-tools\ac6\bin\..\lib\armlib\fz_wm.l(trapv.o)
    0x08016050   0x00000000   Code   RO        37257    x$fpl$usenofp       c:\Users\Jay\AppData\Local\Mbed Studio\mbed-studio-tools\ac6\bin\..\lib\armlib\fz_wm.l(usenofp.o)
    0x08016050   0x00000008   Data   RO        36701    .constdata          c:\Users\Jay\AppData\Local\Mbed Studio\mbed-studio-tools\ac6\bin\..\lib\armlib\c_w.l(_printf_wctomb.o)
    0x08016058   0x00000028   Data   RO        36728    .constdata          c:\Users\Jay\AppData\Local\Mbed Studio\mbed-studio-tools\ac6\bin\..\lib\armlib\c_w.l(_printf_hex_int_ll_ptr.o)
    0x08016080   0x00000011   Data   RO        36748    .constdata          c:\Users\Jay\AppData\Local\Mbed Studio\mbed-studio-tools\ac6\bin\..\lib\armlib\c_w.l(__printf_flags_ss_wp.o)
    0x08016091   0x00000026   Data   RO        37599    .constdata          c:\Users\Jay\AppData\Local\Mbed Studio\mbed-studio-tools\ac6\bin\..\lib\armlib\c_w.l(_printf_fp_hex.o)
    0x080160b7   0x00000001   PAD
    0x080160b8   0x00000094   Data   RO        37620    .constdata          c:\Users\Jay\AppData\Local\Mbed Studio\mbed-studio-tools\ac6\bin\..\lib\armlib\c_w.l(bigflt0.o)
    0x0801614c   0x000000a8   Data   RO         1003    .rodata             BUILD/B_L4S5I_IOT01A/ARMC6/mbed-os/cmsis/CMSIS_5/CMSIS/RTOS2/RTX/Source/rtx_lib.o
    0x080161f4   0x00000010   Data   RO         1412    .rodata..L__const.mbed_rtos_init_singleton_mutex.singleton_mutex_attr  BUILD/B_L4S5I_IOT01A/ARMC6/mbed-os/cmsis/device/rtos/source/mbed_rtos_rtx.o
    0x08016204   0x0000017d   Data   RO          805    .rodata..Lconstinit.1  BUILD/B_L4S5I_IOT01A/ARMC6/COMPONENT_ism43362/ISM43362/ISM43362.o
    0x08016381   0x00000010   Data   RO        35792    .rodata.AHBPrescTable  BUILD/B_L4S5I_IOT01A/ARMC6/mbed-os/targets/TARGET_STM/TARGET_STM32L4/STM32Cube_FW/system_stm32l4xx.o
    0x08016391   0x00000008   Data   RO        35793    .rodata.APBPrescTable  BUILD/B_L4S5I_IOT01A/ARMC6/mbed-os/targets/TARGET_STM/TARGET_STM32L4/STM32Cube_FW/system_stm32l4xx.o
    0x08016399   0x00000003   PAD
    0x0801639c   0x00000030   Data   RO        35794    .rodata.MSIRangeTable  BUILD/B_L4S5I_IOT01A/ARMC6/mbed-os/targets/TARGET_STM/TARGET_STM32L4/STM32Cube_FW/system_stm32l4xx.o
    0x080163cc   0x00000078   Data   RO        35808    .rodata.PinMap_SPI_MISO  BUILD/B_L4S5I_IOT01A/ARMC6/mbed-os/targets/TARGET_STM/TARGET_STM32L4/TARGET_STM32L4S5xI/TARGET_B_L4S5I_IOT01A/PeripheralPins.o
    0x08016444   0x00000090   Data   RO        35807    .rodata.PinMap_SPI_MOSI  BUILD/B_L4S5I_IOT01A/ARMC6/mbed-os/targets/TARGET_STM/TARGET_STM32L4/TARGET_STM32L4S5xI/TARGET_B_L4S5I_IOT01A/PeripheralPins.o
    0x080164d4   0x00000090   Data   RO        35809    .rodata.PinMap_SPI_SCLK  BUILD/B_L4S5I_IOT01A/ARMC6/mbed-os/targets/TARGET_STM/TARGET_STM32L4/TARGET_STM32L4S5xI/TARGET_B_L4S5I_IOT01A/PeripheralPins.o
    0x08016564   0x00000078   Data   RO        35810    .rodata.PinMap_SPI_SSEL  BUILD/B_L4S5I_IOT01A/ARMC6/mbed-os/targets/TARGET_STM/TARGET_STM32L4/TARGET_STM32L4S5xI/TARGET_B_L4S5I_IOT01A/PeripheralPins.o
    0x080165dc   0x000000c0   Data   RO        35804    .rodata.PinMap_UART_RX  BUILD/B_L4S5I_IOT01A/ARMC6/mbed-os/targets/TARGET_STM/TARGET_STM32L4/TARGET_STM32L4S5xI/TARGET_B_L4S5I_IOT01A/PeripheralPins.o
    0x0801669c   0x000000b4   Data   RO        35803    .rodata.PinMap_UART_TX  BUILD/B_L4S5I_IOT01A/ARMC6/mbed-os/targets/TARGET_STM/TARGET_STM32L4/TARGET_STM32L4S5xI/TARGET_B_L4S5I_IOT01A/PeripheralPins.o
    0x08016750   0x00000018   Data   RO        35115    .rodata.UARTPrescTable  BUILD/B_L4S5I_IOT01A/ARMC6/mbed-os/targets/TARGET_STM/TARGET_STM32L4/STM32Cube_FW/STM32L4xx_HAL_Driver/stm32l4xx_hal_uart.o
    0x08016768   0x00000001   Data   RO        37019    .rodata._ZSt7nothrow  c:\Users\Jay\AppData\Local\Mbed Studio\mbed-studio-tools\ac6\bin\..\lib\libcxx\libcpp_w.l(new.cpp.o)
    0x08016769   0x00000003   PAD
    0x0801676c   0x00000064   Data   RO          744    .rodata._ZTV11BufferedSpi  BUILD/B_L4S5I_IOT01A/ARMC6/COMPONENT_ism43362/ISM43362/ATParser/BufferedSpi/BufferedSpi.o
    0x080167d0   0x00000050   Data   RO        29887    .rodata._ZTV12DirectSerial  BUILD/B_L4S5I_IOT01A/ARMC6/mbed-os/platform/source/mbed_retarget.o
    0x08016820   0x00000058   Data   RO        25171    .rodata._ZTV14InternetSocket  BUILD/B_L4S5I_IOT01A/ARMC6/mbed-os/connectivity/netsocket/source/InternetSocket.o
    0x08016878   0x00000084   Data   RO        25237    .rodata._ZTV16NetworkInterface  BUILD/B_L4S5I_IOT01A/ARMC6/mbed-os/connectivity/netsocket/source/NetworkInterface.o
    0x080168fc   0x000001e8   Data   RO          365    .rodata._ZTV17ISM43362Interface  BUILD/B_L4S5I_IOT01A/ARMC6/COMPONENT_ism43362/ISM43362Interface.o
    0x08016ae4   0x00000058   Data   RO        25485    .rodata._ZTV9TCPSocket  BUILD/B_L4S5I_IOT01A/ARMC6/mbed-os/connectivity/netsocket/source/TCPSocket.o
    0x08016b3c   0x00000058   Data   RO        25587    .rodata._ZTV9UDPSocket  BUILD/B_L4S5I_IOT01A/ARMC6/mbed-os/connectivity/netsocket/source/UDPSocket.o
    0x08016b94   0x0000000c   Data   RO        27096    .rodata._ZTVN4mbed10TimerEventE  BUILD/B_L4S5I_IOT01A/ARMC6/mbed-os/drivers/source/TimerEvent.o
    0x08016ba0   0x00000010   Data   RO        26702    .rodata._ZTVN4mbed11InterruptInE  BUILD/B_L4S5I_IOT01A/ARMC6/mbed-os/drivers/source/InterruptIn.o
    0x08016bb0   0x00000020   Data   RO        26897    .rodata._ZTVN4mbed3SPIE  BUILD/B_L4S5I_IOT01A/ARMC6/mbed-os/drivers/source/SPI.o
    0x08016bd0   0x0000000c   Data   RO        29430    .rodata._ZTVN4mbed8internal8SysTimerINSt3__25ratioILx1ELx1000EEELb1EEE  BUILD/B_L4S5I_IOT01A/ARMC6/mbed-os/platform/source/SysTimer.o
    0x08016bdc   0x00000010   Data   RO        30190    .rodata._ZTVN4rtos6ThreadE  BUILD/B_L4S5I_IOT01A/ARMC6/mbed-os/rtos/source/Thread.o
    0x08016bec   0x00000018   Data   RO        29897    .rodata._ZZL15default_consolevE14console_pinmap  BUILD/B_L4S5I_IOT01A/ARMC6/mbed-os/platform/source/mbed_retarget.o
    0x08016c04   0x00000008   Data   RO        29883    .rodata.__stderr_name  BUILD/B_L4S5I_IOT01A/ARMC6/mbed-os/platform/source/mbed_retarget.o
    0x08016c0c   0x00000007   Data   RO        29881    .rodata.__stdin_name  BUILD/B_L4S5I_IOT01A/ARMC6/mbed-os/platform/source/mbed_retarget.o
    0x08016c13   0x00000008   Data   RO        29882    .rodata.__stdout_name  BUILD/B_L4S5I_IOT01A/ARMC6/mbed-os/platform/source/mbed_retarget.o
    0x08016c1b   0x00000001   PAD
    0x08016c1c   0x00000010   Data   RO        35116    .rodata.cst16       BUILD/B_L4S5I_IOT01A/ARMC6/mbed-os/targets/TARGET_STM/TARGET_STM32L4/STM32Cube_FW/STM32L4xx_HAL_Driver/stm32l4xx_hal_uart.o
    0x08016c2c   0x00000004   PAD
    0x08016c30   0x0000000a   Data   RO        29972    .rodata.delay_loop_code  BUILD/B_L4S5I_IOT01A/ARMC6/mbed-os/platform/source/mbed_wait_api_no_rtos.o
    0x08016c3a   0x00000002   PAD
    0x08016c3c   0x00000040   Data   RO        36309    .rodata.ll_pin_defines  BUILD/B_L4S5I_IOT01A/ARMC6/mbed-os/targets/TARGET_STM/pinmap.o
    0x08016c7c   0x00000008   Data   RO        28873    .rodata.lp_data     BUILD/B_L4S5I_IOT01A/ARMC6/mbed-os/hal/source/mbed_lp_ticker_api.o
    0x08016c84   0x00000024   Data   RO        28875    .rodata.lp_interface  BUILD/B_L4S5I_IOT01A/ARMC6/mbed-os/hal/source/mbed_lp_ticker_api.o
    0x08016ca8   0x00000008   Data   RO        36272    .rodata.lp_ticker_get_info.info  BUILD/B_L4S5I_IOT01A/ARMC6/mbed-os/targets/TARGET_STM/lp_ticker.o
    0x08016cb0   0x00000004   Data   RO         1005    .rodata.osRtxUserSVC  BUILD/B_L4S5I_IOT01A/ARMC6/mbed-os/cmsis/CMSIS_5/CMSIS/RTOS2/RTX/Source/rtx_lib.o
    0x08016cb4   0x00000024   Data   RO         1000    .rodata.os_idle_thread_attr  BUILD/B_L4S5I_IOT01A/ARMC6/mbed-os/cmsis/CMSIS_5/CMSIS/RTOS2/RTX/Source/rtx_lib.o
    0x08016cd8   0x00000018   Data   RO         1002    .rodata.os_timer_mq_attr  BUILD/B_L4S5I_IOT01A/ARMC6/mbed-os/cmsis/CMSIS_5/CMSIS/RTOS2/RTX/Source/rtx_lib.o
    0x08016cf0   0x00000024   Data   RO         1001    .rodata.os_timer_thread_attr  BUILD/B_L4S5I_IOT01A/ARMC6/mbed-os/cmsis/CMSIS_5/CMSIS/RTOS2/RTX/Source/rtx_lib.o
    0x08016d14   0x000000c0   Data   RO        35881    .rodata.pin_lines_desc  BUILD/B_L4S5I_IOT01A/ARMC6/mbed-os/targets/TARGET_STM/TARGET_STM32L4/gpio_irq_device.o
    0x08016dd4   0x000000e3   Data   RO          364    .rodata.str1.1      BUILD/B_L4S5I_IOT01A/ARMC6/COMPONENT_ism43362/ISM43362Interface.o
    0x08016eb7   0x00000043   Data   RO          689    .rodata.str1.1      BUILD/B_L4S5I_IOT01A/ARMC6/COMPONENT_ism43362/ISM43362/ATParser/BufferedSpi/BufferedPrint.o
    0x08016efa   0x00000246   Data   RO          806    .rodata.str1.1      BUILD/B_L4S5I_IOT01A/ARMC6/COMPONENT_ism43362/ISM43362/ISM43362.o
    0x08017140   0x00000013   Data   RO         1006    .rodata.str1.1      BUILD/B_L4S5I_IOT01A/ARMC6/mbed-os/cmsis/CMSIS_5/CMSIS/RTOS2/RTX/Source/rtx_lib.o
    0x08017153   0x00000010   Data   RO         1410    .rodata.str1.1      BUILD/B_L4S5I_IOT01A/ARMC6/mbed-os/cmsis/device/rtos/source/mbed_rtos_rtx.o
    0x08017163   0x00000138   Data   RO         1447    .rodata.str1.1      BUILD/B_L4S5I_IOT01A/ARMC6/mbed-os/cmsis/device/rtos/source/mbed_rtx_handlers.o
    0x0801729b   0x00000035   Data   RO         1476    .rodata.str1.1      BUILD/B_L4S5I_IOT01A/ARMC6/mbed-os/cmsis/device/rtos/source/mbed_rtx_idle.o
    0x080172d0   0x0000002f   Data   RO        25172    .rodata.str1.1      BUILD/B_L4S5I_IOT01A/ARMC6/mbed-os/connectivity/netsocket/source/InternetSocket.o
    0x080172ff   0x00000014   Data   RO        25265    .rodata.str1.1      BUILD/B_L4S5I_IOT01A/ARMC6/mbed-os/connectivity/netsocket/source/NetworkInterfaceDefaults.o
    0x08017313   0x0000005a   Data   RO        25309    .rodata.str1.1      BUILD/B_L4S5I_IOT01A/ARMC6/mbed-os/connectivity/netsocket/source/NetworkStack.o
    0x0801736d   0x00000044   Data   RO        25486    .rodata.str1.1      BUILD/B_L4S5I_IOT01A/ARMC6/mbed-os/connectivity/netsocket/source/TCPSocket.o
    0x080173b1   0x00000056   Data   RO        25673    .rodata.str1.1      BUILD/B_L4S5I_IOT01A/ARMC6/mbed-os/connectivity/netsocket/source/nsapi_dns.o
    0x08017407   0x0000004a   Data   RO        26898    .rodata.str1.1      BUILD/B_L4S5I_IOT01A/ARMC6/mbed-os/drivers/source/SPI.o
    0x08017451   0x0000003e   Data   RO        28272    .rodata.str1.1      BUILD/B_L4S5I_IOT01A/ARMC6/mbed-os/events/source/mbed_shared_queues.o
    0x0801748f   0x0000004e   Data   RO        29290    .rodata.str1.1      BUILD/B_L4S5I_IOT01A/ARMC6/mbed-os/platform/source/SysTimer.o
    0x080174dd   0x000000c8   Data   RO        29442    .rodata.str1.1      BUILD/B_L4S5I_IOT01A/ARMC6/mbed-os/platform/source/TARGET_CORTEX_M/mbed_fault_handler.o
    0x080175a5   0x0000015c   Data   RO        29626    .rodata.str1.1      BUILD/B_L4S5I_IOT01A/ARMC6/mbed-os/platform/source/mbed_error.o
    0x08017701   0x00000063   Data   RO        29891    .rodata.str1.1      BUILD/B_L4S5I_IOT01A/ARMC6/mbed-os/platform/source/mbed_retarget.o
    0x08017764   0x00000012   Data   RO        30082    .rodata.str1.1      BUILD/B_L4S5I_IOT01A/ARMC6/mbed-os/rtos/source/Mutex.o
    0x08017776   0x00000025   Data   RO        30150    .rodata.str1.1      BUILD/B_L4S5I_IOT01A/ARMC6/mbed-os/rtos/source/ThisThread.o
    0x0801779b   0x0000001b   Data   RO        30189    .rodata.str1.1      BUILD/B_L4S5I_IOT01A/ARMC6/mbed-os/rtos/source/Thread.o
    0x080177b6   0x0000002a   Data   RO        36443    .rodata.str1.1      BUILD/B_L4S5I_IOT01A/ARMC6/mbed-os/targets/TARGET_STM/serial_api.o
    0x080177e0   0x00000039   Data   RO        36510    .rodata.str1.1      BUILD/B_L4S5I_IOT01A/ARMC6/mbed-os/targets/TARGET_STM/stm_spi_api.o
    0x08017819   0x00000120   Data   RO        36568    .rodata.str1.1      BUILD/B_L4S5I_IOT01A/ARMC6/source/main.o
    0x08017939   0x00000003   PAD
    0x0801793c   0x0000000b   Data   RO          993    .rodata.str1.4      BUILD/B_L4S5I_IOT01A/ARMC6/mbed-os/cmsis/CMSIS_5/CMSIS/RTOS2/RTX/Source/rtx_kernel.o
    0x08017947   0x00000001   PAD
    0x08017948   0x00000008   Data   RO        28966    .rodata.us_data     BUILD/B_L4S5I_IOT01A/ARMC6/mbed-os/hal/source/mbed_us_ticker_api.o
    0x08017950   0x00000024   Data   RO        28968    .rodata.us_interface  BUILD/B_L4S5I_IOT01A/ARMC6/mbed-os/hal/source/mbed_us_ticker_api.o
    0x08017974   0x00000008   Data   RO        36546    .rodata.us_ticker_get_info.info  BUILD/B_L4S5I_IOT01A/ARMC6/mbed-os/targets/TARGET_STM/us_ticker.o
    0x0801797c   0x00000020   Data   RO        37877    Region$$Table       anon$$obj.o
    0x0801799c   0x00000008   Data   RO        37787    c$$dinf             c:\Users\Jay\AppData\Local\Mbed Studio\mbed-studio-tools\ac6\bin\..\lib\armlib\fz_wm.l(fpconst.o)
    0x080179a4   0x00000008   Data   RO        37790    c$$dmax             c:\Users\Jay\AppData\Local\Mbed Studio\mbed-studio-tools\ac6\bin\..\lib\armlib\fz_wm.l(fpconst.o)
    0x080179ac   0x00000110   Data   RO        37167    locale$$data        c:\Users\Jay\AppData\Local\Mbed Studio\mbed-studio-tools\ac6\bin\..\lib\armlib\c_w.l(lc_ctype_c.o)
    0x08017abc   0x0000001c   Data   RO        37672    locale$$data        c:\Users\Jay\AppData\Local\Mbed Studio\mbed-studio-tools\ac6\bin\..\lib\armlib\c_w.l(lc_numeric_c.o)
    0x08017ad8   0x00000004   Data   RO        30314    .init_array         BUILD/B_L4S5I_IOT01A/ARMC6/mbed-os/storage/blockdevice/COMPONENT_QSPIF/source/QSPIFBlockDevice.o
    0x08017adc   0x00000000   Data   RO        36895    .init_array         c:\Users\Jay\AppData\Local\Mbed Studio\mbed-studio-tools\ac6\bin\..\lib\armlib\c_w.l(init_aeabi.o)


    Execution Region RW_IRAM1 (Base: 0x200001c0, Size: 0x00004dcc, Max: 0xffffffff, ABSOLUTE, COMPRESSED[0x000000c8])

    Base Addr    Size         Type   Attr      Idx    E Section Name        Object

    0x200001c0   0x00000004   Data   RW        36811    .data               c:\Users\Jay\AppData\Local\Mbed Studio\mbed-studio-tools\ac6\bin\..\lib\armlib\c_w.l(stdio_streams.o)
    0x200001c4   0x00000004   Data   RW        36812    .data               c:\Users\Jay\AppData\Local\Mbed Studio\mbed-studio-tools\ac6\bin\..\lib\armlib\c_w.l(stdio_streams.o)
    0x200001c8   0x00000004   Data   RW        36813    .data               c:\Users\Jay\AppData\Local\Mbed Studio\mbed-studio-tools\ac6\bin\..\lib\armlib\c_w.l(stdio_streams.o)
    0x200001cc   0x00000004   Data   RW        36838    .data               c:\Users\Jay\AppData\Local\Mbed Studio\mbed-studio-tools\ac6\bin\..\lib\armlib\c_w.l(strtok.o)
    0x200001d0   0x00000004   Data   RW        37154    .data               c:\Users\Jay\AppData\Local\Mbed Studio\mbed-studio-tools\ac6\bin\..\lib\armlib\c_w.l(streamlock.o)
    0x200001d4   0x0000000c   Data   RW          186    .data.HTS221_H_Drv  BUILD/B_L4S5I_IOT01A/ARMC6/BSP_B-L475E-IOT01/Drivers/BSP/Components/hts221/hts221.o
    0x200001e0   0x00000010   Data   RW          187    .data.HTS221_T_Drv  BUILD/B_L4S5I_IOT01A/ARMC6/BSP_B-L475E-IOT01/Drivers/BSP/Components/hts221/hts221.o
    0x200001f0   0x0000000c   Data   RW          215    .data.LPS22HB_P_Drv  BUILD/B_L4S5I_IOT01A/ARMC6/BSP_B-L475E-IOT01/Drivers/BSP/Components/lps22hb/lps22hb.o
    0x200001fc   0x00000034   Data   RW          200    .data.Lis3mdlMagDrv  BUILD/B_L4S5I_IOT01A/ARMC6/BSP_B-L475E-IOT01/Drivers/BSP/Components/lis3mdl/lis3mdl.o
    0x20000230   0x00000034   Data   RW          239    .data.Lsm6dslAccDrv  BUILD/B_L4S5I_IOT01A/ARMC6/BSP_B-L475E-IOT01/Drivers/BSP/Components/lsm6dsl/lsm6dsl.o
    0x20000264   0x00000034   Data   RW          240    .data.Lsm6dslGyroDrv  BUILD/B_L4S5I_IOT01A/ARMC6/BSP_B-L475E-IOT01/Drivers/BSP/Components/lsm6dsl/lsm6dsl.o
    0x20000298   0x00000004   Data   RW        35791    .data.SystemCoreClock  BUILD/B_L4S5I_IOT01A/ARMC6/mbed-os/targets/TARGET_STM/TARGET_STM32L4/STM32Cube_FW/system_stm32l4xx.o
    0x2000029c   0x00000055   Data   RW        25670    .data._ZL11dns_servers  BUILD/B_L4S5I_IOT01A/ARMC6/mbed-os/connectivity/netsocket/source/nsapi_dns.o
    0x200002f1   0x00000003   PAD
    0x200002f4   0x00000040   Data   RW        29896    .data._ZL11filehandles  BUILD/B_L4S5I_IOT01A/ARMC6/mbed-os/platform/source/mbed_retarget.o
    0x20000334   0x00000004   Data   RW        25666    .data._ZL13dns_unique_id  BUILD/B_L4S5I_IOT01A/ARMC6/mbed-os/connectivity/netsocket/source/nsapi_dns.o
    0x20000338   0x00000002   Data   RW        25665    .data._ZL14dns_message_id  BUILD/B_L4S5I_IOT01A/ARMC6/mbed-os/connectivity/netsocket/source/nsapi_dns.o
    0x2000033a   0x00000002   PAD
    0x2000033c   0x00000004   Data   RW         1477    .data._ZL14idle_hook_fptr  BUILD/B_L4S5I_IOT01A/ARMC6/mbed-os/cmsis/device/rtos/source/mbed_rtx_idle.o
    0x20000340   0x00000008   Data   RW        25238    .data._ZZL29get_interface_event_list_headvE10event_list  BUILD/B_L4S5I_IOT01A/ARMC6/mbed-os/connectivity/netsocket/source/NetworkInterface.o
    0x20000348   0x00000004   Data   RW        28874    .data.irq_handler   BUILD/B_L4S5I_IOT01A/ARMC6/mbed-os/hal/source/mbed_lp_ticker_api.o
    0x2000034c   0x00000004   Data   RW        28967    .data.irq_handler   BUILD/B_L4S5I_IOT01A/ARMC6/mbed-os/hal/source/mbed_us_ticker_api.o
    0x20000350   0x000000a4   Data   RW          994    .data.os            BUILD/B_L4S5I_IOT01A/ARMC6/mbed-os/cmsis/CMSIS_5/CMSIS/RTOS2/RTX/Source/rtx_kernel.o
    0x200003f4   0x00000004   Data   RW        31891    .data.uwTickPrio    BUILD/B_L4S5I_IOT01A/ARMC6/mbed-os/targets/TARGET_STM/TARGET_STM32L4/STM32Cube_FW/STM32L4xx_HAL_Driver/stm32l4xx_hal.o
    0x200003f8   0x00000054   Zero   RW        36808    .bss                c:\Users\Jay\AppData\Local\Mbed Studio\mbed-studio-tools\ac6\bin\..\lib\armlib\c_w.l(stdio_streams.o)
    0x2000044c   0x00000054   Zero   RW        36809    .bss                c:\Users\Jay\AppData\Local\Mbed Studio\mbed-studio-tools\ac6\bin\..\lib\armlib\c_w.l(stdio_streams.o)
    0x200004a0   0x00000054   Zero   RW        36810    .bss                c:\Users\Jay\AppData\Local\Mbed Studio\mbed-studio-tools\ac6\bin\..\lib\armlib\c_w.l(stdio_streams.o)
    0x200004f4   0x000000e4   Zero   RW        36832    .bss                c:\Users\Jay\AppData\Local\Mbed Studio\mbed-studio-tools\ac6\bin\..\lib\armlib\c_w.l(rand.o)
    0x200005d8   0x00000060   Zero   RW        37046    .bss                c:\Users\Jay\AppData\Local\Mbed Studio\mbed-studio-tools\ac6\bin\..\lib\armlib\c_w.l(libspace.o)
    0x20000638   0x00000004   Zero   RW           90    .bss.AccelerometerDrv  BUILD/B_L4S5I_IOT01A/ARMC6/BSP_B-L475E-IOT01/Drivers/BSP/B-L475E-IOT01/stm32l475e_iot01_accelero.o
    0x2000063c   0x00000004   Zero   RW          101    .bss.GyroscopeDrv   BUILD/B_L4S5I_IOT01A/ARMC6/BSP_B-L475E-IOT01/Drivers/BSP/B-L475E-IOT01/stm32l475e_iot01_gyro.o
    0x20000640   0x00000001   Zero   RW        36280    .bss.LPTICKER_inited  BUILD/B_L4S5I_IOT01A/ARMC6/mbed-os/targets/TARGET_STM/lp_ticker.o
    0x20000641   0x00000003   PAD
    0x20000644   0x00000038   Zero   RW        36281    .bss.LptimHandle    BUILD/B_L4S5I_IOT01A/ARMC6/mbed-os/targets/TARGET_STM/lp_ticker.o
    0x2000067c   0x00000004   Zero   RW          120    .bss.MagnetoDrv     BUILD/B_L4S5I_IOT01A/ARMC6/BSP_B-L475E-IOT01/Drivers/BSP/B-L475E-IOT01/stm32l475e_iot01_magneto.o
    0x20000680   0x0000004c   Zero   RW        36547    .bss.TimMasterHandle  BUILD/B_L4S5I_IOT01A/ARMC6/mbed-os/targets/TARGET_STM/us_ticker.o
    0x200006cc   0x00000004   Zero   RW        29899    .bss._ZGVZL15default_consolevE7console  BUILD/B_L4S5I_IOT01A/ARMC6/mbed-os/platform/source/mbed_retarget.o
    0x200006d0   0x00000004   Zero   RW        25308    .bss._ZGVZN12NetworkStack7call_inEiN4mbed8CallbackIFvvEEEE11event_queue  BUILD/B_L4S5I_IOT01A/ARMC6/mbed-os/connectivity/netsocket/source/NetworkStack.o
    0x200006d4   0x00000004   Zero   RW          368    .bss._ZGVZN13WiFiInterface20get_default_instanceEvE3ism  BUILD/B_L4S5I_IOT01A/ARMC6/COMPONENT_ism43362/ISM43362Interface.o
    0x200006d8   0x00000004   Zero   RW        28280    .bss._ZGVZN4mbed33do_shared_event_queue_with_threadIL12osPriority_t24ELj768ELj2048EEEPN6events10EventQueueEPKcE5queue  BUILD/B_L4S5I_IOT01A/ARMC6/mbed-os/events/source/mbed_shared_queues.o
    0x200006dc   0x00000004   Zero   RW        28283    .bss._ZGVZN4mbed33do_shared_event_queue_with_threadIL12osPriority_t24ELj768ELj2048EEEPN6events10EventQueueEPKcE6thread  BUILD/B_L4S5I_IOT01A/ARMC6/mbed-os/events/source/mbed_shared_queues.o
    0x200006e0   0x00000014   Zero   RW        25664    .bss._ZL11dns_call_in  BUILD/B_L4S5I_IOT01A/ARMC6/mbed-os/connectivity/netsocket/source/nsapi_dns.o
    0x200006f4   0x00000010   Zero   RW        29889    .bss._ZL13stdio_in_prev  BUILD/B_L4S5I_IOT01A/ARMC6/mbed-os/platform/source/mbed_retarget.o
    0x20000704   0x00000010   Zero   RW        29890    .bss._ZL14stdio_out_prev  BUILD/B_L4S5I_IOT01A/ARMC6/mbed-os/platform/source/mbed_retarget.o
    0x20000714   0x00000028   Zero   RW        25671    .bss._ZL15dns_cache_mutex  BUILD/B_L4S5I_IOT01A/ARMC6/mbed-os/connectivity/netsocket/source/nsapi_dns.o
    0x2000073c   0x00000014   Zero   RW        25668    .bss._ZL15dns_query_queue  BUILD/B_L4S5I_IOT01A/ARMC6/mbed-os/connectivity/netsocket/source/nsapi_dns.o
    0x20000750   0x00000028   Zero   RW        29886    .bss._ZL16filehandle_mutex  BUILD/B_L4S5I_IOT01A/ARMC6/mbed-os/platform/source/mbed_retarget.o
    0x20000778   0x00000001   Zero   RW        25669    .bss._ZL17dns_timer_running  BUILD/B_L4S5I_IOT01A/ARMC6/mbed-os/connectivity/netsocket/source/nsapi_dns.o
    0x20000779   0x00000003   PAD
    0x2000077c   0x0000000c   Zero   RW        25672    .bss._ZL9dns_cache  BUILD/B_L4S5I_IOT01A/ARMC6/mbed-os/connectivity/netsocket/source/nsapi_dns.o
    0x20000788   0x00000028   Zero   RW        25667    .bss._ZL9dns_mutex  BUILD/B_L4S5I_IOT01A/ARMC6/mbed-os/connectivity/netsocket/source/nsapi_dns.o
    0x200007b0   0x00000004   Zero   RW        29134    .bss._ZN10CThunkBase17_cthunk_free_realE  BUILD/B_L4S5I_IOT01A/ARMC6/mbed-os/platform/source/CThunkBase.o
    0x200007b4   0x00000004   Zero   RW        30311    .bss._ZN16QSPIFBlockDevice28_active_qspif_flash_csel_arrE  BUILD/B_L4S5I_IOT01A/ARMC6/mbed-os/storage/blockdevice/COMPONENT_QSPIF/source/QSPIFBlockDevice.o
    0x200007b8   0x0000039c   Zero   RW        26895    .bss._ZN4mbed3SPI12_peripheralsE  BUILD/B_L4S5I_IOT01A/ARMC6/mbed-os/drivers/source/SPI.o
    0x20000b54   0x00000004   Zero   RW        26896    .bss._ZN4mbed3SPI17_peripherals_usedE  BUILD/B_L4S5I_IOT01A/ARMC6/mbed-os/drivers/source/SPI.o
    0x20000b58   0x00000004   Zero   RW        29190    .bss._ZN4mbed8FileBase5_headE  BUILD/B_L4S5I_IOT01A/ARMC6/mbed-os/platform/source/FileBase.o
    0x20000b5c   0x00000028   Zero   RW        29191    .bss._ZN4mbed8FileBase6_mutexE  BUILD/B_L4S5I_IOT01A/ARMC6/mbed-os/platform/source/FileBase.o
    0x20000b84   0x00000004   Zero   RW        29192    .bss._ZN4mbed8FileBase8_defaultE  BUILD/B_L4S5I_IOT01A/ARMC6/mbed-os/platform/source/FileBase.o
    0x20000b88   0x00000048   Zero   RW        29689    .bss._ZN4mbed8internal12_GLOBAL__N_113os_timer_dataE  BUILD/B_L4S5I_IOT01A/ARMC6/mbed-os/platform/source/mbed_os_timer.o
    0x20000bd0   0x00000004   Zero   RW        29688    .bss._ZN4mbed8internal8os_timerE  BUILD/B_L4S5I_IOT01A/ARMC6/mbed-os/platform/source/mbed_os_timer.o
    0x20000bd4   0x00000004   Zero   RW        29898    .bss._ZZL15default_consolevE7console  BUILD/B_L4S5I_IOT01A/ARMC6/mbed-os/platform/source/mbed_retarget.o
    0x20000bd8   0x00000004   Zero   RW        25307    .bss._ZZN12NetworkStack7call_inEiN4mbed8CallbackIFvvEEEE11event_queue  BUILD/B_L4S5I_IOT01A/ARMC6/mbed-os/connectivity/netsocket/source/NetworkStack.o
    0x20000bdc   0x0000051c   Zero   RW          367    .bss._ZZN13WiFiInterface20get_default_instanceEvE3ism  BUILD/B_L4S5I_IOT01A/ARMC6/COMPONENT_ism43362/ISM43362Interface.o
    0x200010f8   0x00000300   Zero   RW        28278    .bss._ZZN4mbed33do_shared_event_queue_with_threadIL12osPriority_t24ELj768ELj2048EEEPN6events10EventQueueEPKcE12queue_buffer  BUILD/B_L4S5I_IOT01A/ARMC6/mbed-os/events/source/mbed_shared_queues.o
    0x200013f8   0x0000005c   Zero   RW        28279    .bss._ZZN4mbed33do_shared_event_queue_with_threadIL12osPriority_t24ELj768ELj2048EEEPN6events10EventQueueEPKcE5queue  BUILD/B_L4S5I_IOT01A/ARMC6/mbed-os/events/source/mbed_shared_queues.o
    0x20001454   0x00000004   PAD
    0x20001458   0x00000800   Zero   RW        28281    .bss._ZZN4mbed33do_shared_event_queue_with_threadIL12osPriority_t24ELj768ELj2048EEEPN6events10EventQueueEPKcE5stack  BUILD/B_L4S5I_IOT01A/ARMC6/mbed-os/events/source/mbed_shared_queues.o
    0x20001c58   0x000000bc   Zero   RW        28282    .bss._ZZN4mbed33do_shared_event_queue_with_threadIL12osPriority_t24ELj768ELj2048EEEPN6events10EventQueueEPKcE6thread  BUILD/B_L4S5I_IOT01A/ARMC6/mbed-os/events/source/mbed_shared_queues.o
    0x20001d14   0x00000004   Zero   RW        30054    .bss._ZZN4rtos6Kernel4impl14get_tick_countEvE6tick_h  BUILD/B_L4S5I_IOT01A/ARMC6/mbed-os/rtos/source/Kernel.o
    0x20001d18   0x00000004   Zero   RW        30055    .bss._ZZN4rtos6Kernel4impl14get_tick_countEvE6tick_l  BUILD/B_L4S5I_IOT01A/ARMC6/mbed-os/rtos/source/Kernel.o
    0x20001d1c   0x00000002   Zero   RW          807    .bss._ZZN8ISM433624openEPKciS1_iE12rnglocalport  BUILD/B_L4S5I_IOT01A/ARMC6/COMPONENT_ism43362/ISM43362/ISM43362.o
    0x20001d1e   0x00000002   PAD
    0x20001d20   0x00002000   Zero   RW         1407    .bss._main_stack    BUILD/B_L4S5I_IOT01A/ARMC6/mbed-os/cmsis/device/rtos/source/mbed_rtos_rtx.o
    0x20003d20   0x00000024   Zero   RW         1408    .bss._main_thread_attr  BUILD/B_L4S5I_IOT01A/ARMC6/mbed-os/cmsis/device/rtos/source/mbed_rtos_rtx.o
    0x20003d44   0x00000020   Zero   RW         1380    .bss._static_mutexes  BUILD/B_L4S5I_IOT01A/ARMC6/mbed-os/cmsis/device/rtos/TOOLCHAIN_ARM_STD/mbed_boot_arm_std.o
    0x20003d64   0x000000e0   Zero   RW         1381    .bss._static_mutexes_mem  BUILD/B_L4S5I_IOT01A/ARMC6/mbed-os/cmsis/device/rtos/TOOLCHAIN_ARM_STD/mbed_boot_arm_std.o
    0x20003e44   0x00000004   Zero   RW        36102    .bss.can_irq_contexts  BUILD/B_L4S5I_IOT01A/ARMC6/mbed-os/targets/TARGET_STM/can_api.o
    0x20003e48   0x00000214   Zero   RW        36145    .bss.channels       BUILD/B_L4S5I_IOT01A/ARMC6/mbed-os/targets/TARGET_STM/gpio_irq_api.o
    0x2000405c   0x00000001   Zero   RW        28838    .bss.critical_interrupts_enabled  BUILD/B_L4S5I_IOT01A/ARMC6/mbed-os/hal/source/mbed_critical_section_api.o
    0x2000405d   0x00000003   PAD
    0x20004060   0x00000004   Zero   RW        29575    .bss.critical_section_reentrancy_counter  BUILD/B_L4S5I_IOT01A/ARMC6/mbed-os/platform/source/mbed_critical.o
    0x20004064   0x00000002   Zero   RW        29716    .bss.deep_sleep_lock  BUILD/B_L4S5I_IOT01A/ARMC6/mbed-os/platform/source/mbed_power_mgmt.o
    0x20004066   0x00000002   PAD
    0x20004068   0x00000004   Zero   RW        29623    .bss.error_count    BUILD/B_L4S5I_IOT01A/ARMC6/mbed-os/platform/source/mbed_error.o
    0x2000406c   0x00000004   Zero   RW        29624    .bss.error_hook     BUILD/B_L4S5I_IOT01A/ARMC6/mbed-os/platform/source/mbed_error.o
    0x20004070   0x00000038   Zero   RW        28876    .bss.events         BUILD/B_L4S5I_IOT01A/ARMC6/mbed-os/hal/source/mbed_lp_ticker_api.o
    0x200040a8   0x00000038   Zero   RW        28969    .bss.events         BUILD/B_L4S5I_IOT01A/ARMC6/mbed-os/hal/source/mbed_us_ticker_api.o
    0x200040e0   0x00000034   Zero   RW        29622    .bss.first_error_ctx  BUILD/B_L4S5I_IOT01A/ARMC6/mbed-os/platform/source/mbed_error.o
    0x20004114   0x00000001   Zero   RW        36275    .bss.future_event_flag  BUILD/B_L4S5I_IOT01A/ARMC6/mbed-os/targets/TARGET_STM/lp_ticker.o
    0x20004115   0x00000003   PAD
    0x20004118   0x0000004c   Zero   RW           78    .bss.hI2cHandler    BUILD/B_L4S5I_IOT01A/ARMC6/BSP_B-L475E-IOT01/Drivers/BSP/B-L475E-IOT01/stm32l475e_iot01.o
    0x20004164   0x00000001   Zero   RW        29625    .bss.halt_in_progress  BUILD/B_L4S5I_IOT01A/ARMC6/mbed-os/platform/source/mbed_error.o
    0x20004165   0x00000001   PAD
    0x20004166   0x00000002   Zero   RW        36144    .bss.irq_channel_used  BUILD/B_L4S5I_IOT01A/ARMC6/mbed-os/targets/TARGET_STM/gpio_irq_api.o
    0x20004168   0x00000004   Zero   RW        36101    .bss.irq_handler    BUILD/B_L4S5I_IOT01A/ARMC6/mbed-os/targets/TARGET_STM/can_api.o
    0x2000416c   0x00000004   Zero   RW        36146    .bss.irq_handler    BUILD/B_L4S5I_IOT01A/ARMC6/mbed-os/targets/TARGET_STM/gpio_irq_api.o
    0x20004170   0x00000034   Zero   RW        29621    .bss.last_error_ctx  BUILD/B_L4S5I_IOT01A/ARMC6/mbed-os/platform/source/mbed_error.o
    0x200041a4   0x00000001   Zero   RW        36273    .bss.lp_Fired       BUILD/B_L4S5I_IOT01A/ARMC6/mbed-os/targets/TARGET_STM/lp_ticker.o
    0x200041a5   0x00000001   Zero   RW        36277    .bss.lp_cmpok       BUILD/B_L4S5I_IOT01A/ARMC6/mbed-os/targets/TARGET_STM/lp_ticker.o
    0x200041a6   0x00000002   PAD
    0x200041a8   0x00000004   Zero   RW        36278    .bss.lp_delayed_counter  BUILD/B_L4S5I_IOT01A/ARMC6/mbed-os/targets/TARGET_STM/lp_ticker.o
    0x200041ac   0x00000001   Zero   RW        36274    .bss.lp_delayed_prog  BUILD/B_L4S5I_IOT01A/ARMC6/mbed-os/targets/TARGET_STM/lp_ticker.o
    0x200041ad   0x00000001   Zero   RW        29620    .bss.mbed_error_in_progress  BUILD/B_L4S5I_IOT01A/ARMC6/mbed-os/platform/source/mbed_error.o
    0x200041ae   0x00000002   PAD
    0x200041b0   0x00000054   Zero   RW        29443    .bss.mbed_fault_context  BUILD/B_L4S5I_IOT01A/ARMC6/mbed-os/platform/source/TARGET_CORTEX_M/mbed_fault_handler.o
    0x20004204   0x00000004   Zero   RW        29885    .bss.mbed_heap_size  BUILD/B_L4S5I_IOT01A/ARMC6/mbed-os/platform/source/mbed_retarget.o
    0x20004208   0x00000004   Zero   RW        29884    .bss.mbed_heap_start  BUILD/B_L4S5I_IOT01A/ARMC6/mbed-os/platform/source/mbed_retarget.o
    0x2000420c   0x00000004   Zero   RW        36301    .bss.mbed_sdk_inited  BUILD/B_L4S5I_IOT01A/ARMC6/mbed-os/targets/TARGET_STM/mbed_overrides.o
    0x20004210   0x00000004   Zero   RW         1398    .bss.mbed_stack_isr_size  BUILD/B_L4S5I_IOT01A/ARMC6/mbed-os/cmsis/device/rtos/source/mbed_boot.o
    0x20004214   0x00000004   Zero   RW         1397    .bss.mbed_stack_isr_start  BUILD/B_L4S5I_IOT01A/ARMC6/mbed-os/cmsis/device/rtos/source/mbed_boot.o
    0x20004218   0x00000040   Zero   RW          999    .bss.os             BUILD/B_L4S5I_IOT01A/ARMC6/mbed-os/cmsis/CMSIS_5/CMSIS/RTOS2/RTX/Source/rtx_lib.o
    0x20004258   0x000001f0   Zero   RW         1379    .bss.os.libspace    BUILD/B_L4S5I_IOT01A/ARMC6/mbed-os/cmsis/device/rtos/TOOLCHAIN_ARM_STD/mbed_boot_arm_std.o
    0x20004448   0x00000034   Zero   RW         1010    .bss.os.msgqueue.cb  BUILD/B_L4S5I_IOT01A/ARMC6/mbed-os/cmsis/CMSIS_5/CMSIS/RTOS2/RTX/Source/rtx_lib.o
    0x2000447c   0x00000050   Zero   RW         1011    .bss.os.msgqueue.mem  BUILD/B_L4S5I_IOT01A/ARMC6/mbed-os/cmsis/CMSIS_5/CMSIS/RTOS2/RTX/Source/rtx_lib.o
    0x200044cc   0x00000088   Zero   RW         1007    .bss.os.thread.cb   BUILD/B_L4S5I_IOT01A/ARMC6/mbed-os/cmsis/CMSIS_5/CMSIS/RTOS2/RTX/Source/rtx_lib.o
    0x20004554   0x00000044   Zero   RW         1409    .bss.os.thread.cb   BUILD/B_L4S5I_IOT01A/ARMC6/mbed-os/cmsis/device/rtos/source/mbed_rtos_rtx.o
    0x20004598   0x00000300   Zero   RW         1008    .bss.os.thread.idle.stack  BUILD/B_L4S5I_IOT01A/ARMC6/mbed-os/cmsis/CMSIS_5/CMSIS/RTOS2/RTX/Source/rtx_lib.o
    0x20004898   0x00000300   Zero   RW         1009    .bss.os.thread.timer.stack  BUILD/B_L4S5I_IOT01A/ARMC6/mbed-os/cmsis/CMSIS_5/CMSIS/RTOS2/RTX/Source/rtx_lib.o
    0x20004b98   0x00000001   Zero   RW         1382    .bss.os_kernel_is_active.os_kernel_active  BUILD/B_L4S5I_IOT01A/ARMC6/mbed-os/cmsis/device/rtos/TOOLCHAIN_ARM_STD/mbed_boot_arm_std.o
    0x20004b99   0x00000001   PAD
    0x20004b9a   0x00000002   Zero   RW        36158    .bss.prev_tick_remainder  BUILD/B_L4S5I_IOT01A/ARMC6/mbed-os/targets/TARGET_STM/hal_tick_overrides.o
    0x20004b9c   0x00000004   Zero   RW        36157    .bss.prev_time      BUILD/B_L4S5I_IOT01A/ARMC6/mbed-os/targets/TARGET_STM/hal_tick_overrides.o
    0x20004ba0   0x00000001   Zero   RW        36276    .bss.roll_over_flag  BUILD/B_L4S5I_IOT01A/ARMC6/mbed-os/targets/TARGET_STM/lp_ticker.o
    0x20004ba1   0x00000003   PAD
    0x20004ba4   0x00000004   Zero   RW         1413    .bss.singleton_mutex_id  BUILD/B_L4S5I_IOT01A/ARMC6/mbed-os/cmsis/device/rtos/source/mbed_rtos_rtx.o
    0x20004ba8   0x0000001c   Zero   RW         1411    .bss.singleton_mutex_obj  BUILD/B_L4S5I_IOT01A/ARMC6/mbed-os/cmsis/device/rtos/source/mbed_rtos_rtx.o
    0x20004bc4   0x00000001   Zero   RW        36279    .bss.sleep_manager_locked  BUILD/B_L4S5I_IOT01A/ARMC6/mbed-os/targets/TARGET_STM/lp_ticker.o
    0x20004bc5   0x00000001   Zero   RW        28837    .bss.state_saved    BUILD/B_L4S5I_IOT01A/ARMC6/mbed-os/hal/source/mbed_critical_section_api.o
    0x20004bc6   0x00000002   PAD
    0x20004bc8   0x0000004c   Zero   RW        36442    .bss.stdio_uart     BUILD/B_L4S5I_IOT01A/ARMC6/mbed-os/targets/TARGET_STM/serial_api.o
    0x20004c14   0x00000004   Zero   RW        36441    .bss.stdio_uart_inited  BUILD/B_L4S5I_IOT01A/ARMC6/mbed-os/targets/TARGET_STM/serial_api.o
    0x20004c18   0x00000004   Zero   RW         1446    .bss.terminate_hook  BUILD/B_L4S5I_IOT01A/ARMC6/mbed-os/cmsis/device/rtos/source/mbed_rtx_handlers.o
    0x20004c1c   0x00000004   Zero   RW        36549    .bss.timer_ccr1_reg  BUILD/B_L4S5I_IOT01A/ARMC6/mbed-os/targets/TARGET_STM/us_ticker.o
    0x20004c20   0x00000004   Zero   RW        36548    .bss.timer_cnt_reg  BUILD/B_L4S5I_IOT01A/ARMC6/mbed-os/targets/TARGET_STM/us_ticker.o
    0x20004c24   0x00000004   Zero   RW        36550    .bss.timer_dier_reg  BUILD/B_L4S5I_IOT01A/ARMC6/mbed-os/targets/TARGET_STM/us_ticker.o
    0x20004c28   0x00000004   Zero   RW        36159    .bss.total_ticks    BUILD/B_L4S5I_IOT01A/ARMC6/mbed-os/targets/TARGET_STM/hal_tick_overrides.o
    0x20004c2c   0x00000360   Zero   RW        35937    .bss.uart_handlers  BUILD/B_L4S5I_IOT01A/ARMC6/mbed-os/targets/TARGET_STM/TARGET_STM32L4/serial_device.o


    Execution Region ARM_LIB_HEAP (Base: 0x20004f90, Size: 0x0009ac70, Max: 0x0009ac70, ABSOLUTE)

    Base Addr    Size         Type   Attr      Idx    E Section Name        Object

    0x20004f90   0x0009ac70   Zero   RW            1    ARM_LIB_HEAP.bss    anon$$obj.o


    Execution Region RW_IRAM2 (Base: 0x20040000, Size: 0x00000000, Max: 0x00060000, ABSOLUTE)

    **** No section assigned to this execution region ****


    Execution Region ARM_LIB_STACK (Base: 0x2009fc00, Size: 0x00000400, Max: 0x00000400, ABSOLUTE)

    Base Addr    Size         Type   Attr      Idx    E Section Name        Object

    0x2009fc00   0x00000400   Zero   RW            2    ARM_LIB_STACK.bss   anon$$obj.o


==============================================================================

Image component sizes


      Code (inc. data)   RO Data    RW Data    ZI Data      Debug   

     70484       5680       6668        548     653764      60380   Object Totals
         0          0         32          0     634992          0   (incl. Generated)
       180          0         14          5         31          0   (incl. Padding)
     19264        746        572         20        576      14684   Library Totals
        40          0          4          0          0          0   (incl. Padding)

==============================================================================


      Code (inc. data)   RO Data    RW Data    ZI Data      Debug   

     89748       6426       7240        568     654340      63376   Grand Totals
     89748       6426       7240        200     654340      63376   ELF Image Totals (compressed)
     89748       6426       7240        200          0          0   ROM Totals

==============================================================================

    Total RO  Size (Code + RO Data)                96988 (  94.71kB)
    Total RW  Size (RW Data + ZI Data)            654908 ( 639.56kB)
    Total ROM Size (Code + RO Data + RW Data)      97188 (  94.91kB)

==============================================================================

