Component: ARM Compiler 6.16 Tool: armlink [5dfeaa00]

==============================================================================

Memory Map of the image

  Image Entry point : 0x08000189

  Load Region LR_IROM1 (Base: 0x08000000, Size: 0x00024fe0, Max: 0x00100000, ABSOLUTE, COMPRESSED[0x00024f08])

    Execution Region ER_IROM1 (Base: 0x08000000, Size: 0x00024db8, Max: 0x00100000, ABSOLUTE)

    Base Addr    Size         Type   Attr      Idx    E Section Name        Object

    0x08000000   0x00000188   Data   RO        35104    RESET               BUILD/DISCO_L475VG_IOT01A/ARMC6/mbed-os/targets/TARGET_STM/TARGET_STM32L4/TARGET_STM32L475xG/TOOLCHAIN_ARM/startup_stm32l475xx.o
    0x08000188   0x00000008   Code   RO        36159  * !!!main             c:\Users\Jay\AppData\Local\Mbed Studio\mbed-studio-tools\ac6\bin\..\lib\armlib\c_w.l(__main.o)
    0x08000190   0x00000034   Code   RO        37096    !!!scatter          c:\Users\Jay\AppData\Local\Mbed Studio\mbed-studio-tools\ac6\bin\..\lib\armlib\c_w.l(__scatter.o)
    0x080001c4   0x0000005a   Code   RO        37094    !!dczerorl2         c:\Users\Jay\AppData\Local\Mbed Studio\mbed-studio-tools\ac6\bin\..\lib\armlib\c_w.l(__dczerorl2.o)
    0x0800021e   0x00000002   PAD
    0x08000220   0x0000001a   Code   RO        37098    !!handler_copy      c:\Users\Jay\AppData\Local\Mbed Studio\mbed-studio-tools\ac6\bin\..\lib\armlib\c_w.l(__scatter_copy.o)
    0x0800023a   0x00000002   PAD
    0x0800023c   0x0000001c   Code   RO        37100    !!handler_zi        c:\Users\Jay\AppData\Local\Mbed Studio\mbed-studio-tools\ac6\bin\..\lib\armlib\c_w.l(__scatter_zi.o)
    0x08000258   0x00000002   Code   RO        36158    .ARM.Collect$$libinit$$00000000  c:\Users\Jay\AppData\Local\Mbed Studio\mbed-studio-tools\ac6\bin\..\lib\armlib\c_w.l(libinit.o)
    0x0800025a   0x00000004   Code   RO        36411    .ARM.Collect$$libinit$$00000001  c:\Users\Jay\AppData\Local\Mbed Studio\mbed-studio-tools\ac6\bin\..\lib\armlib\c_w.l(libinit2.o)
    0x0800025e   0x00000000   Code   RO        36414    .ARM.Collect$$libinit$$00000004  c:\Users\Jay\AppData\Local\Mbed Studio\mbed-studio-tools\ac6\bin\..\lib\armlib\c_w.l(libinit2.o)
    0x0800025e   0x00000008   Code   RO        36415    .ARM.Collect$$libinit$$00000005  c:\Users\Jay\AppData\Local\Mbed Studio\mbed-studio-tools\ac6\bin\..\lib\armlib\c_w.l(libinit2.o)
    0x08000266   0x00000000   Code   RO        36417    .ARM.Collect$$libinit$$0000000A  c:\Users\Jay\AppData\Local\Mbed Studio\mbed-studio-tools\ac6\bin\..\lib\armlib\c_w.l(libinit2.o)
    0x08000266   0x00000000   Code   RO        36419    .ARM.Collect$$libinit$$0000000C  c:\Users\Jay\AppData\Local\Mbed Studio\mbed-studio-tools\ac6\bin\..\lib\armlib\c_w.l(libinit2.o)
    0x08000266   0x00000000   Code   RO        36421    .ARM.Collect$$libinit$$0000000E  c:\Users\Jay\AppData\Local\Mbed Studio\mbed-studio-tools\ac6\bin\..\lib\armlib\c_w.l(libinit2.o)
    0x08000266   0x00000000   Code   RO        36424    .ARM.Collect$$libinit$$00000011  c:\Users\Jay\AppData\Local\Mbed Studio\mbed-studio-tools\ac6\bin\..\lib\armlib\c_w.l(libinit2.o)
    0x08000266   0x00000000   Code   RO        36426    .ARM.Collect$$libinit$$00000013  c:\Users\Jay\AppData\Local\Mbed Studio\mbed-studio-tools\ac6\bin\..\lib\armlib\c_w.l(libinit2.o)
    0x08000266   0x00000000   Code   RO        36428    .ARM.Collect$$libinit$$00000015  c:\Users\Jay\AppData\Local\Mbed Studio\mbed-studio-tools\ac6\bin\..\lib\armlib\c_w.l(libinit2.o)
    0x08000266   0x00000000   Code   RO        36430    .ARM.Collect$$libinit$$00000017  c:\Users\Jay\AppData\Local\Mbed Studio\mbed-studio-tools\ac6\bin\..\lib\armlib\c_w.l(libinit2.o)
    0x08000266   0x00000000   Code   RO        36432    .ARM.Collect$$libinit$$00000019  c:\Users\Jay\AppData\Local\Mbed Studio\mbed-studio-tools\ac6\bin\..\lib\armlib\c_w.l(libinit2.o)
    0x08000266   0x00000000   Code   RO        36434    .ARM.Collect$$libinit$$0000001B  c:\Users\Jay\AppData\Local\Mbed Studio\mbed-studio-tools\ac6\bin\..\lib\armlib\c_w.l(libinit2.o)
    0x08000266   0x00000000   Code   RO        36436    .ARM.Collect$$libinit$$0000001D  c:\Users\Jay\AppData\Local\Mbed Studio\mbed-studio-tools\ac6\bin\..\lib\armlib\c_w.l(libinit2.o)
    0x08000266   0x00000000   Code   RO        36438    .ARM.Collect$$libinit$$0000001F  c:\Users\Jay\AppData\Local\Mbed Studio\mbed-studio-tools\ac6\bin\..\lib\armlib\c_w.l(libinit2.o)
    0x08000266   0x00000000   Code   RO        36440    .ARM.Collect$$libinit$$00000021  c:\Users\Jay\AppData\Local\Mbed Studio\mbed-studio-tools\ac6\bin\..\lib\armlib\c_w.l(libinit2.o)
    0x08000266   0x00000000   Code   RO        36442    .ARM.Collect$$libinit$$00000023  c:\Users\Jay\AppData\Local\Mbed Studio\mbed-studio-tools\ac6\bin\..\lib\armlib\c_w.l(libinit2.o)
    0x08000266   0x00000004   Code   RO        36443    .ARM.Collect$$libinit$$00000024  c:\Users\Jay\AppData\Local\Mbed Studio\mbed-studio-tools\ac6\bin\..\lib\armlib\c_w.l(libinit2.o)
[...]
    0x08022ce4   0x00000010   Data   RO         4895    .rodata._ZTV38CallChainOfFunctionPointersWithContextIjE  BUILD/DISCO_L475VG_IOT01A/ARMC6/mbed-os/connectivity/FEATURE_BLE/source/cordio/source/GattServerImpl.o
    0x08022cf4   0x00000030   Data   RO         4567    .rodata._ZTVN3ble15CordioHCIDriverE  BUILD/DISCO_L475VG_IOT01A/ARMC6/mbed-os/connectivity/FEATURE_BLE/source/cordio/driver/CordioHCIDriver.o
    0x08022d24   0x0000003c   Data   RO         4761    .rodata._ZTVN3ble15SecurityManager12EventHandlerE  BUILD/DISCO_L475VG_IOT01A/ARMC6/mbed-os/connectivity/FEATURE_BLE/source/cordio/source/BLEInstanceBaseImpl.o
    0x08022d60   0x00000060   Data   RO         6560    .rodata._ZTVN3ble24PalAttClientToGattClientE  BUILD/DISCO_L475VG_IOT01A/ARMC6/mbed-os/connectivity/FEATURE_BLE/source/pal/PalAttClientToGattClient.o
    0x08022dc0   0x00000014   Data   RO         6244    .rodata._ZTVN3ble24PrivateAddressController27PrivacyResolveAddressOnHostE  BUILD/DISCO_L475VG_IOT01A/ARMC6/mbed-os/connectivity/FEATURE_BLE/source/generic/PrivateAddressController.o
    0x08022dd4   0x00000014   Data   RO         6230    .rodata._ZTVN3ble24PrivateAddressControllerE  BUILD/DISCO_L475VG_IOT01A/ARMC6/mbed-os/connectivity/FEATURE_BLE/source/generic/PrivateAddressController.o
    0x08022de8   0x00000018   Data   RO         5067    .rodata._ZTVN3ble30PalSimpleAttReadByTypeResponseE  BUILD/DISCO_L475VG_IOT01A/ARMC6/mbed-os/connectivity/FEATURE_BLE/source/cordio/source/PalAttClientImpl.o
    0x08022e00   0x00000018   Data   RO         5066    .rodata._ZTVN3ble35PalSimpleAttFindByTypeValueResponseE  BUILD/DISCO_L475VG_IOT01A/ARMC6/mbed-os/connectivity/FEATURE_BLE/source/cordio/source/PalAttClientImpl.o
    0x08022e18   0x00000018   Data   RO         5065    .rodata._ZTVN3ble35PalSimpleAttFindInformationResponseE  BUILD/DISCO_L475VG_IOT01A/ARMC6/mbed-os/connectivity/FEATURE_BLE/source/cordio/source/PalAttClientImpl.o
    0x08022e30   0x00000018   Data   RO         5068    .rodata._ZTVN3ble35PalSimpleAttReadByGroupTypeResponseE  BUILD/DISCO_L475VG_IOT01A/ARMC6/mbed-os/connectivity/FEATURE_BLE/source/cordio/source/PalAttClientImpl.o
    0x08022e48   0x00000024   Data   RO         6012    .rodata._ZTVN3ble4impl10GattClientE  BUILD/DISCO_L475VG_IOT01A/ARMC6/mbed-os/connectivity/FEATURE_BLE/source/generic/GattClientImpl.o
    0x08022e6c   0x0000000c   Data   RO         4873    .rodata._ZTVN3ble4impl10GattServerE  BUILD/DISCO_L475VG_IOT01A/ARMC6/mbed-os/connectivity/FEATURE_BLE/source/cordio/source/GattServerImpl.o
    0x08022e78   0x00000050   Data   RO         4955    .rodata._ZTVN3ble4impl12PalAttClientE  BUILD/DISCO_L475VG_IOT01A/ARMC6/mbed-os/connectivity/FEATURE_BLE/source/cordio/source/PalAttClientImpl.o
    0x08022ec8   0x00000010   Data   RO         4759    .rodata._ZTVN3ble4impl13PalEventQueueE  BUILD/DISCO_L475VG_IOT01A/ARMC6/mbed-os/connectivity/FEATURE_BLE/source/cordio/source/BLEInstanceBaseImpl.o
    0x08022ed8   0x00000044   Data   RO         4682    .rodata._ZTVN3ble4impl15BLEInstanceBaseE  BUILD/DISCO_L475VG_IOT01A/ARMC6/mbed-os/connectivity/FEATURE_BLE/source/cordio/source/BLEInstanceBaseImpl.o
    0x08022f1c   0x000000a4   Data   RO         6509    .rodata._ZTVN3ble4impl15SecurityManagerE  BUILD/DISCO_L475VG_IOT01A/ARMC6/mbed-os/connectivity/FEATURE_BLE/source/generic/SecurityManagerImpl.o
    0x08022fc0   0x00000088   Data   RO         5341    .rodata._ZTVN3ble4impl18PalSecurityManagerE  BUILD/DISCO_L475VG_IOT01A/ARMC6/mbed-os/connectivity/FEATURE_BLE/source/cordio/source/PalSecurityManagerImpl.o
    0x08023048   0x00000010   Data   RO         5227    .rodata._ZTVN3ble4impl23PalGenericAccessServiceE  BUILD/DISCO_L475VG_IOT01A/ARMC6/mbed-os/connectivity/FEATURE_BLE/source/cordio/source/PalGenericAccessServiceImpl.o
    0x08023058   0x00000040   Data   RO         5263    .rodata._ZTVN3ble4impl27PalPrivateAddressControllerE  BUILD/DISCO_L475VG_IOT01A/ARMC6/mbed-os/connectivity/FEATURE_BLE/source/cordio/source/PalPrivateAddressControllerImpl.o
    0x08023098   0x0000006c   Data   RO         5895    .rodata._ZTVN3ble4impl3GapE  BUILD/DISCO_L475VG_IOT01A/ARMC6/mbed-os/connectivity/FEATURE_BLE/source/generic/GapImpl.o
    0x08023104   0x00000018   Data   RO         5219    .rodata._ZTVN3ble4impl6PalGap36GapAdvertisingReportMessageConverter31CordioGapAdvertisingReportEventE  BUILD/DISCO_L475VG_IOT01A/ARMC6/mbed-os/connectivity/FEATURE_BLE/source/cordio/source/PalGapImpl.o
    0x0802311c   0x000000d8   Data   RO         5198    .rodata._ZTVN3ble4impl6PalGapE  BUILD/DISCO_L475VG_IOT01A/ARMC6/mbed-os/connectivity/FEATURE_BLE/source/cordio/source/PalGapImpl.o
    0x080231f4   0x0000001c   Data   RO         7884    .rodata._ZTVN3ble6vendor10bluenrg_ms15TransportDriverE  BUILD/DISCO_L475VG_IOT01A/ARMC6/mbed-os/connectivity/drivers/ble/FEATURE_BLE/COMPONENT_BlueNRG_MS/BlueNrgMsHCIDriver.o
    0x08023210   0x00000030   Data   RO         7887    .rodata._ZTVN3ble6vendor10bluenrg_ms9HCIDriverE  BUILD/DISCO_L475VG_IOT01A/ARMC6/mbed-os/connectivity/drivers/ble/FEATURE_BLE/COMPONENT_BlueNRG_MS/BlueNrgMsHCIDriver.o
    0x08023240   0x0000000c   Data   RO        26773    .rodata._ZTVN4mbed10TickerBaseE  BUILD/DISCO_L475VG_IOT01A/ARMC6/mbed-os/drivers/source/Ticker.o
    0x0802324c   0x0000000c   Data   RO        26845    .rodata._ZTVN4mbed10TimerEventE  BUILD/DISCO_L475VG_IOT01A/ARMC6/mbed-os/drivers/source/TimerEvent.o
    0x08023258   0x00000010   Data   RO        26449    .rodata._ZTVN4mbed11InterruptInE  BUILD/DISCO_L475VG_IOT01A/ARMC6/mbed-os/drivers/source/InterruptIn.o
    0x08023268   0x0000000c   Data   RO        26776    .rodata._ZTVN4mbed14LowPowerTickerE  BUILD/DISCO_L475VG_IOT01A/ARMC6/mbed-os/drivers/source/Ticker.o
    0x08023274   0x0000000c   Data   RO        26790    .rodata._ZTVN4mbed15LowPowerTimeoutE  BUILD/DISCO_L475VG_IOT01A/ARMC6/mbed-os/drivers/source/Timeout.o
    0x08023280   0x00000020   Data   RO        26646    .rodata._ZTVN4mbed3SPIE  BUILD/DISCO_L475VG_IOT01A/ARMC6/mbed-os/drivers/source/SPI.o
    0x080232a0   0x0000000c   Data   RO        29179    .rodata._ZTVN4mbed8internal8SysTimerINSt3__25ratioILx1ELx1000EEELb1EEE  BUILD/DISCO_L475VG_IOT01A/ARMC6/mbed-os/platform/source/SysTimer.o
    0x080232ac   0x00000010   Data   RO        30091    .rodata._ZTVN4rtos6ThreadE  BUILD/DISCO_L475VG_IOT01A/ARMC6/mbed-os/rtos/source/Thread.o
    0x080232bc   0x0000000c   Data   RO         4702    .rodata._ZTVZN3ble4impl15BLEInstanceBase22getSecurityManagerImplEvE3$_0  BUILD/DISCO_L475VG_IOT01A/ARMC6/mbed-os/connectivity/FEATURE_BLE/source/cordio/source/BLEInstanceBaseImpl.o
    0x080232c8   0x00000018   Data   RO        29650    .rodata._ZZL15default_consolevE14console_pinmap  BUILD/DISCO_L475VG_IOT01A/ARMC6/mbed-os/platform/source/mbed_retarget.o
    0x080232e0   0x00000014   Data   RO         4569    .rodata._ZZN3ble15CordioHCIDriver35get_default_buffer_pool_descriptionEvE9pool_desc  BUILD/DISCO_L475VG_IOT01A/ARMC6/mbed-os/connectivity/FEATURE_BLE/source/cordio/driver/CordioHCIDriver.o
    0x080232f4   0x00000038   Data   RO         4958    .rodata._ZZN3ble4impl12PalAttClient18att_client_handlerEPK8attEvt_tE8handlers  BUILD/DISCO_L475VG_IOT01A/ARMC6/mbed-os/connectivity/FEATURE_BLE/source/cordio/source/PalAttClientImpl.o
    0x0802332c   0x0000000f   Data   RO         4687    .rodata._ZZN3ble4impl15BLEInstanceBase10getVersionEvE7version  BUILD/DISCO_L475VG_IOT01A/ARMC6/mbed-os/connectivity/FEATURE_BLE/source/cordio/source/BLEInstanceBaseImpl.o
    0x0802333b   0x00000001   PAD
    0x0802333c   0x00000018   Data   RO         5197    .rodata._ZZN3ble4impl6PalGap11gap_handlerEPK11wsfMsgHdr_tE8handlers  BUILD/DISCO_L475VG_IOT01A/ARMC6/mbed-os/connectivity/FEATURE_BLE/source/cordio/source/PalGapImpl.o
    0x08023354   0x00000005   Data   RO         7885    .rodata._ZZN3ble6vendor10bluenrg_ms15TransportDriver7spiReadEPhtE13header_master  BUILD/DISCO_L475VG_IOT01A/ARMC6/mbed-os/connectivity/drivers/ble/FEATURE_BLE/COMPONENT_BlueNRG_MS/BlueNrgMsHCIDriver.o
    0x08023359   0x00000005   Data   RO         7886    .rodata._ZZN3ble6vendor10bluenrg_ms15TransportDriver8spiWriteEhPKhtE13header_master  BUILD/DISCO_L475VG_IOT01A/ARMC6/mbed-os/connectivity/drivers/ble/FEATURE_BLE/COMPONENT_BlueNRG_MS/BlueNrgMsHCIDriver.o
    0x0802335e   0x00000008   Data   RO        29636    .rodata.__stderr_name  BUILD/DISCO_L475VG_IOT01A/ARMC6/mbed-os/platform/source/mbed_retarget.o
    0x08023366   0x00000007   Data   RO        29634    .rodata.__stdin_name  BUILD/DISCO_L475VG_IOT01A/ARMC6/mbed-os/platform/source/mbed_retarget.o
    0x0802336d   0x00000008   Data   RO        29635    .rodata.__stdout_name  BUILD/DISCO_L475VG_IOT01A/ARMC6/mbed-os/platform/source/mbed_retarget.o
    0x08023375   0x00000002   Data   RO         1616    .rodata.attApChUuid  BUILD/DISCO_L475VG_IOT01A/ARMC6/mbed-os/connectivity/FEATURE_BLE/libraries/cordio_stack/ble-host/sources/stack/att/att_uuid.o
    0x08023377   0x00000002   Data   RO         1605    .rodata.attChUuid   BUILD/DISCO_L475VG_IOT01A/ARMC6/mbed-os/connectivity/FEATURE_BLE/libraries/cordio_stack/ble-host/sources/stack/att/att_uuid.o
    0x08023379   0x00000002   Data   RO         1608    .rodata.attCliChCfgUuid  BUILD/DISCO_L475VG_IOT01A/ARMC6/mbed-os/connectivity/FEATURE_BLE/libraries/cordio_stack/ble-host/sources/stack/att/att_uuid.o
    0x0802337b   0x00000002   Data   RO         1615    .rodata.attDnChUuid  BUILD/DISCO_L475VG_IOT01A/ARMC6/mbed-os/connectivity/FEATURE_BLE/libraries/cordio_stack/ble-host/sources/stack/att/att_uuid.o
    0x0802337d   0x00000003   PAD
    0x08023380   0x00000010   Data   RO         1570    .rodata.attFcnDefault  BUILD/DISCO_L475VG_IOT01A/ARMC6/mbed-os/connectivity/FEATURE_BLE/libraries/cordio_stack/ble-host/sources/stack/att/att_main.o
    0x08023390   0x00000002   Data   RO         1576    .rodata.attGapSvcUuid  BUILD/DISCO_L475VG_IOT01A/ARMC6/mbed-os/connectivity/FEATURE_BLE/libraries/cordio_stack/ble-host/sources/stack/att/att_uuid.o
    0x08023392   0x00000002   Data   RO         1720    .rodata.attGattDbhChUuid  BUILD/DISCO_L475VG_IOT01A/ARMC6/mbed-os/connectivity/FEATURE_BLE/libraries/cordio_stack/ble-host/sources/stack/att/att_uuid.o
    0x08023394   0x00000002   Data   RO         1577    .rodata.attGattSvcUuid  BUILD/DISCO_L475VG_IOT01A/ARMC6/mbed-os/connectivity/FEATURE_BLE/libraries/cordio_stack/ble-host/sources/stack/att/att_uuid.o
    0x08023396   0x00000002   Data   RO         1619    .rodata.attPpcpChUuid  BUILD/DISCO_L475VG_IOT01A/ARMC6/mbed-os/connectivity/FEATURE_BLE/libraries/cordio_stack/ble-host/sources/stack/att/att_uuid.o
    0x08023398   0x00000002   Data   RO         1602    .rodata.attPrimSvcUuid  BUILD/DISCO_L475VG_IOT01A/ARMC6/mbed-os/connectivity/FEATURE_BLE/libraries/cordio_stack/ble-host/sources/stack/att/att_uuid.o
    0x0802339a   0x00000002   Data   RO         1620    .rodata.attScChUuid  BUILD/DISCO_L475VG_IOT01A/ARMC6/mbed-os/connectivity/FEATURE_BLE/libraries/cordio_stack/ble-host/sources/stack/att/att_uuid.o
    0x0802339c   0x00000010   Data   RO         1838    .rodata.attcFcnIf   BUILD/DISCO_L475VG_IOT01A/ARMC6/mbed-os/connectivity/FEATURE_BLE/libraries/cordio_stack/ble-host/sources/stack/att/attc_main.o
    0x080233ac   0x00000044   Data   RO         1873    .rodata.attcProcRspTbl  BUILD/DISCO_L475VG_IOT01A/ARMC6/mbed-os/connectivity/FEATURE_BLE/libraries/cordio_stack/ble-host/sources/stack/att/attc_proc.o
    0x080233f0   0x00000044   Data   RO         1836    .rodata.attcSendReqTbl  BUILD/DISCO_L475VG_IOT01A/ARMC6/mbed-os/connectivity/FEATURE_BLE/libraries/cordio_stack/ble-host/sources/stack/att/attc_main.o
    0x08023434   0x00000008   Data   RO         1900    .rodata.attcSignFcnIf  BUILD/DISCO_L475VG_IOT01A/ARMC6/mbed-os/connectivity/FEATURE_BLE/libraries/cordio_stack/ble-host/sources/stack/att/attc_sign.o
    0x0802343c   0x00000010   Data   RO         2073    .rodata.attsFcnIf   BUILD/DISCO_L475VG_IOT01A/ARMC6/mbed-os/connectivity/FEATURE_BLE/libraries/cordio_stack/ble-host/sources/stack/att/atts_main.o
    0x0802344c   0x00000010   Data   RO         2024    .rodata.attsIndFcnIf  BUILD/DISCO_L475VG_IOT01A/ARMC6/mbed-os/connectivity/FEATURE_BLE/libraries/cordio_stack/ble-host/sources/stack/att/atts_ind.o
    0x0802345c   0x00000012   Data   RO         2069    .rodata.attsMinPduLen  BUILD/DISCO_L475VG_IOT01A/ARMC6/mbed-os/connectivity/FEATURE_BLE/libraries/cordio_stack/ble-host/sources/stack/att/atts_main.o
    0x0802346e   0x00000010   Data   RO         4050    .rodata.calc128Zeros  BUILD/DISCO_L475VG_IOT01A/ARMC6/mbed-os/connectivity/FEATURE_BLE/libraries/cordio_stack/wsf/sources/util/calc128.o
    0x0802347e   0x00000002   PAD
    0x08023480   0x00000010   Data   RO        34473    .rodata.cst16       BUILD/DISCO_L475VG_IOT01A/ARMC6/mbed-os/targets/TARGET_STM/TARGET_STM32L4/STM32Cube_FW/STM32L4xx_HAL_Driver/stm32l4xx_hal_uart.o
    0x08023490   0x00000004   Data   RO         2643    .rodata.cst4        BUILD/DISCO_L475VG_IOT01A/ARMC6/mbed-os/connectivity/FEATURE_BLE/libraries/cordio_stack/ble-host/sources/stack/dm/dm_conn.o
    0x08023494   0x0000000c   PAD
    0x080234a0   0x0000000a   Data   RO        29725    .rodata.delay_loop_code  BUILD/DISCO_L475VG_IOT01A/ARMC6/mbed-os/platform/source/mbed_wait_api_no_rtos.o
    0x080234aa   0x00000002   PAD
    0x080234ac   0x0000000c   Data   RO         2284    .rodata.dmAdvFcnIf  BUILD/DISCO_L475VG_IOT01A/ARMC6/mbed-os/connectivity/FEATURE_BLE/libraries/cordio_stack/ble-host/sources/stack/dm/dm_adv_ae.o
    0x080234b8   0x0000000c   Data   RO         2322    .rodata.dmAdvFcnIf  BUILD/DISCO_L475VG_IOT01A/ARMC6/mbed-os/connectivity/FEATURE_BLE/libraries/cordio_stack/ble-host/sources/stack/dm/dm_adv_leg.o
    0x080234c4   0x0000000c   Data   RO         2647    .rodata.dmConn2FcnIf  BUILD/DISCO_L475VG_IOT01A/ARMC6/mbed-os/connectivity/FEATURE_BLE/libraries/cordio_stack/ble-host/sources/stack/dm/dm_conn.o
    0x080234d0   0x00000018   Data   RO         2649    .rodata.dmConnActSetMain  BUILD/DISCO_L475VG_IOT01A/ARMC6/mbed-os/connectivity/FEATURE_BLE/libraries/cordio_stack/ble-host/sources/stack/dm/dm_conn.o
    0x080234e8   0x00000008   Data   RO         2722    .rodata.dmConnActSetMaster  BUILD/DISCO_L475VG_IOT01A/ARMC6/mbed-os/connectivity/FEATURE_BLE/libraries/cordio_stack/ble-host/sources/stack/dm/dm_conn_master_ae.o
    0x080234f0   0x00000008   Data   RO         2729    .rodata.dmConnActSetMaster  BUILD/DISCO_L475VG_IOT01A/ARMC6/mbed-os/connectivity/FEATURE_BLE/libraries/cordio_stack/ble-host/sources/stack/dm/dm_conn_master_leg.o
    0x080234f8   0x00000010   Data   RO         2755    .rodata.dmConnActSetSlave  BUILD/DISCO_L475VG_IOT01A/ARMC6/mbed-os/connectivity/FEATURE_BLE/libraries/cordio_stack/ble-host/sources/stack/dm/dm_conn_slave_ae.o
    0x08023508   0x00000010   Data   RO         2768    .rodata.dmConnActSetSlave  BUILD/DISCO_L475VG_IOT01A/ARMC6/mbed-os/connectivity/FEATURE_BLE/libraries/cordio_stack/ble-host/sources/stack/dm/dm_conn_slave_leg.o
    0x08023518   0x0000000c   Data   RO         2646    .rodata.dmConnFcnIf  BUILD/DISCO_L475VG_IOT01A/ARMC6/mbed-os/connectivity/FEATURE_BLE/libraries/cordio_stack/ble-host/sources/stack/dm/dm_conn.o
    0x08023524   0x0000000c   Data   RO         2645    .rodata.dmConnSpecDefaults  BUILD/DISCO_L475VG_IOT01A/ARMC6/mbed-os/connectivity/FEATURE_BLE/libraries/cordio_stack/ble-host/sources/stack/dm/dm_conn.o
    0x08023530   0x00000050   Data   RO         2773    .rodata.dmConnStateTbl  BUILD/DISCO_L475VG_IOT01A/ARMC6/mbed-os/connectivity/FEATURE_BLE/libraries/cordio_stack/ble-host/sources/stack/dm/dm_conn_sm.o
    0x08023580   0x00000004   Data   RO         2650    .rodata.dmConnUpdActSetMain  BUILD/DISCO_L475VG_IOT01A/ARMC6/mbed-os/connectivity/FEATURE_BLE/libraries/cordio_stack/ble-host/sources/stack/dm/dm_conn.o
    0x08023584   0x00000008   Data   RO         2715    .rodata.dmConnUpdActSetMaster  BUILD/DISCO_L475VG_IOT01A/ARMC6/mbed-os/connectivity/FEATURE_BLE/libraries/cordio_stack/ble-host/sources/stack/dm/dm_conn_master.o
    0x0802358c   0x00000008   Data   RO         2742    .rodata.dmConnUpdActSetSlave  BUILD/DISCO_L475VG_IOT01A/ARMC6/mbed-os/connectivity/FEATURE_BLE/libraries/cordio_stack/ble-host/sources/stack/dm/dm_conn_slave.o
    0x08023594   0x0000000c   Data   RO         2648    .rodata.dmConnUpdFcnIf  BUILD/DISCO_L475VG_IOT01A/ARMC6/mbed-os/connectivity/FEATURE_BLE/libraries/cordio_stack/ble-host/sources/stack/dm/dm_conn.o
    0x080235a0   0x0000000c   Data   RO         2805    .rodata.dmDevFcnIf  BUILD/DISCO_L475VG_IOT01A/ARMC6/mbed-os/connectivity/FEATURE_BLE/libraries/cordio_stack/ble-host/sources/stack/dm/dm_dev.o
    0x080235ac   0x0000000c   Data   RO         2931    .rodata.dmFcnDefault  BUILD/DISCO_L475VG_IOT01A/ARMC6/mbed-os/connectivity/FEATURE_BLE/libraries/cordio_stack/ble-host/sources/stack/dm/dm_main.o
    0x080235b8   0x00000057   Data   RO         2935    .rodata.dmHciToIdTbl  BUILD/DISCO_L475VG_IOT01A/ARMC6/mbed-os/connectivity/FEATURE_BLE/libraries/cordio_stack/ble-host/sources/stack/dm/dm_main.o
    0x0802360f   0x00000001   PAD
    0x08023610   0x0000000c   Data   RO         2285    .rodata.dmPerAdvFcnIf  BUILD/DISCO_L475VG_IOT01A/ARMC6/mbed-os/connectivity/FEATURE_BLE/libraries/cordio_stack/ble-host/sources/stack/dm/dm_adv_ae.o
    0x0802361c   0x0000000c   Data   RO         2977    .rodata.dmPhyFcnIf  BUILD/DISCO_L475VG_IOT01A/ARMC6/mbed-os/connectivity/FEATURE_BLE/libraries/cordio_stack/ble-host/sources/stack/dm/dm_phy.o
    0x08023628   0x0000000c   Data   RO         3030    .rodata.dmPrivAesFcnIf  BUILD/DISCO_L475VG_IOT01A/ARMC6/mbed-os/connectivity/FEATURE_BLE/libraries/cordio_stack/ble-host/sources/stack/dm/dm_priv.o
    0x08023634   0x0000000c   Data   RO         3029    .rodata.dmPrivFcnIf  BUILD/DISCO_L475VG_IOT01A/ARMC6/mbed-os/connectivity/FEATURE_BLE/libraries/cordio_stack/ble-host/sources/stack/dm/dm_priv.o
    0x08023640   0x0000000c   Data   RO         3062    .rodata.dmScanFcnIf  BUILD/DISCO_L475VG_IOT01A/ARMC6/mbed-os/connectivity/FEATURE_BLE/libraries/cordio_stack/ble-host/sources/stack/dm/dm_scan_ae.o
    0x0802364c   0x0000000c   Data   RO         3083    .rodata.dmScanFcnIf  BUILD/DISCO_L475VG_IOT01A/ARMC6/mbed-os/connectivity/FEATURE_BLE/libraries/cordio_stack/ble-host/sources/stack/dm/dm_scan_leg.o
    0x08023658   0x0000000c   Data   RO         3116    .rodata.dmSecFcnIf  BUILD/DISCO_L475VG_IOT01A/ARMC6/mbed-os/connectivity/FEATURE_BLE/libraries/cordio_stack/ble-host/sources/stack/dm/dm_sec.o
    0x08023664   0x0000000c   Data   RO         3144    .rodata.dmSecLescFcnIf  BUILD/DISCO_L475VG_IOT01A/ARMC6/mbed-os/connectivity/FEATURE_BLE/libraries/cordio_stack/ble-host/sources/stack/dm/dm_sec_lesc.o
    0x08023670   0x00000024   Data   RO         3215    .rodata.dmSyncAct   BUILD/DISCO_L475VG_IOT01A/ARMC6/mbed-os/connectivity/FEATURE_BLE/libraries/cordio_stack/ble-host/sources/stack/dm/dm_sync_ae.o
    0x08023694   0x0000000c   Data   RO         3216    .rodata.dmSyncFcnIf  BUILD/DISCO_L475VG_IOT01A/ARMC6/mbed-os/connectivity/FEATURE_BLE/libraries/cordio_stack/ble-host/sources/stack/dm/dm_sync_ae.o
    0x080236a0   0x00000038   Data   RO         3214    .rodata.dmSyncStateTbl  BUILD/DISCO_L475VG_IOT01A/ARMC6/mbed-os/connectivity/FEATURE_BLE/libraries/cordio_stack/ble-host/sources/stack/dm/dm_sync_ae.o
    0x080236d8   0x00000010   Data   RO         1571    .rodata.eattFcnDefault  BUILD/DISCO_L475VG_IOT01A/ARMC6/mbed-os/connectivity/FEATURE_BLE/libraries/cordio_stack/ble-host/sources/stack/att/att_main.o
    0x080236e8   0x00000008   Data   RO          969    .rodata.hciEventMask  BUILD/DISCO_L475VG_IOT01A/ARMC6/mbed-os/connectivity/FEATURE_BLE/libraries/cordio_stack/ble-host/sources/hci/common/hci_core.o
    0x080236f0   0x00000008   Data   RO          971    .rodata.hciEventMaskPage2  BUILD/DISCO_L475VG_IOT01A/ARMC6/mbed-os/connectivity/FEATURE_BLE/libraries/cordio_stack/ble-host/sources/hci/common/hci_core.o
    0x080236f8   0x00000044   Data   RO         1409    .rodata.hciEvtCbackLen  BUILD/DISCO_L475VG_IOT01A/ARMC6/mbed-os/connectivity/FEATURE_BLE/libraries/cordio_stack/ble-host/sources/hci/dual_chip/hci_evt.o
    0x0802373c   0x00000110   Data   RO         1410    .rodata.hciEvtParseFcnTbl  BUILD/DISCO_L475VG_IOT01A/ARMC6/mbed-os/connectivity/FEATURE_BLE/libraries/cordio_stack/ble-host/sources/hci/dual_chip/hci_evt.o
    0x0802384c   0x00000008   Data   RO          970    .rodata.hciLeEventMask  BUILD/DISCO_L475VG_IOT01A/ARMC6/mbed-os/connectivity/FEATURE_BLE/libraries/cordio_stack/ble-host/sources/hci/common/hci_core.o
    0x08023854   0x00000040   Data   RO        35592    .rodata.ll_pin_defines  BUILD/DISCO_L475VG_IOT01A/ARMC6/mbed-os/targets/TARGET_STM/pinmap.o
    0x08023894   0x00000008   Data   RO        28622    .rodata.lp_data     BUILD/DISCO_L475VG_IOT01A/ARMC6/mbed-os/hal/source/mbed_lp_ticker_api.o
    0x0802389c   0x00000024   Data   RO        28624    .rodata.lp_interface  BUILD/DISCO_L475VG_IOT01A/ARMC6/mbed-os/hal/source/mbed_lp_ticker_api.o
    0x080238c0   0x00000008   Data   RO        35555    .rodata.lp_ticker_get_info.info  BUILD/DISCO_L475VG_IOT01A/ARMC6/mbed-os/targets/TARGET_STM/lp_ticker.o
    0x080238c8   0x00000004   Data   RO          454    .rodata.osRtxUserSVC  BUILD/DISCO_L475VG_IOT01A/ARMC6/mbed-os/cmsis/CMSIS_5/CMSIS/RTOS2/RTX/Source/rtx_lib.o
    0x080238cc   0x00000024   Data   RO          449    .rodata.os_idle_thread_attr  BUILD/DISCO_L475VG_IOT01A/ARMC6/mbed-os/cmsis/CMSIS_5/CMSIS/RTOS2/RTX/Source/rtx_lib.o
    0x080238f0   0x00000018   Data   RO          451    .rodata.os_timer_mq_attr  BUILD/DISCO_L475VG_IOT01A/ARMC6/mbed-os/cmsis/CMSIS_5/CMSIS/RTOS2/RTX/Source/rtx_lib.o
    0x08023908   0x00000024   Data   RO          450    .rodata.os_timer_thread_attr  BUILD/DISCO_L475VG_IOT01A/ARMC6/mbed-os/cmsis/CMSIS_5/CMSIS/RTOS2/RTX/Source/rtx_lib.o
    0x0802392c   0x000000c0   Data   RO        35158    .rodata.pin_lines_desc  BUILD/DISCO_L475VG_IOT01A/ARMC6/mbed-os/targets/TARGET_STM/TARGET_STM32L4/gpio_irq_device.o
    0x080239ec   0x0000000f   Data   RO         3485    .rodata.smpPktLenTbl  BUILD/DISCO_L475VG_IOT01A/ARMC6/mbed-os/connectivity/FEATURE_BLE/libraries/cordio_stack/ble-host/sources/stack/smp/smp_main.o
    0x080239fb   0x00000004   Data   RO         3537    .rodata.smpScF5Key  BUILD/DISCO_L475VG_IOT01A/ARMC6/mbed-os/connectivity/FEATURE_BLE/libraries/cordio_stack/ble-host/sources/stack/smp/smp_sc_act.o
    0x080239ff   0x00000001   PAD
    0x08023a00   0x00000064   Data   RO         3698    .rodata.smpiActionTbl  BUILD/DISCO_L475VG_IOT01A/ARMC6/mbed-os/connectivity/FEATURE_BLE/libraries/cordio_stack/ble-host/sources/stack/smp/smpi_sm.o
    0x08023a64   0x000000cc   Data   RO         3650    .rodata.smpiScActionTbl  BUILD/DISCO_L475VG_IOT01A/ARMC6/mbed-os/connectivity/FEATURE_BLE/libraries/cordio_stack/ble-host/sources/stack/smp/smpi_sc_sm.o
    0x08023b30   0x0000000c   Data   RO         3652    .rodata.smpiScSmIf  BUILD/DISCO_L475VG_IOT01A/ARMC6/mbed-os/connectivity/FEATURE_BLE/libraries/cordio_stack/ble-host/sources/stack/smp/smpi_sc_sm.o
    0x08023b3c   0x00000098   Data   RO         3649    .rodata.smpiScStateTbl  BUILD/DISCO_L475VG_IOT01A/ARMC6/mbed-os/connectivity/FEATURE_BLE/libraries/cordio_stack/ble-host/sources/stack/smp/smpi_sc_sm.o
    0x08023bd4   0x00000018   Data   RO         3690    .rodata.smpiScStateTblAttempts  BUILD/DISCO_L475VG_IOT01A/ARMC6/mbed-os/connectivity/FEATURE_BLE/libraries/cordio_stack/ble-host/sources/stack/smp/smpi_sc_sm.o
    0x08023bec   0x0000000c   Data   RO         3659    .rodata.smpiScStateTblAuthSelect  BUILD/DISCO_L475VG_IOT01A/ARMC6/mbed-os/connectivity/FEATURE_BLE/libraries/cordio_stack/ble-host/sources/stack/smp/smpi_sc_sm.o
    0x08023bf8   0x00000006   Data   RO         3673    .rodata.smpiScStateTblCalcDHKey  BUILD/DISCO_L475VG_IOT01A/ARMC6/mbed-os/connectivity/FEATURE_BLE/libraries/cordio_stack/ble-host/sources/stack/smp/smpi_sc_sm.o
    0x08023bfe   0x00000006   Data   RO         3676    .rodata.smpiScStateTblCalcF5LTK  BUILD/DISCO_L475VG_IOT01A/ARMC6/mbed-os/connectivity/FEATURE_BLE/libraries/cordio_stack/ble-host/sources/stack/smp/smpi_sc_sm.o
    0x08023c04   0x00000006   Data   RO         3675    .rodata.smpiScStateTblCalcF5MacKey  BUILD/DISCO_L475VG_IOT01A/ARMC6/mbed-os/connectivity/FEATURE_BLE/libraries/cordio_stack/ble-host/sources/stack/smp/smpi_sc_sm.o
    0x08023c0a   0x00000009   Data   RO         3674    .rodata.smpiScStateTblCalcF5TKey  BUILD/DISCO_L475VG_IOT01A/ARMC6/mbed-os/connectivity/FEATURE_BLE/libraries/cordio_stack/ble-host/sources/stack/smp/smpi_sc_sm.o
    0x08023c13   0x00000006   Data   RO         3681    .rodata.smpiScStateTblCnfCalc1  BUILD/DISCO_L475VG_IOT01A/ARMC6/mbed-os/connectivity/FEATURE_BLE/libraries/cordio_stack/ble-host/sources/stack/smp/smpi_sc_sm.o
    0x08023c19   0x00000006   Data   RO         3682    .rodata.smpiScStateTblCnfCalc2  BUILD/DISCO_L475VG_IOT01A/ARMC6/mbed-os/connectivity/FEATURE_BLE/libraries/cordio_stack/ble-host/sources/stack/smp/smpi_sc_sm.o
    0x08023c1f   0x00000006   Data   RO         3685    .rodata.smpiScStateTblCnfVerCalc1  BUILD/DISCO_L475VG_IOT01A/ARMC6/mbed-os/connectivity/FEATURE_BLE/libraries/cordio_stack/ble-host/sources/stack/smp/smpi_sc_sm.o
    0x08023c25   0x00000006   Data   RO         3686    .rodata.smpiScStateTblCnfVerCalc2  BUILD/DISCO_L475VG_IOT01A/ARMC6/mbed-os/connectivity/FEATURE_BLE/libraries/cordio_stack/ble-host/sources/stack/smp/smpi_sc_sm.o
    0x08023c2b   0x0000000f   Data   RO         3651    .rodata.smpiScStateTblCommon  BUILD/DISCO_L475VG_IOT01A/ARMC6/mbed-os/connectivity/FEATURE_BLE/libraries/cordio_stack/ble-host/sources/stack/smp/smpi_sc_sm.o
    0x08023c3a   0x00000006   Data   RO         3677    .rodata.smpiScStateTblDhCalcF6Ea  BUILD/DISCO_L475VG_IOT01A/ARMC6/mbed-os/connectivity/FEATURE_BLE/libraries/cordio_stack/ble-host/sources/stack/smp/smpi_sc_sm.o
    0x08023c40   0x00000006   Data   RO         3678    .rodata.smpiScStateTblDhCalcF6Eb  BUILD/DISCO_L475VG_IOT01A/ARMC6/mbed-os/connectivity/FEATURE_BLE/libraries/cordio_stack/ble-host/sources/stack/smp/smpi_sc_sm.o
    0x08023c46   0x00000012   Data   RO         3688    .rodata.smpiScStateTblEncrypt  BUILD/DISCO_L475VG_IOT01A/ARMC6/mbed-os/connectivity/FEATURE_BLE/libraries/cordio_stack/ble-host/sources/stack/smp/smpi_sc_sm.o
    0x08023c58   0x00000015   Data   RO         3654    .rodata.smpiScStateTblIdle  BUILD/DISCO_L475VG_IOT01A/ARMC6/mbed-os/connectivity/FEATURE_BLE/libraries/cordio_stack/ble-host/sources/stack/smp/smpi_sc_sm.o
    0x08023c6d   0x00000006   Data   RO         3662    .rodata.smpiScStateTblJwNcCheck1  BUILD/DISCO_L475VG_IOT01A/ARMC6/mbed-os/connectivity/FEATURE_BLE/libraries/cordio_stack/ble-host/sources/stack/smp/smpi_sc_sm.o
    0x08023c73   0x00000009   Data   RO         3663    .rodata.smpiScStateTblJwNcCheck2  BUILD/DISCO_L475VG_IOT01A/ARMC6/mbed-os/connectivity/FEATURE_BLE/libraries/cordio_stack/ble-host/sources/stack/smp/smpi_sc_sm.o
    0x08023c7c   0x00000006   Data   RO         3661    .rodata.smpiScStateTblJwNcRand  BUILD/DISCO_L475VG_IOT01A/ARMC6/mbed-os/connectivity/FEATURE_BLE/libraries/cordio_stack/ble-host/sources/stack/smp/smpi_sc_sm.o
    0x08023c82   0x00000006   Data   RO         3660    .rodata.smpiScStateTblJwNcWaitCnf  BUILD/DISCO_L475VG_IOT01A/ARMC6/mbed-os/connectivity/FEATURE_BLE/libraries/cordio_stack/ble-host/sources/stack/smp/smpi_sc_sm.o
    0x08023c88   0x00000009   Data   RO         3664    .rodata.smpiScStateTblJwNcWaitUser  BUILD/DISCO_L475VG_IOT01A/ARMC6/mbed-os/connectivity/FEATURE_BLE/libraries/cordio_stack/ble-host/sources/stack/smp/smpi_sc_sm.o
    0x08023c91   0x0000000f   Data   RO         3689    .rodata.smpiScStateTblKeyDist  BUILD/DISCO_L475VG_IOT01A/ARMC6/mbed-os/connectivity/FEATURE_BLE/libraries/cordio_stack/ble-host/sources/stack/smp/smpi_sc_sm.o
    0x08023ca0   0x00000006   Data   RO         3680    .rodata.smpiScStateTblLegacyPin  BUILD/DISCO_L475VG_IOT01A/ARMC6/mbed-os/connectivity/FEATURE_BLE/libraries/cordio_stack/ble-host/sources/stack/smp/smpi_sc_sm.o
    0x08023ca6   0x00000006   Data   RO         3657    .rodata.smpiScStateTblLescPin  BUILD/DISCO_L475VG_IOT01A/ARMC6/mbed-os/connectivity/FEATURE_BLE/libraries/cordio_stack/ble-host/sources/stack/smp/smpi_sc_sm.o
    0x08023cac   0x00000009   Data   RO         3656    .rodata.smpiScStateTblModeSelect  BUILD/DISCO_L475VG_IOT01A/ARMC6/mbed-os/connectivity/FEATURE_BLE/libraries/cordio_stack/ble-host/sources/stack/smp/smpi_sc_sm.o
    0x08023cb5   0x00000006   Data   RO         3671    .rodata.smpiScStateTblOobSendRand  BUILD/DISCO_L475VG_IOT01A/ARMC6/mbed-os/connectivity/FEATURE_BLE/libraries/cordio_stack/ble-host/sources/stack/smp/smpi_sc_sm.o
    0x08023cbb   0x00000009   Data   RO         3672    .rodata.smpiScStateTblOobWaitRand  BUILD/DISCO_L475VG_IOT01A/ARMC6/mbed-os/connectivity/FEATURE_BLE/libraries/cordio_stack/ble-host/sources/stack/smp/smpi_sc_sm.o
    0x08023cc4   0x00000006   Data   RO         3683    .rodata.smpiScStateTblPairCnf  BUILD/DISCO_L475VG_IOT01A/ARMC6/mbed-os/connectivity/FEATURE_BLE/libraries/cordio_stack/ble-host/sources/stack/smp/smpi_sc_sm.o
    0x08023cca   0x00000006   Data   RO         3684    .rodata.smpiScStateTblPairRand  BUILD/DISCO_L475VG_IOT01A/ARMC6/mbed-os/connectivity/FEATURE_BLE/libraries/cordio_stack/ble-host/sources/stack/smp/smpi_sc_sm.o
    0x08023cd0   0x00000006   Data   RO         3655    .rodata.smpiScStateTblPairRsp  BUILD/DISCO_L475VG_IOT01A/ARMC6/mbed-os/connectivity/FEATURE_BLE/libraries/cordio_stack/ble-host/sources/stack/smp/smpi_sc_sm.o
    0x08023cd6   0x00000006   Data   RO         3666    .rodata.smpiScStateTblPasskeyCalc  BUILD/DISCO_L475VG_IOT01A/ARMC6/mbed-os/connectivity/FEATURE_BLE/libraries/cordio_stack/ble-host/sources/stack/smp/smpi_sc_sm.o
    0x08023cdc   0x00000006   Data   RO         3669    .rodata.smpiScStateTblPasskeyCheck  BUILD/DISCO_L475VG_IOT01A/ARMC6/mbed-os/connectivity/FEATURE_BLE/libraries/cordio_stack/ble-host/sources/stack/smp/smpi_sc_sm.o
    0x08023ce2   0x00000006   Data   RO         3667    .rodata.smpiScStateTblPasskeyCnf  BUILD/DISCO_L475VG_IOT01A/ARMC6/mbed-os/connectivity/FEATURE_BLE/libraries/cordio_stack/ble-host/sources/stack/smp/smpi_sc_sm.o
    0x08023ce8   0x00000006   Data   RO         3668    .rodata.smpiScStateTblPasskeyRand  BUILD/DISCO_L475VG_IOT01A/ARMC6/mbed-os/connectivity/FEATURE_BLE/libraries/cordio_stack/ble-host/sources/stack/smp/smpi_sc_sm.o
    0x08023cee   0x0000000c   Data   RO         3670    .rodata.smpiScStateTblPasskeyRepeat  BUILD/DISCO_L475VG_IOT01A/ARMC6/mbed-os/connectivity/FEATURE_BLE/libraries/cordio_stack/ble-host/sources/stack/smp/smpi_sc_sm.o
    0x08023cfa   0x00000006   Data   RO         3658    .rodata.smpiScStateTblPubKey  BUILD/DISCO_L475VG_IOT01A/ARMC6/mbed-os/connectivity/FEATURE_BLE/libraries/cordio_stack/ble-host/sources/stack/smp/smpi_sc_sm.o
    0x08023d00   0x00000012   Data   RO         3691    .rodata.smpiScStateTblRspTo  BUILD/DISCO_L475VG_IOT01A/ARMC6/mbed-os/connectivity/FEATURE_BLE/libraries/cordio_stack/ble-host/sources/stack/smp/smpi_sc_sm.o
    0x08023d12   0x00000009   Data   RO         3687    .rodata.smpiScStateTblStkCalc  BUILD/DISCO_L475VG_IOT01A/ARMC6/mbed-os/connectivity/FEATURE_BLE/libraries/cordio_stack/ble-host/sources/stack/smp/smpi_sc_sm.o
    0x08023d1b   0x00000006   Data   RO         3679    .rodata.smpiScStateTblVerifyDHCheck  BUILD/DISCO_L475VG_IOT01A/ARMC6/mbed-os/connectivity/FEATURE_BLE/libraries/cordio_stack/ble-host/sources/stack/smp/smpi_sc_sm.o
    0x08023d21   0x00000003   PAD
    0x08023d24   0x0000000c   Data   RO         3700    .rodata.smpiSmIf    BUILD/DISCO_L475VG_IOT01A/ARMC6/mbed-os/connectivity/FEATURE_BLE/libraries/cordio_stack/ble-host/sources/stack/smp/smpi_sm.o
    0x08023d30   0x00000038   Data   RO         3697    .rodata.smpiStateTbl  BUILD/DISCO_L475VG_IOT01A/ARMC6/mbed-os/connectivity/FEATURE_BLE/libraries/cordio_stack/ble-host/sources/stack/smp/smpi_sm.o
    0x08023d68   0x00000018   Data   RO         3713    .rodata.smpiStateTblAttempts  BUILD/DISCO_L475VG_IOT01A/ARMC6/mbed-os/connectivity/FEATURE_BLE/libraries/cordio_stack/ble-host/sources/stack/smp/smpi_sm.o
    0x08023d80   0x00000006   Data   RO         3704    .rodata.smpiStateTblCnfCalc1  BUILD/DISCO_L475VG_IOT01A/ARMC6/mbed-os/connectivity/FEATURE_BLE/libraries/cordio_stack/ble-host/sources/stack/smp/smpi_sm.o
    0x08023d86   0x00000006   Data   RO         3705    .rodata.smpiStateTblCnfCalc2  BUILD/DISCO_L475VG_IOT01A/ARMC6/mbed-os/connectivity/FEATURE_BLE/libraries/cordio_stack/ble-host/sources/stack/smp/smpi_sm.o
    0x08023d8c   0x00000006   Data   RO         3708    .rodata.smpiStateTblCnfVerCalc1  BUILD/DISCO_L475VG_IOT01A/ARMC6/mbed-os/connectivity/FEATURE_BLE/libraries/cordio_stack/ble-host/sources/stack/smp/smpi_sm.o
    0x08023d92   0x00000006   Data   RO         3709    .rodata.smpiStateTblCnfVerCalc2  BUILD/DISCO_L475VG_IOT01A/ARMC6/mbed-os/connectivity/FEATURE_BLE/libraries/cordio_stack/ble-host/sources/stack/smp/smpi_sm.o
    0x08023d98   0x0000000f   Data   RO         3699    .rodata.smpiStateTblCommon  BUILD/DISCO_L475VG_IOT01A/ARMC6/mbed-os/connectivity/FEATURE_BLE/libraries/cordio_stack/ble-host/sources/stack/smp/smpi_sm.o
    0x08023da7   0x0000000c   Data   RO         3711    .rodata.smpiStateTblEncrypt  BUILD/DISCO_L475VG_IOT01A/ARMC6/mbed-os/connectivity/FEATURE_BLE/libraries/cordio_stack/ble-host/sources/stack/smp/smpi_sm.o
    0x08023db3   0x00000015   Data   RO         3701    .rodata.smpiStateTblIdle  BUILD/DISCO_L475VG_IOT01A/ARMC6/mbed-os/connectivity/FEATURE_BLE/libraries/cordio_stack/ble-host/sources/stack/smp/smpi_sm.o
    0x08023dc8   0x0000000f   Data   RO         3712    .rodata.smpiStateTblKeyDist  BUILD/DISCO_L475VG_IOT01A/ARMC6/mbed-os/connectivity/FEATURE_BLE/libraries/cordio_stack/ble-host/sources/stack/smp/smpi_sm.o
    0x08023dd7   0x00000006   Data   RO         3706    .rodata.smpiStateTblPairCnf  BUILD/DISCO_L475VG_IOT01A/ARMC6/mbed-os/connectivity/FEATURE_BLE/libraries/cordio_stack/ble-host/sources/stack/smp/smpi_sm.o
    0x08023ddd   0x00000006   Data   RO         3707    .rodata.smpiStateTblPairRand  BUILD/DISCO_L475VG_IOT01A/ARMC6/mbed-os/connectivity/FEATURE_BLE/libraries/cordio_stack/ble-host/sources/stack/smp/smpi_sm.o
    0x08023de3   0x00000006   Data   RO         3702    .rodata.smpiStateTblPairRsp  BUILD/DISCO_L475VG_IOT01A/ARMC6/mbed-os/connectivity/FEATURE_BLE/libraries/cordio_stack/ble-host/sources/stack/smp/smpi_sm.o
    0x08023de9   0x00000006   Data   RO         3703    .rodata.smpiStateTblPin  BUILD/DISCO_L475VG_IOT01A/ARMC6/mbed-os/connectivity/FEATURE_BLE/libraries/cordio_stack/ble-host/sources/stack/smp/smpi_sm.o
    0x08023def   0x00000012   Data   RO         3714    .rodata.smpiStateTblRspTo  BUILD/DISCO_L475VG_IOT01A/ARMC6/mbed-os/connectivity/FEATURE_BLE/libraries/cordio_stack/ble-host/sources/stack/smp/smpi_sm.o
    0x08023e01   0x00000009   Data   RO         3710    .rodata.smpiStateTblStkCalc  BUILD/DISCO_L475VG_IOT01A/ARMC6/mbed-os/connectivity/FEATURE_BLE/libraries/cordio_stack/ble-host/sources/stack/smp/smpi_sm.o
    0x08023e0a   0x00000002   PAD
    0x08023e0c   0x0000006c   Data   RO         3851    .rodata.smprActionTbl  BUILD/DISCO_L475VG_IOT01A/ARMC6/mbed-os/connectivity/FEATURE_BLE/libraries/cordio_stack/ble-host/sources/stack/smp/smpr_sm.o
    0x08023e78   0x000000dc   Data   RO         3786    .rodata.smprScActionTbl  BUILD/DISCO_L475VG_IOT01A/ARMC6/mbed-os/connectivity/FEATURE_BLE/libraries/cordio_stack/ble-host/sources/stack/smp/smpr_sc_sm.o
    0x08023f54   0x0000000c   Data   RO         3788    .rodata.smprScSmIf  BUILD/DISCO_L475VG_IOT01A/ARMC6/mbed-os/connectivity/FEATURE_BLE/libraries/cordio_stack/ble-host/sources/stack/smp/smpr_sc_sm.o
    0x08023f60   0x000000a0   Data   RO         3785    .rodata.smprScStateTbl  BUILD/DISCO_L475VG_IOT01A/ARMC6/mbed-os/connectivity/FEATURE_BLE/libraries/cordio_stack/ble-host/sources/stack/smp/smpr_sc_sm.o
    0x08024000   0x0000001b   Data   RO         3791    .rodata.smprScStateTblApiPairReq  BUILD/DISCO_L475VG_IOT01A/ARMC6/mbed-os/connectivity/FEATURE_BLE/libraries/cordio_stack/ble-host/sources/stack/smp/smpr_sc_sm.o
    0x0802401b   0x00000006   Data   RO         3792    .rodata.smprScStateTblApiPairRsp  BUILD/DISCO_L475VG_IOT01A/ARMC6/mbed-os/connectivity/FEATURE_BLE/libraries/cordio_stack/ble-host/sources/stack/smp/smpr_sc_sm.o
    0x08024021   0x00000018   Data   RO         3828    .rodata.smprScStateTblAttempts  BUILD/DISCO_L475VG_IOT01A/ARMC6/mbed-os/connectivity/FEATURE_BLE/libraries/cordio_stack/ble-host/sources/stack/smp/smpr_sc_sm.o
    0x08024039   0x0000000c   Data   RO         3796    .rodata.smprScStateTblAuthSelect  BUILD/DISCO_L475VG_IOT01A/ARMC6/mbed-os/connectivity/FEATURE_BLE/libraries/cordio_stack/ble-host/sources/stack/smp/smpr_sc_sm.o
    0x08024045   0x00000006   Data   RO         3812    .rodata.smprScStateTblCalcDHKey  BUILD/DISCO_L475VG_IOT01A/ARMC6/mbed-os/connectivity/FEATURE_BLE/libraries/cordio_stack/ble-host/sources/stack/smp/smpr_sc_sm.o
    0x0802404b   0x00000006   Data   RO         3815    .rodata.smprScStateTblCalcF5LTK  BUILD/DISCO_L475VG_IOT01A/ARMC6/mbed-os/connectivity/FEATURE_BLE/libraries/cordio_stack/ble-host/sources/stack/smp/smpr_sc_sm.o
    0x08024051   0x00000006   Data   RO         3814    .rodata.smprScStateTblCalcF5MacKey  BUILD/DISCO_L475VG_IOT01A/ARMC6/mbed-os/connectivity/FEATURE_BLE/libraries/cordio_stack/ble-host/sources/stack/smp/smpr_sc_sm.o
    0x08024057   0x00000009   Data   RO         3813    .rodata.smprScStateTblCalcF5TKey  BUILD/DISCO_L475VG_IOT01A/ARMC6/mbed-os/connectivity/FEATURE_BLE/libraries/cordio_stack/ble-host/sources/stack/smp/smpr_sc_sm.o
    0x08024060   0x0000000f   Data   RO         3787    .rodata.smprScStateTblCommon  BUILD/DISCO_L475VG_IOT01A/ARMC6/mbed-os/connectivity/FEATURE_BLE/libraries/cordio_stack/ble-host/sources/stack/smp/smpr_sc_sm.o
    0x0802406f   0x00000006   Data   RO         3816    .rodata.smprScStateTblDhCalcF6Ea  BUILD/DISCO_L475VG_IOT01A/ARMC6/mbed-os/connectivity/FEATURE_BLE/libraries/cordio_stack/ble-host/sources/stack/smp/smpr_sc_sm.o
    0x08024075   0x00000006   Data   RO         3817    .rodata.smprScStateTblDhCalcF6Eb  BUILD/DISCO_L475VG_IOT01A/ARMC6/mbed-os/connectivity/FEATURE_BLE/libraries/cordio_stack/ble-host/sources/stack/smp/smpr_sc_sm.o
    0x0802407b   0x00000012   Data   RO         3826    .rodata.smprScStateTblEncrypt  BUILD/DISCO_L475VG_IOT01A/ARMC6/mbed-os/connectivity/FEATURE_BLE/libraries/cordio_stack/ble-host/sources/stack/smp/smpr_sc_sm.o
    0x0802408d   0x00000015   Data   RO         3790    .rodata.smprScStateTblIdle  BUILD/DISCO_L475VG_IOT01A/ARMC6/mbed-os/connectivity/FEATURE_BLE/libraries/cordio_stack/ble-host/sources/stack/smp/smpr_sc_sm.o
    0x080240a2   0x00000006   Data   RO         3799    .rodata.smprScStateTblJwNcCalcG2  BUILD/DISCO_L475VG_IOT01A/ARMC6/mbed-os/connectivity/FEATURE_BLE/libraries/cordio_stack/ble-host/sources/stack/smp/smpr_sc_sm.o
    0x080240a8   0x00000006   Data   RO         3797    .rodata.smprScStateTblJwNcSetup  BUILD/DISCO_L475VG_IOT01A/ARMC6/mbed-os/connectivity/FEATURE_BLE/libraries/cordio_stack/ble-host/sources/stack/smp/smpr_sc_sm.o
    0x080240ae   0x00000006   Data   RO         3798    .rodata.smprScStateTblJwNcWaitRand  BUILD/DISCO_L475VG_IOT01A/ARMC6/mbed-os/connectivity/FEATURE_BLE/libraries/cordio_stack/ble-host/sources/stack/smp/smpr_sc_sm.o
    0x080240b4   0x0000000c   Data   RO         3800    .rodata.smprScStateTblJwNcWaitUser  BUILD/DISCO_L475VG_IOT01A/ARMC6/mbed-os/connectivity/FEATURE_BLE/libraries/cordio_stack/ble-host/sources/stack/smp/smpr_sc_sm.o
    0x080240c0   0x00000009   Data   RO         3801    .rodata.smprScStateTblJwNcWaitUserDhCheckRcvd  BUILD/DISCO_L475VG_IOT01A/ARMC6/mbed-os/connectivity/FEATURE_BLE/libraries/cordio_stack/ble-host/sources/stack/smp/smpr_sc_sm.o
    0x080240c9   0x0000000f   Data   RO         3827    .rodata.smprScStateTblKeyDist  BUILD/DISCO_L475VG_IOT01A/ARMC6/mbed-os/connectivity/FEATURE_BLE/libraries/cordio_stack/ble-host/sources/stack/smp/smpr_sc_sm.o
    0x080240d8   0x00000006   Data   RO         3795    .rodata.smprScStateTblLescPin  BUILD/DISCO_L475VG_IOT01A/ARMC6/mbed-os/connectivity/FEATURE_BLE/libraries/cordio_stack/ble-host/sources/stack/smp/smpr_sc_sm.o
    0x080240de   0x00000009   Data   RO         3793    .rodata.smprScStateTblModeSelect  BUILD/DISCO_L475VG_IOT01A/ARMC6/mbed-os/connectivity/FEATURE_BLE/libraries/cordio_stack/ble-host/sources/stack/smp/smpr_sc_sm.o
    0x080240e7   0x00000006   Data   RO         3809    .rodata.smprScStateTblOobSendRand  BUILD/DISCO_L475VG_IOT01A/ARMC6/mbed-os/connectivity/FEATURE_BLE/libraries/cordio_stack/ble-host/sources/stack/smp/smpr_sc_sm.o
    0x080240ed   0x00000006   Data   RO         3810    .rodata.smprScStateTblOobWaitRand  BUILD/DISCO_L475VG_IOT01A/ARMC6/mbed-os/connectivity/FEATURE_BLE/libraries/cordio_stack/ble-host/sources/stack/smp/smpr_sc_sm.o
    0x080240f3   0x0000000f   Data   RO         3802    .rodata.smprScStateTblPassKeyKeypress  BUILD/DISCO_L475VG_IOT01A/ARMC6/mbed-os/connectivity/FEATURE_BLE/libraries/cordio_stack/ble-host/sources/stack/smp/smpr_sc_sm.o
    0x08024102   0x00000006   Data   RO         3803    .rodata.smprScStateTblPassWaitAuthRsp  BUILD/DISCO_L475VG_IOT01A/ARMC6/mbed-os/connectivity/FEATURE_BLE/libraries/cordio_stack/ble-host/sources/stack/smp/smpr_sc_sm.o
    0x08024108   0x00000006   Data   RO         3805    .rodata.smprScStateTblPasskeyCalc  BUILD/DISCO_L475VG_IOT01A/ARMC6/mbed-os/connectivity/FEATURE_BLE/libraries/cordio_stack/ble-host/sources/stack/smp/smpr_sc_sm.o
    0x0802410e   0x00000006   Data   RO         3807    .rodata.smprScStateTblPasskeyCheck  BUILD/DISCO_L475VG_IOT01A/ARMC6/mbed-os/connectivity/FEATURE_BLE/libraries/cordio_stack/ble-host/sources/stack/smp/smpr_sc_sm.o
    0x08024114   0x0000000c   Data   RO         3665    .rodata.smprScStateTblPasskeyKeypress  BUILD/DISCO_L475VG_IOT01A/ARMC6/mbed-os/connectivity/FEATURE_BLE/libraries/cordio_stack/ble-host/sources/stack/smp/smpi_sc_sm.o
    0x08024120   0x00000006   Data   RO         3806    .rodata.smprScStateTblPasskeyRand  BUILD/DISCO_L475VG_IOT01A/ARMC6/mbed-os/connectivity/FEATURE_BLE/libraries/cordio_stack/ble-host/sources/stack/smp/smpr_sc_sm.o
    0x08024126   0x0000000c   Data   RO         3808    .rodata.smprScStateTblPasskeyRepeat  BUILD/DISCO_L475VG_IOT01A/ARMC6/mbed-os/connectivity/FEATURE_BLE/libraries/cordio_stack/ble-host/sources/stack/smp/smpr_sc_sm.o
    0x08024132   0x00000006   Data   RO         3804    .rodata.smprScStateTblPasskeyWaitCnf  BUILD/DISCO_L475VG_IOT01A/ARMC6/mbed-os/connectivity/FEATURE_BLE/libraries/cordio_stack/ble-host/sources/stack/smp/smpr_sc_sm.o
    0x08024138   0x00000006   Data   RO         3794    .rodata.smprScStateTblPubKey  BUILD/DISCO_L475VG_IOT01A/ARMC6/mbed-os/connectivity/FEATURE_BLE/libraries/cordio_stack/ble-host/sources/stack/smp/smpr_sc_sm.o
    0x0802413e   0x00000012   Data   RO         3829    .rodata.smprScStateTblRspTo  BUILD/DISCO_L475VG_IOT01A/ARMC6/mbed-os/connectivity/FEATURE_BLE/libraries/cordio_stack/ble-host/sources/stack/smp/smpr_sc_sm.o
    0x08024150   0x00000009   Data   RO         3825    .rodata.smprScStateTblStkCalc  BUILD/DISCO_L475VG_IOT01A/ARMC6/mbed-os/connectivity/FEATURE_BLE/libraries/cordio_stack/ble-host/sources/stack/smp/smpr_sc_sm.o
    0x08024159   0x00000009   Data   RO         3811    .rodata.smprScStateTblWaitDhCheck  BUILD/DISCO_L475VG_IOT01A/ARMC6/mbed-os/connectivity/FEATURE_BLE/libraries/cordio_stack/ble-host/sources/stack/smp/smpr_sc_sm.o
    0x08024162   0x00000002   PAD
    0x08024164   0x0000000c   Data   RO         3853    .rodata.smprSmIf    BUILD/DISCO_L475VG_IOT01A/ARMC6/mbed-os/connectivity/FEATURE_BLE/libraries/cordio_stack/ble-host/sources/stack/smp/smpr_sm.o
    0x08024170   0x0000003c   Data   RO         3850    .rodata.smprStateTbl  BUILD/DISCO_L475VG_IOT01A/ARMC6/mbed-os/connectivity/FEATURE_BLE/libraries/cordio_stack/ble-host/sources/stack/smp/smpr_sm.o
    0x080241ac   0x0000001b   Data   RO         3836    .rodata.smprStateTblApiPairReq  BUILD/DISCO_L475VG_IOT01A/ARMC6/mbed-os/connectivity/FEATURE_BLE/libraries/cordio_stack/ble-host/sources/stack/smp/smpr_sm.o
    0x080241c7   0x00000006   Data   RO         3837    .rodata.smprStateTblApiPairRsp  BUILD/DISCO_L475VG_IOT01A/ARMC6/mbed-os/connectivity/FEATURE_BLE/libraries/cordio_stack/ble-host/sources/stack/smp/smpr_sm.o
    0x080241cd   0x00000018   Data   RO         3848    .rodata.smprStateTblAttempts  BUILD/DISCO_L475VG_IOT01A/ARMC6/mbed-os/connectivity/FEATURE_BLE/libraries/cordio_stack/ble-host/sources/stack/smp/smpr_sm.o
    0x080241e5   0x00000006   Data   RO         3820    .rodata.smprStateTblCnfCalc1  BUILD/DISCO_L475VG_IOT01A/ARMC6/mbed-os/connectivity/FEATURE_BLE/libraries/cordio_stack/ble-host/sources/stack/smp/smpr_sc_sm.o
    0x080241eb   0x00000006   Data   RO         3840    .rodata.smprStateTblCnfCalc1  BUILD/DISCO_L475VG_IOT01A/ARMC6/mbed-os/connectivity/FEATURE_BLE/libraries/cordio_stack/ble-host/sources/stack/smp/smpr_sm.o
    0x080241f1   0x00000006   Data   RO         3821    .rodata.smprStateTblCnfCalc2  BUILD/DISCO_L475VG_IOT01A/ARMC6/mbed-os/connectivity/FEATURE_BLE/libraries/cordio_stack/ble-host/sources/stack/smp/smpr_sc_sm.o
    0x080241f7   0x00000006   Data   RO         3841    .rodata.smprStateTblCnfCalc2  BUILD/DISCO_L475VG_IOT01A/ARMC6/mbed-os/connectivity/FEATURE_BLE/libraries/cordio_stack/ble-host/sources/stack/smp/smpr_sm.o
    0x080241fd   0x00000006   Data   RO         3823    .rodata.smprStateTblCnfVerCalc1  BUILD/DISCO_L475VG_IOT01A/ARMC6/mbed-os/connectivity/FEATURE_BLE/libraries/cordio_stack/ble-host/sources/stack/smp/smpr_sc_sm.o
    0x08024203   0x00000006   Data   RO         3843    .rodata.smprStateTblCnfVerCalc1  BUILD/DISCO_L475VG_IOT01A/ARMC6/mbed-os/connectivity/FEATURE_BLE/libraries/cordio_stack/ble-host/sources/stack/smp/smpr_sm.o
    0x08024209   0x00000006   Data   RO         3824    .rodata.smprStateTblCnfVerCalc2  BUILD/DISCO_L475VG_IOT01A/ARMC6/mbed-os/connectivity/FEATURE_BLE/libraries/cordio_stack/ble-host/sources/stack/smp/smpr_sc_sm.o
    0x0802420f   0x00000006   Data   RO         3844    .rodata.smprStateTblCnfVerCalc2  BUILD/DISCO_L475VG_IOT01A/ARMC6/mbed-os/connectivity/FEATURE_BLE/libraries/cordio_stack/ble-host/sources/stack/smp/smpr_sm.o
    0x08024215   0x0000000f   Data   RO         3852    .rodata.smprStateTblCommon  BUILD/DISCO_L475VG_IOT01A/ARMC6/mbed-os/connectivity/FEATURE_BLE/libraries/cordio_stack/ble-host/sources/stack/smp/smpr_sm.o
    0x08024224   0x0000000c   Data   RO         3846    .rodata.smprStateTblEncrypt  BUILD/DISCO_L475VG_IOT01A/ARMC6/mbed-os/connectivity/FEATURE_BLE/libraries/cordio_stack/ble-host/sources/stack/smp/smpr_sm.o
    0x08024230   0x00000015   Data   RO         3835    .rodata.smprStateTblIdle  BUILD/DISCO_L475VG_IOT01A/ARMC6/mbed-os/connectivity/FEATURE_BLE/libraries/cordio_stack/ble-host/sources/stack/smp/smpr_sm.o
    0x08024245   0x0000000f   Data   RO         3847    .rodata.smprStateTblKeyDist  BUILD/DISCO_L475VG_IOT01A/ARMC6/mbed-os/connectivity/FEATURE_BLE/libraries/cordio_stack/ble-host/sources/stack/smp/smpr_sm.o
    0x08024254   0x00000006   Data   RO         3822    .rodata.smprStateTblPairRand  BUILD/DISCO_L475VG_IOT01A/ARMC6/mbed-os/connectivity/FEATURE_BLE/libraries/cordio_stack/ble-host/sources/stack/smp/smpr_sc_sm.o
    0x0802425a   0x00000006   Data   RO         3842    .rodata.smprStateTblPairRand  BUILD/DISCO_L475VG_IOT01A/ARMC6/mbed-os/connectivity/FEATURE_BLE/libraries/cordio_stack/ble-host/sources/stack/smp/smpr_sm.o
    0x08024260   0x00000009   Data   RO         3818    .rodata.smprStateTblPinPair1  BUILD/DISCO_L475VG_IOT01A/ARMC6/mbed-os/connectivity/FEATURE_BLE/libraries/cordio_stack/ble-host/sources/stack/smp/smpr_sc_sm.o
    0x08024269   0x00000009   Data   RO         3838    .rodata.smprStateTblPinPair1  BUILD/DISCO_L475VG_IOT01A/ARMC6/mbed-os/connectivity/FEATURE_BLE/libraries/cordio_stack/ble-host/sources/stack/smp/smpr_sm.o
    0x08024272   0x00000009   Data   RO         3819    .rodata.smprStateTblPinPair2  BUILD/DISCO_L475VG_IOT01A/ARMC6/mbed-os/connectivity/FEATURE_BLE/libraries/cordio_stack/ble-host/sources/stack/smp/smpr_sc_sm.o
    0x0802427b   0x00000009   Data   RO         3839    .rodata.smprStateTblPinPair2  BUILD/DISCO_L475VG_IOT01A/ARMC6/mbed-os/connectivity/FEATURE_BLE/libraries/cordio_stack/ble-host/sources/stack/smp/smpr_sm.o
    0x08024284   0x00000012   Data   RO         3849    .rodata.smprStateTblRspTo  BUILD/DISCO_L475VG_IOT01A/ARMC6/mbed-os/connectivity/FEATURE_BLE/libraries/cordio_stack/ble-host/sources/stack/smp/smpr_sm.o
    0x08024296   0x00000009   Data   RO         3845    .rodata.smprStateTblStkCalc  BUILD/DISCO_L475VG_IOT01A/ARMC6/mbed-os/connectivity/FEATURE_BLE/libraries/cordio_stack/ble-host/sources/stack/smp/smpr_sm.o
    0x0802429f   0x00000013   Data   RO          455    .rodata.str1.1      BUILD/DISCO_L475VG_IOT01A/ARMC6/mbed-os/cmsis/CMSIS_5/CMSIS/RTOS2/RTX/Source/rtx_lib.o
    0x080242b2   0x00000010   Data   RO          859    .rodata.str1.1      BUILD/DISCO_L475VG_IOT01A/ARMC6/mbed-os/cmsis/device/rtos/source/mbed_rtos_rtx.o
    0x080242c2   0x00000138   Data   RO          896    .rodata.str1.1      BUILD/DISCO_L475VG_IOT01A/ARMC6/mbed-os/cmsis/device/rtos/source/mbed_rtx_handlers.o
    0x080243fa   0x00000035   Data   RO          925    .rodata.str1.1      BUILD/DISCO_L475VG_IOT01A/ARMC6/mbed-os/cmsis/device/rtos/source/mbed_rtx_idle.o
    0x0802442f   0x0000005e   Data   RO         4570    .rodata.str1.1      BUILD/DISCO_L475VG_IOT01A/ARMC6/mbed-os/connectivity/FEATURE_BLE/source/cordio/driver/CordioHCIDriver.o
    0x0802448d   0x000000ff   Data   RO         4711    .rodata.str1.1      BUILD/DISCO_L475VG_IOT01A/ARMC6/mbed-os/connectivity/FEATURE_BLE/source/cordio/source/BLEInstanceBaseImpl.o
    0x0802458c   0x00000088   Data   RO         4872    .rodata.str1.1      BUILD/DISCO_L475VG_IOT01A/ARMC6/mbed-os/connectivity/FEATURE_BLE/source/cordio/source/GattServerImpl.o
    0x08024614   0x00000036   Data   RO         4959    .rodata.str1.1      BUILD/DISCO_L475VG_IOT01A/ARMC6/mbed-os/connectivity/FEATURE_BLE/source/cordio/source/PalAttClientImpl.o
    0x0802464a   0x0000005c   Data   RO         5264    .rodata.str1.1      BUILD/DISCO_L475VG_IOT01A/ARMC6/mbed-os/connectivity/FEATURE_BLE/source/cordio/source/PalPrivateAddressControllerImpl.o
    0x080246a6   0x00000053   Data   RO         5344    .rodata.str1.1      BUILD/DISCO_L475VG_IOT01A/ARMC6/mbed-os/connectivity/FEATURE_BLE/source/cordio/source/PalSecurityManagerImpl.o
    0x080246f9   0x0000001a   Data   RO         5528    .rodata.str1.1      BUILD/DISCO_L475VG_IOT01A/ARMC6/mbed-os/connectivity/FEATURE_BLE/source/gap/AdvertisingDataBuilder.o
    0x08024713   0x0000010e   Data   RO         5896    .rodata.str1.1      BUILD/DISCO_L475VG_IOT01A/ARMC6/mbed-os/connectivity/FEATURE_BLE/source/generic/GapImpl.o
    0x08024821   0x0000004e   Data   RO         6508    .rodata.str1.1      BUILD/DISCO_L475VG_IOT01A/ARMC6/mbed-os/connectivity/FEATURE_BLE/source/generic/SecurityManagerImpl.o
    0x0802486f   0x00000056   Data   RO        25420    .rodata.str1.1      BUILD/DISCO_L475VG_IOT01A/ARMC6/mbed-os/connectivity/netsocket/source/nsapi_dns.o
    0x080248c5   0x0000004a   Data   RO        26647    .rodata.str1.1      BUILD/DISCO_L475VG_IOT01A/ARMC6/mbed-os/drivers/source/SPI.o
    0x0802490f   0x0000004e   Data   RO        29039    .rodata.str1.1      BUILD/DISCO_L475VG_IOT01A/ARMC6/mbed-os/platform/source/SysTimer.o
    0x0802495d   0x000000c8   Data   RO        29191    .rodata.str1.1      BUILD/DISCO_L475VG_IOT01A/ARMC6/mbed-os/platform/source/TARGET_CORTEX_M/mbed_fault_handler.o
    0x08024a25   0x000001aa   Data   RO        29377    .rodata.str1.1      BUILD/DISCO_L475VG_IOT01A/ARMC6/mbed-os/platform/source/mbed_error.o
    0x08024bcf   0x00000063   Data   RO        29644    .rodata.str1.1      BUILD/DISCO_L475VG_IOT01A/ARMC6/mbed-os/platform/source/mbed_retarget.o
    0x08024c32   0x00000012   Data   RO        29983    .rodata.str1.1      BUILD/DISCO_L475VG_IOT01A/ARMC6/mbed-os/rtos/source/Mutex.o
    0x08024c44   0x00000019   Data   RO        30008    .rodata.str1.1      BUILD/DISCO_L475VG_IOT01A/ARMC6/mbed-os/rtos/source/Semaphore.o
    0x08024c5d   0x0000001b   Data   RO        30090    .rodata.str1.1      BUILD/DISCO_L475VG_IOT01A/ARMC6/mbed-os/rtos/source/Thread.o
    0x08024c78   0x0000002a   Data   RO        35731    .rodata.str1.1      BUILD/DISCO_L475VG_IOT01A/ARMC6/mbed-os/targets/TARGET_STM/serial_api.o
    0x08024ca2   0x00000039   Data   RO        35801    .rodata.str1.1      BUILD/DISCO_L475VG_IOT01A/ARMC6/mbed-os/targets/TARGET_STM/stm_spi_api.o
    0x08024cdb   0x00000055   Data   RO        35864    .rodata.str1.1      BUILD/DISCO_L475VG_IOT01A/ARMC6/source/main.o
    0x08024d30   0x0000000b   Data   RO          442    .rodata.str1.4      BUILD/DISCO_L475VG_IOT01A/ARMC6/mbed-os/cmsis/CMSIS_5/CMSIS/RTOS2/RTX/Source/rtx_kernel.o
    0x08024d3b   0x00000001   PAD
    0x08024d3c   0x00000008   Data   RO        28715    .rodata.us_data     BUILD/DISCO_L475VG_IOT01A/ARMC6/mbed-os/hal/source/mbed_us_ticker_api.o
    0x08024d44   0x00000024   Data   RO        28717    .rodata.us_interface  BUILD/DISCO_L475VG_IOT01A/ARMC6/mbed-os/hal/source/mbed_us_ticker_api.o
    0x08024d68   0x00000008   Data   RO        35837    .rodata.us_ticker_get_info.info  BUILD/DISCO_L475VG_IOT01A/ARMC6/mbed-os/targets/TARGET_STM/us_ticker.o
    0x08024d70   0x00000040   Data   RO        37093    Region$$Table       anon$$obj.o
    0x08024db0   0x00000004   Data   RO        30215    .init_array         BUILD/DISCO_L475VG_IOT01A/ARMC6/mbed-os/storage/blockdevice/COMPONENT_QSPIF/source/QSPIFBlockDevice.o
    0x08024db4   0x00000004   Data   RO        35866    .init_array         BUILD/DISCO_L475VG_IOT01A/ARMC6/source/main.o
    0x08024db8   0x00000000   Data   RO        36162    .init_array         c:\Users\Jay\AppData\Local\Mbed Studio\mbed-studio-tools\ac6\bin\..\lib\armlib\c_w.l(init_aeabi.o)


    Execution Region RW_m_crash_data (Base: 0x10000188, Size: 0x00000100, Max: 0x00000100, ABSOLUTE)

    Base Addr    Size         Type   Attr      Idx    E Section Name        Object

    0x10000188   0x00000100   Zero   RW            1    RW_m_crash_data.bss  anon$$obj.o


    Execution Region RW_IRAM2 (Base: 0x10000288, Size: 0x00003488, Max: 0x00007d78, ABSOLUTE)

    Base Addr    Size         Type   Attr      Idx    E Section Name        Object

    0x10000288   0x00000004   Data   RW        36079    .data               c:\Users\Jay\AppData\Local\Mbed Studio\mbed-studio-tools\ac6\bin\..\lib\armlib\c_w.l(stdio_streams.o)
    0x1000028c   0x00000004   Data   RW        36387    .data               c:\Users\Jay\AppData\Local\Mbed Studio\mbed-studio-tools\ac6\bin\..\lib\armlib\c_w.l(streamlock.o)
    0x10000290   0x00000040   Data   RW        29649    .data._ZL11filehandles  BUILD/DISCO_L475VG_IOT01A/ARMC6/mbed-os/platform/source/mbed_retarget.o
    0x100002d0   0x00000004   Data   RW         4688    .data._ZZN3ble4impl15BLEInstanceBase10getGapImplEvE18cordio_gap_service  BUILD/DISCO_L475VG_IOT01A/ARMC6/mbed-os/connectivity/FEATURE_BLE/source/cordio/source/BLEInstanceBaseImpl.o
    0x100002d4   0x00000004   Data   RW         4701    .data._ZZN3ble4impl15BLEInstanceBase22getSecurityManagerImplEvE21signing_event_monitor  BUILD/DISCO_L475VG_IOT01A/ARMC6/mbed-os/connectivity/FEATURE_BLE/source/cordio/source/BLEInstanceBaseImpl.o
    0x100002d8   0x00000010   Data   RW         1573    .data.attBaseUuid   BUILD/DISCO_L475VG_IOT01A/ARMC6/mbed-os/connectivity/FEATURE_BLE/libraries/cordio_stack/ble-host/sources/stack/att/att_main.o
    0x100002e8   0x00000054   Data   RW         2932    .data.dmFcnIfTbl    BUILD/DISCO_L475VG_IOT01A/ARMC6/mbed-os/connectivity/FEATURE_BLE/libraries/cordio_stack/ble-host/sources/stack/dm/dm_main.o
    0x1000033c   0x00000004   PAD
    0x10000340   0x00000008   Data   RW          972    .data.hciLeSupFeatCfg  BUILD/DISCO_L475VG_IOT01A/ARMC6/mbed-os/connectivity/FEATURE_BLE/libraries/cordio_stack/ble-host/sources/hci/common/hci_core.o
    0x10000348   0x00000004   Data   RW        28623    .data.irq_handler   BUILD/DISCO_L475VG_IOT01A/ARMC6/mbed-os/hal/source/mbed_lp_ticker_api.o
    0x1000034c   0x00000004   Data   RW         2146    .data.pAttCfg       BUILD/DISCO_L475VG_IOT01A/ARMC6/mbed-os/connectivity/FEATURE_BLE/libraries/cordio_stack/ble-host/sources/stack/cfg/cfg_stack.o
    0x10000350   0x00000018   Data   RW         2149    .data.smpCfg        BUILD/DISCO_L475VG_IOT01A/ARMC6/mbed-os/connectivity/FEATURE_BLE/libraries/cordio_stack/ble-host/sources/stack/cfg/cfg_stack.o
    0x10000368   0x00000004   Data   RW        31792    .data.uwTickPrio    BUILD/DISCO_L475VG_IOT01A/ARMC6/mbed-os/targets/TARGET_STM/TARGET_STM32L4/STM32Cube_FW/STM32L4xx_HAL_Driver/stm32l4xx_hal.o
    0x1000036c   0x00000054   Zero   RW        36075    .bss                c:\Users\Jay\AppData\Local\Mbed Studio\mbed-studio-tools\ac6\bin\..\lib\armlib\c_w.l(stdio_streams.o)
    0x100003c0   0x00000054   Zero   RW        36077    .bss                c:\Users\Jay\AppData\Local\Mbed Studio\mbed-studio-tools\ac6\bin\..\lib\armlib\c_w.l(stdio_streams.o)
    0x10000414   0x00000038   Zero   RW        35564    .bss.LptimHandle    BUILD/DISCO_L475VG_IOT01A/ARMC6/mbed-os/targets/TARGET_STM/lp_ticker.o
    0x1000044c   0x00000004   Zero   RW         4680    .bss.SystemHeapStart  BUILD/DISCO_L475VG_IOT01A/ARMC6/mbed-os/connectivity/FEATURE_BLE/source/cordio/source/BLEInstanceBaseImpl.o
    0x10000450   0x0000004c   Zero   RW        35838    .bss.TimMasterHandle  BUILD/DISCO_L475VG_IOT01A/ARMC6/mbed-os/targets/TARGET_STM/us_ticker.o
    0x1000049c   0x00000004   Zero   RW         7835    .bss._ZGVZ25ble_cordio_get_hci_drivervE10hci_driver  BUILD/DISCO_L475VG_IOT01A/ARMC6/mbed-os/connectivity/drivers/ble/FEATURE_BLE/COMPONENT_BlueNRG_MS/BlueNrgMsHCIDriver.o
    0x100004a0   0x00000004   Zero   RW        29652    .bss._ZGVZL15default_consolevE7console  BUILD/DISCO_L475VG_IOT01A/ARMC6/mbed-os/platform/source/mbed_retarget.o
    0x100004a4   0x00000004   Zero   RW         4162    .bss._ZGVZN3ble3BLE8InstanceEvE12ble_instance  BUILD/DISCO_L475VG_IOT01A/ARMC6/mbed-os/connectivity/FEATURE_BLE/source/BLE.o
    0x100004a8   0x00000004   Zero   RW         4871    .bss._ZGVZN3ble4impl10GattServer11getInstanceEvE10m_instance  BUILD/DISCO_L475VG_IOT01A/ARMC6/mbed-os/connectivity/FEATURE_BLE/source/cordio/source/GattServerImpl.o
    0x100004ac   0x00000004   Zero   RW         4698    .bss._ZGVZN3ble4impl15BLEInstanceBase13getGattClientEvE11gatt_client  BUILD/DISCO_L475VG_IOT01A/ARMC6/mbed-os/connectivity/FEATURE_BLE/source/cordio/source/BLEInstanceBaseImpl.o
    0x100004b0   0x00000004   Zero   RW         4696    .bss._ZGVZN3ble4impl15BLEInstanceBase17getGattClientImplEvE11gatt_client  BUILD/DISCO_L475VG_IOT01A/ARMC6/mbed-os/connectivity/FEATURE_BLE/source/cordio/source/BLEInstanceBaseImpl.o
    0x100004b4   0x00000004   Zero   RW         4708    .bss._ZGVZN3ble4impl15BLEInstanceBase25getPrivateAddressRegistryEvE8registry  BUILD/DISCO_L475VG_IOT01A/ARMC6/mbed-os/connectivity/FEATURE_BLE/source/cordio/source/BLEInstanceBaseImpl.o
    0x100004b8   0x00000004   Zero   RW         5196    .bss._ZGVZN3ble4impl6PalGap7get_gapEvE4_gap  BUILD/DISCO_L475VG_IOT01A/ARMC6/mbed-os/connectivity/FEATURE_BLE/source/cordio/source/PalGapImpl.o
    0x100004bc   0x0000005c   Zero   RW        35863    .bss._ZL11event_queue  BUILD/DISCO_L475VG_IOT01A/ARMC6/source/main.o
    0x10000518   0x00000010   Zero   RW        29643    .bss._ZL14stdio_out_prev  BUILD/DISCO_L475VG_IOT01A/ARMC6/mbed-os/platform/source/mbed_retarget.o
    0x10000528   0x00000028   Zero   RW        29639    .bss._ZL16filehandle_mutex  BUILD/DISCO_L475VG_IOT01A/ARMC6/mbed-os/platform/source/mbed_retarget.o
    0x10000550   0x00000004   Zero   RW        28883    .bss._ZN10CThunkBase17_cthunk_free_realE  BUILD/DISCO_L475VG_IOT01A/ARMC6/mbed-os/platform/source/CThunkBase.o
    0x10000554   0x00000004   Zero   RW         4683    .bss._ZN3ble4impl15BLEInstanceBase11_hci_driverE  BUILD/DISCO_L475VG_IOT01A/ARMC6/mbed-os/connectivity/FEATURE_BLE/source/cordio/source/BLEInstanceBaseImpl.o
    0x10000558   0x00000004   Zero   RW        28941    .bss._ZN4mbed8FileBase8_defaultE  BUILD/DISCO_L475VG_IOT01A/ARMC6/mbed-os/platform/source/FileBase.o
    0x1000055c   0x00000004   PAD
    0x10000560   0x00000048   Zero   RW        29442    .bss._ZN4mbed8internal12_GLOBAL__N_113os_timer_dataE  BUILD/DISCO_L475VG_IOT01A/ARMC6/mbed-os/platform/source/mbed_os_timer.o
    0x100005a8   0x00000004   Zero   RW        29441    .bss._ZN4mbed8internal8os_timerE  BUILD/DISCO_L475VG_IOT01A/ARMC6/mbed-os/platform/source/mbed_os_timer.o
    0x100005ac   0x000005d8   Zero   RW         7832    .bss._ZZ25ble_cordio_get_hci_drivervE16transport_driver  BUILD/DISCO_L475VG_IOT01A/ARMC6/mbed-os/connectivity/drivers/ble/FEATURE_BLE/COMPONENT_BlueNRG_MS/BlueNrgMsHCIDriver.o
    0x10000b84   0x00000004   PAD
    0x10000b88   0x000008d0   Zero   RW         4568    .bss._ZZN3ble15CordioHCIDriver35get_default_buffer_pool_descriptionEvE6buffer  BUILD/DISCO_L475VG_IOT01A/ARMC6/mbed-os/connectivity/FEATURE_BLE/source/cordio/driver/CordioHCIDriver.o
    0x10001458   0x0000001c   Zero   RW         4161    .bss._ZZN3ble3BLE8InstanceEvE12ble_instance  BUILD/DISCO_L475VG_IOT01A/ARMC6/mbed-os/connectivity/FEATURE_BLE/source/BLE.o
    0x10001474   0x00000004   Zero   RW         4159    .bss._ZZN3ble3BLE8InstanceEvE9transport  BUILD/DISCO_L475VG_IOT01A/ARMC6/mbed-os/connectivity/FEATURE_BLE/source/BLE.o
    0x10001478   0x00000028   Zero   RW         4956    .bss._ZZN3ble4impl12PalAttClient10get_clientEvE7_client  BUILD/DISCO_L475VG_IOT01A/ARMC6/mbed-os/connectivity/FEATURE_BLE/source/cordio/source/PalAttClientImpl.o
    0x100014a0   0x00000004   Zero   RW         4693    .bss._ZZN3ble4impl15BLEInstanceBase13getGattServerEvE6server  BUILD/DISCO_L475VG_IOT01A/ARMC6/mbed-os/connectivity/FEATURE_BLE/source/cordio/source/BLEInstanceBaseImpl.o
    0x100014a4   0x00000004   PAD
    0x100014a8   0x00000038   Zero   RW         4684    .bss._ZZN3ble4impl15BLEInstanceBase14deviceInstanceEvE8instance  BUILD/DISCO_L475VG_IOT01A/ARMC6/mbed-os/connectivity/FEATURE_BLE/source/cordio/source/BLEInstanceBaseImpl.o
    0x100014e0   0x0000002c   Zero   RW         4699    .bss._ZZN3ble4impl15BLEInstanceBase16getPalGattClientEvE15pal_gatt_client  BUILD/DISCO_L475VG_IOT01A/ARMC6/mbed-os/connectivity/FEATURE_BLE/source/cordio/source/BLEInstanceBaseImpl.o
    0x1000150c   0x00000004   Zero   RW         4705    .bss._ZZN3ble4impl15BLEInstanceBase18getSecurityManagerEvE10m_instance  BUILD/DISCO_L475VG_IOT01A/ARMC6/mbed-os/connectivity/FEATURE_BLE/source/cordio/source/BLEInstanceBaseImpl.o
    0x10001510   0x00000004   Zero   RW         4691    .bss._ZZN3ble4impl15BLEInstanceBase6getGapEvE3gap  BUILD/DISCO_L475VG_IOT01A/ARMC6/mbed-os/connectivity/FEATURE_BLE/source/cordio/source/BLEInstanceBaseImpl.o
    0x10001514   0x00000060   Zero   RW         5342    .bss._ZZN3ble4impl18PalSecurityManager20get_security_managerEvE17_security_manager  BUILD/DISCO_L475VG_IOT01A/ARMC6/mbed-os/connectivity/FEATURE_BLE/source/cordio/source/PalSecurityManagerImpl.o
    0x10001574   0x00000004   Zero   RW        29956    .bss._ZZN4rtos6Kernel4impl14get_tick_countEvE6tick_l  BUILD/DISCO_L475VG_IOT01A/ARMC6/mbed-os/rtos/source/Kernel.o
    0x10001578   0x00001000   Zero   RW          856    .bss._main_stack    BUILD/DISCO_L475VG_IOT01A/ARMC6/mbed-os/cmsis/device/rtos/source/mbed_rtos_rtx.o
    0x10002578   0x00000020   Zero   RW          829    .bss._static_mutexes  BUILD/DISCO_L475VG_IOT01A/ARMC6/mbed-os/cmsis/device/rtos/TOOLCHAIN_ARM_STD/mbed_boot_arm_std.o
    0x10002598   0x000000e0   Zero   RW          830    .bss._static_mutexes_mem  BUILD/DISCO_L475VG_IOT01A/ARMC6/mbed-os/cmsis/device/rtos/TOOLCHAIN_ARM_STD/mbed_boot_arm_std.o
    0x10002678   0x00000138   Zero   RW         2071    .bss.attsCb         BUILD/DISCO_L475VG_IOT01A/ARMC6/mbed-os/connectivity/FEATURE_BLE/libraries/cordio_stack/ble-host/sources/stack/att/atts_main.o
    0x100027b0   0x00000214   Zero   RW        35428    .bss.channels       BUILD/DISCO_L475VG_IOT01A/ARMC6/mbed-os/targets/TARGET_STM/gpio_irq_api.o
    0x100029c4   0x0000000c   Zero   RW         2774    .bss.dmConnActSet   BUILD/DISCO_L475VG_IOT01A/ARMC6/mbed-os/connectivity/FEATURE_BLE/libraries/cordio_stack/ble-host/sources/stack/dm/dm_conn_sm.o
    0x100029d0   0x00000004   Zero   RW         2806    .bss.dmDevCb        BUILD/DISCO_L475VG_IOT01A/ARMC6/mbed-os/connectivity/FEATURE_BLE/libraries/cordio_stack/ble-host/sources/stack/dm/dm_dev.o
    0x100029d4   0x00000001   Zero   RW         3063    .bss.dmExtScanActHciReport.filtered  BUILD/DISCO_L475VG_IOT01A/ARMC6/mbed-os/connectivity/FEATURE_BLE/libraries/cordio_stack/ble-host/sources/stack/dm/dm_scan_ae.o
    0x100029d5   0x00000001   PAD
    0x100029d6   0x00000012   Zero   RW         2283    .bss.dmPerAdvCb     BUILD/DISCO_L475VG_IOT01A/ARMC6/mbed-os/connectivity/FEATURE_BLE/libraries/cordio_stack/ble-host/sources/stack/dm/dm_adv_ae.o
    0x100029e8   0x00000024   Zero   RW         3043    .bss.dmScanCb       BUILD/DISCO_L475VG_IOT01A/ARMC6/mbed-os/connectivity/FEATURE_BLE/libraries/cordio_stack/ble-host/sources/stack/dm/dm_scan.o
    0x10002a0c   0x00000010   Zero   RW         3117    .bss.dmSecCb        BUILD/DISCO_L475VG_IOT01A/ARMC6/mbed-os/connectivity/FEATURE_BLE/libraries/cordio_stack/ble-host/sources/stack/dm/dm_sec.o
    0x10002a1c   0x00000004   Zero   RW        29376    .bss.error_count    BUILD/DISCO_L475VG_IOT01A/ARMC6/mbed-os/platform/source/mbed_error.o
    0x10002a20   0x00000038   Zero   RW        28625    .bss.events         BUILD/DISCO_L475VG_IOT01A/ARMC6/mbed-os/hal/source/mbed_lp_ticker_api.o
    0x10002a58   0x00000001   Zero   RW        29379    .bss.halt_in_progress  BUILD/DISCO_L475VG_IOT01A/ARMC6/mbed-os/platform/source/mbed_error.o
    0x10002a59   0x00000007   PAD
    0x10002a60   0x000000a8   Zero   RW          973    .bss.hciCoreCb      BUILD/DISCO_L475VG_IOT01A/ARMC6/mbed-os/connectivity/FEATURE_BLE/libraries/cordio_stack/ble-host/sources/hci/common/hci_core.o
    0x10002b08   0x00000018   Zero   RW         1411    .bss.hciEvtStats    BUILD/DISCO_L475VG_IOT01A/ARMC6/mbed-os/connectivity/FEATURE_BLE/libraries/cordio_stack/ble-host/sources/hci/dual_chip/hci_evt.o
    0x10002b20   0x00000004   Zero   RW         5356    .bss.hciTrSerialRxIncoming.hdrRx  BUILD/DISCO_L475VG_IOT01A/ARMC6/mbed-os/connectivity/FEATURE_BLE/source/cordio/stack_adaptation/hci_tr.o
    0x10002b24   0x00000002   Zero   RW         5355    .bss.hciTrSerialRxIncoming.iRx  BUILD/DISCO_L475VG_IOT01A/ARMC6/mbed-os/connectivity/FEATURE_BLE/source/cordio/stack_adaptation/hci_tr.o
    0x10002b26   0x00000002   PAD
    0x10002b28   0x00000004   Zero   RW         5358    .bss.hciTrSerialRxIncoming.pDataRx  BUILD/DISCO_L475VG_IOT01A/ARMC6/mbed-os/connectivity/FEATURE_BLE/source/cordio/stack_adaptation/hci_tr.o
    0x10002b2c   0x00000001   Zero   RW         5354    .bss.hciTrSerialRxIncoming.pktIndRx  BUILD/DISCO_L475VG_IOT01A/ARMC6/mbed-os/connectivity/FEATURE_BLE/source/cordio/stack_adaptation/hci_tr.o
    0x10002b2d   0x00000001   PAD
    0x10002b2e   0x00000002   Zero   RW        35427    .bss.irq_channel_used  BUILD/DISCO_L475VG_IOT01A/ARMC6/mbed-os/targets/TARGET_STM/gpio_irq_api.o
    0x10002b30   0x00000004   Zero   RW        35380    .bss.irq_handler    BUILD/DISCO_L475VG_IOT01A/ARMC6/mbed-os/targets/TARGET_STM/can_api.o
    0x10002b34   0x00000004   Zero   RW        35429    .bss.irq_handler    BUILD/DISCO_L475VG_IOT01A/ARMC6/mbed-os/targets/TARGET_STM/gpio_irq_api.o
    0x10002b38   0x00000018   Zero   RW         3367    .bss.l2cSlaveCb     BUILD/DISCO_L475VG_IOT01A/ARMC6/mbed-os/connectivity/FEATURE_BLE/libraries/cordio_stack/ble-host/sources/stack/l2c/l2c_slave.o
    0x10002b50   0x00000040   Zero   RW        29373    .bss.last_error_ctx  BUILD/DISCO_L475VG_IOT01A/ARMC6/mbed-os/platform/source/mbed_error.o
    0x10002b90   0x00000060   Zero   RW         3143    .bss.localEccKey    BUILD/DISCO_L475VG_IOT01A/ARMC6/mbed-os/connectivity/FEATURE_BLE/libraries/cordio_stack/ble-host/sources/stack/dm/dm_sec_lesc.o
    0x10002bf0   0x00000001   Zero   RW        35557    .bss.lp_delayed_prog  BUILD/DISCO_L475VG_IOT01A/ARMC6/mbed-os/targets/TARGET_STM/lp_ticker.o
    0x10002bf1   0x00000001   Zero   RW        29372    .bss.mbed_error_in_progress  BUILD/DISCO_L475VG_IOT01A/ARMC6/mbed-os/platform/source/mbed_error.o
    0x10002bf2   0x00000002   PAD
    0x10002bf4   0x00000004   Zero   RW        29638    .bss.mbed_heap_size  BUILD/DISCO_L475VG_IOT01A/ARMC6/mbed-os/platform/source/mbed_retarget.o
    0x10002bf8   0x00000004   Zero   RW        35584    .bss.mbed_sdk_inited  BUILD/DISCO_L475VG_IOT01A/ARMC6/mbed-os/targets/TARGET_STM/mbed_overrides.o
    0x10002bfc   0x00000004   Zero   RW          847    .bss.mbed_stack_isr_size  BUILD/DISCO_L475VG_IOT01A/ARMC6/mbed-os/cmsis/device/rtos/source/mbed_boot.o
    0x10002c00   0x00000004   Zero   RW          846    .bss.mbed_stack_isr_start  BUILD/DISCO_L475VG_IOT01A/ARMC6/mbed-os/cmsis/device/rtos/source/mbed_boot.o
    0x10002c04   0x00000040   Zero   RW          448    .bss.os             BUILD/DISCO_L475VG_IOT01A/ARMC6/mbed-os/cmsis/CMSIS_5/CMSIS/RTOS2/RTX/Source/rtx_lib.o
    0x10002c44   0x000001f0   Zero   RW          828    .bss.os.libspace    BUILD/DISCO_L475VG_IOT01A/ARMC6/mbed-os/cmsis/device/rtos/TOOLCHAIN_ARM_STD/mbed_boot_arm_std.o
    0x10002e34   0x00000088   Zero   RW          456    .bss.os.thread.cb   BUILD/DISCO_L475VG_IOT01A/ARMC6/mbed-os/cmsis/CMSIS_5/CMSIS/RTOS2/RTX/Source/rtx_lib.o
    0x10002ebc   0x00000044   Zero   RW          858    .bss.os.thread.cb   BUILD/DISCO_L475VG_IOT01A/ARMC6/mbed-os/cmsis/device/rtos/source/mbed_rtos_rtx.o
    0x10002f00   0x00000300   Zero   RW          458    .bss.os.thread.timer.stack  BUILD/DISCO_L475VG_IOT01A/ARMC6/mbed-os/cmsis/CMSIS_5/CMSIS/RTOS2/RTX/Source/rtx_lib.o
    0x10003200   0x00000001   Zero   RW          831    .bss.os_kernel_is_active.os_kernel_active  BUILD/DISCO_L475VG_IOT01A/ARMC6/mbed-os/cmsis/device/rtos/TOOLCHAIN_ARM_STD/mbed_boot_arm_std.o
    0x10003201   0x00000003   PAD
    0x10003204   0x0000000c   Zero   RW         1901    .bss.pAttcSignCb    BUILD/DISCO_L475VG_IOT01A/ARMC6/mbed-os/connectivity/FEATURE_BLE/libraries/cordio_stack/ble-host/sources/stack/att/attc_sign.o
    0x10003210   0x00000001   Zero   RW        35559    .bss.roll_over_flag  BUILD/DISCO_L475VG_IOT01A/ARMC6/mbed-os/targets/TARGET_STM/lp_ticker.o
    0x10003211   0x00000003   PAD
    0x10003214   0x00000050   Zero   RW         1483    .bss.secCb          BUILD/DISCO_L475VG_IOT01A/ARMC6/mbed-os/connectivity/FEATURE_BLE/libraries/cordio_stack/ble-host/sources/sec/common/sec_main.o
    0x10003264   0x0000001c   Zero   RW          860    .bss.singleton_mutex_obj  BUILD/DISCO_L475VG_IOT01A/ARMC6/mbed-os/cmsis/device/rtos/source/mbed_rtos_rtx.o
    0x10003280   0x00000001   Zero   RW        35562    .bss.sleep_manager_locked  BUILD/DISCO_L475VG_IOT01A/ARMC6/mbed-os/targets/TARGET_STM/lp_ticker.o
    0x10003281   0x00000003   PAD
    0x10003284   0x000000fc   Zero   RW         3486    .bss.smpCb          BUILD/DISCO_L475VG_IOT01A/ARMC6/mbed-os/connectivity/FEATURE_BLE/libraries/cordio_stack/ble-host/sources/stack/smp/smp_main.o
    0x10003380   0x00000058   Zero   RW         3442    .bss.smpDbCb        BUILD/DISCO_L475VG_IOT01A/ARMC6/mbed-os/connectivity/FEATURE_BLE/libraries/cordio_stack/ble-host/sources/stack/smp/smp_db.o
    0x100033d8   0x00000001   Zero   RW         4679    .bss.stack_handler_id  BUILD/DISCO_L475VG_IOT01A/ARMC6/mbed-os/connectivity/FEATURE_BLE/source/cordio/source/BLEInstanceBaseImpl.o
    0x100033d9   0x00000001   Zero   RW        28586    .bss.state_saved    BUILD/DISCO_L475VG_IOT01A/ARMC6/mbed-os/hal/source/mbed_critical_section_api.o
    0x100033da   0x00000002   PAD
    0x100033dc   0x00000004   Zero   RW          895    .bss.terminate_hook  BUILD/DISCO_L475VG_IOT01A/ARMC6/mbed-os/cmsis/device/rtos/source/mbed_rtx_handlers.o
    0x100033e0   0x00000004   Zero   RW        35839    .bss.timer_cnt_reg  BUILD/DISCO_L475VG_IOT01A/ARMC6/mbed-os/targets/TARGET_STM/us_ticker.o
    0x100033e4   0x00000004   Zero   RW        35841    .bss.timer_dier_reg  BUILD/DISCO_L475VG_IOT01A/ARMC6/mbed-os/targets/TARGET_STM/us_ticker.o
    0x100033e8   0x00000004   Zero   RW        35442    .bss.total_ticks    BUILD/DISCO_L475VG_IOT01A/ARMC6/mbed-os/targets/TARGET_STM/hal_tick_overrides.o
    0x100033ec   0x00000318   Zero   RW        35216    .bss.uart_handlers  BUILD/DISCO_L475VG_IOT01A/ARMC6/mbed-os/targets/TARGET_STM/TARGET_STM32L4/serial_device.o
    0x10003704   0x00000004   Zero   RW         3878    .bss.wsfBufMem      BUILD/DISCO_L475VG_IOT01A/ARMC6/mbed-os/connectivity/FEATURE_BLE/libraries/cordio_stack/wsf/sources/port/baremetal/wsf_buf.o
    0x10003708   0x00000001   Zero   RW         3879    .bss.wsfBufNumPools  BUILD/DISCO_L475VG_IOT01A/ARMC6/mbed-os/connectivity/FEATURE_BLE/libraries/cordio_stack/wsf/sources/port/baremetal/wsf_buf.o
    0x10003709   0x00000003   PAD
    0x1000370c   0x00000004   Zero   RW         4009    .bss.wsfTimerRtcLastTicks  BUILD/DISCO_L475VG_IOT01A/ARMC6/mbed-os/connectivity/FEATURE_BLE/libraries/cordio_stack/wsf/sources/port/baremetal/wsf_timer.o


    Execution Region RW_IRAM1 (Base: 0x20000000, Size: 0x000017bc, Max: 0x00006000, ABSOLUTE, COMPRESSED[0x0000006c])

    Base Addr    Size         Type   Attr      Idx    E Section Name        Object

    0x20000000   0x00000004   Data   RW        36078    .data               c:\Users\Jay\AppData\Local\Mbed Studio\mbed-studio-tools\ac6\bin\..\lib\armlib\c_w.l(stdio_streams.o)
    0x20000004   0x00000004   Data   RW        36080    .data               c:\Users\Jay\AppData\Local\Mbed Studio\mbed-studio-tools\ac6\bin\..\lib\armlib\c_w.l(stdio_streams.o)
    0x20000008   0x00000004   Data   RW        35074    .data.SystemCoreClock  BUILD/DISCO_L475VG_IOT01A/ARMC6/mbed-os/targets/TARGET_STM/TARGET_STM32L4/STM32Cube_FW/system_stm32l4xx.o
    0x2000000c   0x00000004   Data   RW          926    .data._ZL14idle_hook_fptr  BUILD/DISCO_L475VG_IOT01A/ARMC6/mbed-os/cmsis/device/rtos/source/mbed_rtx_idle.o
    0x20000010   0x00000004   Data   RW         4582    .data._ZN3ble24CordioHCITransportDriver21data_received_handlerE  BUILD/DISCO_L475VG_IOT01A/ARMC6/mbed-os/connectivity/FEATURE_BLE/source/cordio/driver/CordioHCITransportDriver.o
    0x20000014   0x00000014   Data   RW         4869    .data._ZN3ble4impl12_GLOBAL__N_19CCCD_UUIDE  BUILD/DISCO_L475VG_IOT01A/ARMC6/mbed-os/connectivity/FEATURE_BLE/source/cordio/source/GattServerImpl.o
    0x20000028   0x00000014   Data   RW         4686    .data._ZN3ble4impl15BLEInstanceBase14_init_callbackE  BUILD/DISCO_L475VG_IOT01A/ARMC6/mbed-os/connectivity/FEATURE_BLE/source/cordio/source/BLEInstanceBaseImpl.o
    0x2000003c   0x0000000c   Data   RW         5262    .data._ZZN3ble4impl27PalPrivateAddressController8instanceEvE4self  BUILD/DISCO_L475VG_IOT01A/ARMC6/mbed-os/connectivity/FEATURE_BLE/source/cordio/source/PalPrivateAddressControllerImpl.o
    0x20000048   0x00000008   Data   RW         2145    .data.attCfg        BUILD/DISCO_L475VG_IOT01A/ARMC6/mbed-os/connectivity/FEATURE_BLE/libraries/cordio_stack/ble-host/sources/stack/cfg/cfg_stack.o
    0x20000050   0x00000048   Data   RW         2070    .data.attsProcFcnTbl  BUILD/DISCO_L475VG_IOT01A/ARMC6/mbed-os/connectivity/FEATURE_BLE/libraries/cordio_stack/ble-host/sources/stack/att/atts_main.o
    0x20000098   0x00000004   Data   RW        28716    .data.irq_handler   BUILD/DISCO_L475VG_IOT01A/ARMC6/mbed-os/hal/source/mbed_us_ticker_api.o
    0x2000009c   0x000000a4   Data   RW          443    .data.os            BUILD/DISCO_L475VG_IOT01A/ARMC6/mbed-os/cmsis/CMSIS_5/CMSIS/RTOS2/RTX/Source/rtx_kernel.o
    0x20000140   0x00000004   Data   RW         2150    .data.pSmpCfg       BUILD/DISCO_L475VG_IOT01A/ARMC6/mbed-os/connectivity/FEATURE_BLE/libraries/cordio_stack/ble-host/sources/stack/cfg/cfg_stack.o
    0x20000144   0x00000054   Zero   RW        36076    .bss                c:\Users\Jay\AppData\Local\Mbed Studio\mbed-studio-tools\ac6\bin\..\lib\armlib\c_w.l(stdio_streams.o)
    0x20000198   0x00000060   Zero   RW        36311    .bss                c:\Users\Jay\AppData\Local\Mbed Studio\mbed-studio-tools\ac6\bin\..\lib\armlib\c_w.l(libspace.o)
    0x200001f8   0x00000001   Zero   RW        35563    .bss.LPTICKER_inited  BUILD/DISCO_L475VG_IOT01A/ARMC6/mbed-os/targets/TARGET_STM/lp_ticker.o
    0x200001f9   0x00000003   PAD
    0x200001fc   0x00000054   Zero   RW         3584    .bss.SMP_ScCcb      BUILD/DISCO_L475VG_IOT01A/ARMC6/mbed-os/connectivity/FEATURE_BLE/libraries/cordio_stack/ble-host/sources/stack/smp/smp_sc_main.o
    0x20000250   0x00000004   Zero   RW         4681    .bss.SystemHeapSize  BUILD/DISCO_L475VG_IOT01A/ARMC6/mbed-os/connectivity/FEATURE_BLE/source/cordio/source/BLEInstanceBaseImpl.o
    0x20000254   0x00000004   Zero   RW         7833    .bss._ZGVZ25ble_cordio_get_hci_drivervE16transport_driver  BUILD/DISCO_L475VG_IOT01A/ARMC6/mbed-os/connectivity/drivers/ble/FEATURE_BLE/COMPONENT_BlueNRG_MS/BlueNrgMsHCIDriver.o
    0x20000258   0x00000004   Zero   RW         4160    .bss._ZGVZN3ble3BLE8InstanceEvE9transport  BUILD/DISCO_L475VG_IOT01A/ARMC6/mbed-os/connectivity/FEATURE_BLE/source/BLE.o
    0x2000025c   0x00000004   Zero   RW         4957    .bss._ZGVZN3ble4impl12PalAttClient10get_clientEvE7_client  BUILD/DISCO_L475VG_IOT01A/ARMC6/mbed-os/connectivity/FEATURE_BLE/source/cordio/source/PalAttClientImpl.o
    0x20000260   0x00000004   Zero   RW         4690    .bss._ZGVZN3ble4impl15BLEInstanceBase10getGapImplEvE3gap  BUILD/DISCO_L475VG_IOT01A/ARMC6/mbed-os/connectivity/FEATURE_BLE/source/cordio/source/BLEInstanceBaseImpl.o
    0x20000264   0x00000004   Zero   RW         4694    .bss._ZGVZN3ble4impl15BLEInstanceBase13getGattServerEvE6server  BUILD/DISCO_L475VG_IOT01A/ARMC6/mbed-os/connectivity/FEATURE_BLE/source/cordio/source/BLEInstanceBaseImpl.o
    0x20000268   0x00000004   Zero   RW         4713    .bss._ZGVZN3ble4impl15BLEInstanceBase14callDispatcherEvE11nextTimeout  BUILD/DISCO_L475VG_IOT01A/ARMC6/mbed-os/connectivity/FEATURE_BLE/source/cordio/source/BLEInstanceBaseImpl.o
    0x2000026c   0x00000004   Zero   RW         4685    .bss._ZGVZN3ble4impl15BLEInstanceBase14deviceInstanceEvE8instance  BUILD/DISCO_L475VG_IOT01A/ARMC6/mbed-os/connectivity/FEATURE_BLE/source/cordio/source/BLEInstanceBaseImpl.o
    0x20000270   0x00000004   Zero   RW         4700    .bss._ZGVZN3ble4impl15BLEInstanceBase16getPalGattClientEvE15pal_gatt_client  BUILD/DISCO_L475VG_IOT01A/ARMC6/mbed-os/connectivity/FEATURE_BLE/source/cordio/source/BLEInstanceBaseImpl.o
    0x20000274   0x00000004   Zero   RW         4706    .bss._ZGVZN3ble4impl15BLEInstanceBase18getSecurityManagerEvE10m_instance  BUILD/DISCO_L475VG_IOT01A/ARMC6/mbed-os/connectivity/FEATURE_BLE/source/cordio/source/BLEInstanceBaseImpl.o
    0x20000278   0x00000004   Zero   RW         4704    .bss._ZGVZN3ble4impl15BLEInstanceBase22getSecurityManagerImplEvE10m_instance  BUILD/DISCO_L475VG_IOT01A/ARMC6/mbed-os/connectivity/FEATURE_BLE/source/cordio/source/BLEInstanceBaseImpl.o
    0x2000027c   0x00000004   Zero   RW         4692    .bss._ZGVZN3ble4impl15BLEInstanceBase6getGapEvE3gap  BUILD/DISCO_L475VG_IOT01A/ARMC6/mbed-os/connectivity/FEATURE_BLE/source/cordio/source/BLEInstanceBaseImpl.o
    0x20000280   0x00000004   Zero   RW         5343    .bss._ZGVZN3ble4impl18PalSecurityManager20get_security_managerEvE17_security_manager  BUILD/DISCO_L475VG_IOT01A/ARMC6/mbed-os/connectivity/FEATURE_BLE/source/cordio/source/PalSecurityManagerImpl.o
    0x20000284   0x00000010   Zero   RW        29642    .bss._ZL13stdio_in_prev  BUILD/DISCO_L475VG_IOT01A/ARMC6/mbed-os/platform/source/mbed_retarget.o
    0x20000294   0x00000004   Zero   RW        30212    .bss._ZN16QSPIFBlockDevice28_active_qspif_flash_csel_arrE  BUILD/DISCO_L475VG_IOT01A/ARMC6/mbed-os/storage/blockdevice/COMPONENT_QSPIF/source/QSPIFBlockDevice.o
    0x20000298   0x00000002   Zero   RW         5194    .bss._ZN3ble4impl6PalGap29_pending_periodic_sync_handleE  BUILD/DISCO_L475VG_IOT01A/ARMC6/mbed-os/connectivity/FEATURE_BLE/source/cordio/source/PalGapImpl.o
    0x2000029a   0x00000002   PAD
    0x2000029c   0x0000039c   Zero   RW        26644    .bss._ZN4mbed3SPI12_peripheralsE  BUILD/DISCO_L475VG_IOT01A/ARMC6/mbed-os/drivers/source/SPI.o
    0x20000638   0x00000004   Zero   RW        26645    .bss._ZN4mbed3SPI17_peripherals_usedE  BUILD/DISCO_L475VG_IOT01A/ARMC6/mbed-os/drivers/source/SPI.o
    0x2000063c   0x00000004   Zero   RW        28939    .bss._ZN4mbed8FileBase5_headE  BUILD/DISCO_L475VG_IOT01A/ARMC6/mbed-os/platform/source/FileBase.o
    0x20000640   0x00000028   Zero   RW        28940    .bss._ZN4mbed8FileBase6_mutexE  BUILD/DISCO_L475VG_IOT01A/ARMC6/mbed-os/platform/source/FileBase.o
    0x20000668   0x00000038   Zero   RW         7834    .bss._ZZ25ble_cordio_get_hci_drivervE10hci_driver  BUILD/DISCO_L475VG_IOT01A/ARMC6/mbed-os/connectivity/drivers/ble/FEATURE_BLE/COMPONENT_BlueNRG_MS/BlueNrgMsHCIDriver.o
    0x200006a0   0x00000004   Zero   RW        29651    .bss._ZZL15default_consolevE7console  BUILD/DISCO_L475VG_IOT01A/ARMC6/mbed-os/platform/source/mbed_retarget.o
    0x200006a4   0x00000001   Zero   RW         4571    .bss._ZZN3ble15CordioHCIDriver21handle_reset_sequenceEPhE7randCnt  BUILD/DISCO_L475VG_IOT01A/ARMC6/mbed-os/connectivity/FEATURE_BLE/source/cordio/driver/CordioHCIDriver.o
    0x200006a5   0x00000003   PAD
    0x200006a8   0x0000025c   Zero   RW         4870    .bss._ZZN3ble4impl10GattServer11getInstanceEvE10m_instance  BUILD/DISCO_L475VG_IOT01A/ARMC6/mbed-os/connectivity/FEATURE_BLE/source/cordio/source/GattServerImpl.o
    0x20000904   0x00000004   PAD
    0x20000908   0x000001a0   Zero   RW         4689    .bss._ZZN3ble4impl15BLEInstanceBase10getGapImplEvE3gap  BUILD/DISCO_L475VG_IOT01A/ARMC6/mbed-os/connectivity/FEATURE_BLE/source/cordio/source/BLEInstanceBaseImpl.o
    0x20000aa8   0x00000004   Zero   RW         4697    .bss._ZZN3ble4impl15BLEInstanceBase13getGattClientEvE11gatt_client  BUILD/DISCO_L475VG_IOT01A/ARMC6/mbed-os/connectivity/FEATURE_BLE/source/cordio/source/BLEInstanceBaseImpl.o
    0x20000aac   0x00000004   PAD
    0x20000ab0   0x00000040   Zero   RW         4712    .bss._ZZN3ble4impl15BLEInstanceBase14callDispatcherEvE11nextTimeout  BUILD/DISCO_L475VG_IOT01A/ARMC6/mbed-os/connectivity/FEATURE_BLE/source/cordio/source/BLEInstanceBaseImpl.o
    0x20000af0   0x00000060   Zero   RW         4695    .bss._ZZN3ble4impl15BLEInstanceBase17getGattClientImplEvE11gatt_client  BUILD/DISCO_L475VG_IOT01A/ARMC6/mbed-os/connectivity/FEATURE_BLE/source/cordio/source/BLEInstanceBaseImpl.o
    0x20000b50   0x000000f0   Zero   RW         4703    .bss._ZZN3ble4impl15BLEInstanceBase22getSecurityManagerImplEvE10m_instance  BUILD/DISCO_L475VG_IOT01A/ARMC6/mbed-os/connectivity/FEATURE_BLE/source/cordio/source/BLEInstanceBaseImpl.o
    0x20000c40   0x00000200   Zero   RW         4707    .bss._ZZN3ble4impl15BLEInstanceBase25getPrivateAddressRegistryEvE8registry  BUILD/DISCO_L475VG_IOT01A/ARMC6/mbed-os/connectivity/FEATURE_BLE/source/cordio/source/BLEInstanceBaseImpl.o
    0x20000e40   0x00000058   Zero   RW         5195    .bss._ZZN3ble4impl6PalGap7get_gapEvE4_gap  BUILD/DISCO_L475VG_IOT01A/ARMC6/mbed-os/connectivity/FEATURE_BLE/source/cordio/source/PalGapImpl.o
    0x20000e98   0x00000001   Zero   RW         7888    .bss._ZZN3ble6vendor10bluenrg_ms9HCIDriver21handle_reset_sequenceEPhE7randCnt  BUILD/DISCO_L475VG_IOT01A/ARMC6/mbed-os/connectivity/drivers/ble/FEATURE_BLE/COMPONENT_BlueNRG_MS/BlueNrgMsHCIDriver.o
    0x20000e99   0x00000003   PAD
    0x20000e9c   0x00000004   Zero   RW        29955    .bss._ZZN4rtos6Kernel4impl14get_tick_countEvE6tick_h  BUILD/DISCO_L475VG_IOT01A/ARMC6/mbed-os/rtos/source/Kernel.o
    0x20000ea0   0x00000024   Zero   RW          857    .bss._main_thread_attr  BUILD/DISCO_L475VG_IOT01A/ARMC6/mbed-os/cmsis/device/rtos/source/mbed_rtos_rtx.o
    0x20000ec4   0x00000058   Zero   RW         1572    .bss.attCb          BUILD/DISCO_L475VG_IOT01A/ARMC6/mbed-os/connectivity/FEATURE_BLE/libraries/cordio_stack/ble-host/sources/stack/att/att_main.o
    0x20000f1c   0x00000134   Zero   RW         1837    .bss.attcCb         BUILD/DISCO_L475VG_IOT01A/ARMC6/mbed-os/connectivity/FEATURE_BLE/libraries/cordio_stack/ble-host/sources/stack/att/attc_main.o
    0x20001050   0x00000018   Zero   RW         1932    .bss.attsCccCb      BUILD/DISCO_L475VG_IOT01A/ARMC6/mbed-os/connectivity/FEATURE_BLE/libraries/cordio_stack/ble-host/sources/stack/att/atts_ccc.o
    0x20001068   0x00000010   Zero   RW         1957    .bss.attsCsfCb      BUILD/DISCO_L475VG_IOT01A/ARMC6/mbed-os/connectivity/FEATURE_BLE/libraries/cordio_stack/ble-host/sources/stack/att/atts_csf.o
    0x20001078   0x00000038   Zero   RW         2126    .bss.attsSignCb     BUILD/DISCO_L475VG_IOT01A/ARMC6/mbed-os/connectivity/FEATURE_BLE/libraries/cordio_stack/ble-host/sources/stack/att/atts_sign.o
    0x200010b0   0x00000004   Zero   RW        35381    .bss.can_irq_contexts  BUILD/DISCO_L475VG_IOT01A/ARMC6/mbed-os/targets/TARGET_STM/can_api.o
    0x200010b4   0x00000001   Zero   RW        28587    .bss.critical_interrupts_enabled  BUILD/DISCO_L475VG_IOT01A/ARMC6/mbed-os/hal/source/mbed_critical_section_api.o
    0x200010b5   0x00000003   PAD
    0x200010b8   0x00000004   Zero   RW        29323    .bss.critical_section_reentrancy_counter  BUILD/DISCO_L475VG_IOT01A/ARMC6/mbed-os/platform/source/mbed_critical.o
    0x200010bc   0x00000002   Zero   RW        29469    .bss.deep_sleep_lock  BUILD/DISCO_L475VG_IOT01A/ARMC6/mbed-os/platform/source/mbed_power_mgmt.o
    0x200010be   0x00000002   PAD
    0x200010c0   0x00000044   Zero   RW         2183    .bss.dmAdvCb        BUILD/DISCO_L475VG_IOT01A/ARMC6/mbed-os/connectivity/FEATURE_BLE/libraries/cordio_stack/ble-host/sources/stack/dm/dm_adv.o
    0x20001104   0x00000018   Zero   RW         2933    .bss.dmCb           BUILD/DISCO_L475VG_IOT01A/ARMC6/mbed-os/connectivity/FEATURE_BLE/libraries/cordio_stack/ble-host/sources/stack/dm/dm_main.o
    0x2000111c   0x000000d4   Zero   RW         2642    .bss.dmConnCb       BUILD/DISCO_L475VG_IOT01A/ARMC6/mbed-os/connectivity/FEATURE_BLE/libraries/cordio_stack/ble-host/sources/stack/dm/dm_conn.o
    0x200011f0   0x0000000c   Zero   RW         2644    .bss.dmConnUpdActSet  BUILD/DISCO_L475VG_IOT01A/ARMC6/mbed-os/connectivity/FEATURE_BLE/libraries/cordio_stack/ble-host/sources/stack/dm/dm_conn.o
    0x200011fc   0x0000002a   Zero   RW         2282    .bss.dmExtAdvCb     BUILD/DISCO_L475VG_IOT01A/ARMC6/mbed-os/connectivity/FEATURE_BLE/libraries/cordio_stack/ble-host/sources/stack/dm/dm_adv_ae.o
    0x20001226   0x00000001   Zero   RW         3064    .bss.dmExtScanActHciReport.firstFrag  BUILD/DISCO_L475VG_IOT01A/ARMC6/mbed-os/connectivity/FEATURE_BLE/libraries/cordio_stack/ble-host/sources/stack/dm/dm_scan_ae.o
    0x20001227   0x00000001   Zero   RW         2323    .bss.dmLegAdvCb.0   BUILD/DISCO_L475VG_IOT01A/ARMC6/mbed-os/connectivity/FEATURE_BLE/libraries/cordio_stack/ble-host/sources/stack/dm/dm_adv_leg.o
    0x20001228   0x0000001a   Zero   RW         3028    .bss.dmPrivCb       BUILD/DISCO_L475VG_IOT01A/ARMC6/mbed-os/connectivity/FEATURE_BLE/libraries/cordio_stack/ble-host/sources/stack/dm/dm_priv.o
    0x20001242   0x00000002   PAD
    0x20001244   0x00000004   Zero   RW         3142    .bss.dmSecOobRand   BUILD/DISCO_L475VG_IOT01A/ARMC6/mbed-os/connectivity/FEATURE_BLE/libraries/cordio_stack/ble-host/sources/stack/dm/dm_sec_lesc.o
    0x20001248   0x0000000e   Zero   RW         3213    .bss.dmSyncCb       BUILD/DISCO_L475VG_IOT01A/ARMC6/mbed-os/connectivity/FEATURE_BLE/libraries/cordio_stack/ble-host/sources/stack/dm/dm_sync_ae.o
    0x20001256   0x00000002   PAD
    0x20001258   0x00000004   Zero   RW        29378    .bss.error_hook     BUILD/DISCO_L475VG_IOT01A/ARMC6/mbed-os/platform/source/mbed_error.o
    0x2000125c   0x00000004   PAD
    0x20001260   0x00000038   Zero   RW        28718    .bss.events         BUILD/DISCO_L475VG_IOT01A/ARMC6/mbed-os/hal/source/mbed_us_ticker_api.o
    0x20001298   0x00000040   Zero   RW        29375    .bss.first_error_ctx  BUILD/DISCO_L475VG_IOT01A/ARMC6/mbed-os/platform/source/mbed_error.o
    0x200012d8   0x00000001   Zero   RW        35558    .bss.future_event_flag  BUILD/DISCO_L475VG_IOT01A/ARMC6/mbed-os/targets/TARGET_STM/lp_ticker.o
    0x200012d9   0x00000003   PAD
    0x200012dc   0x00000024   Zero   RW         3231    .bss.hciCb          BUILD/DISCO_L475VG_IOT01A/ARMC6/mbed-os/connectivity/FEATURE_BLE/libraries/cordio_stack/ble-host/sources/stack/hci/hci_main.o
    0x20001300   0x0000001c   Zero   RW         1110    .bss.hciCmdCb       BUILD/DISCO_L475VG_IOT01A/ARMC6/mbed-os/connectivity/FEATURE_BLE/libraries/cordio_stack/ble-host/sources/hci/dual_chip/hci_cmd.o
    0x2000131c   0x00000004   Zero   RW         5357    .bss.hciTrSerialRxIncoming.pPktRx  BUILD/DISCO_L475VG_IOT01A/ARMC6/mbed-os/connectivity/FEATURE_BLE/source/cordio/stack_adaptation/hci_tr.o
    0x20001320   0x00000001   Zero   RW         5353    .bss.hciTrSerialRxIncoming.stateRx  BUILD/DISCO_L475VG_IOT01A/ARMC6/mbed-os/connectivity/FEATURE_BLE/source/cordio/stack_adaptation/hci_tr.o
    0x20001321   0x00000001   Zero   RW        29374    .bss.is_reboot_error_valid  BUILD/DISCO_L475VG_IOT01A/ARMC6/mbed-os/platform/source/mbed_error.o
    0x20001322   0x00000002   PAD
    0x20001324   0x00000028   Zero   RW         3344    .bss.l2cCb          BUILD/DISCO_L475VG_IOT01A/ARMC6/mbed-os/connectivity/FEATURE_BLE/libraries/cordio_stack/ble-host/sources/stack/l2c/l2c_main.o
    0x2000134c   0x00000001   Zero   RW        35556    .bss.lp_Fired       BUILD/DISCO_L475VG_IOT01A/ARMC6/mbed-os/targets/TARGET_STM/lp_ticker.o
    0x2000134d   0x00000001   Zero   RW        35560    .bss.lp_cmpok       BUILD/DISCO_L475VG_IOT01A/ARMC6/mbed-os/targets/TARGET_STM/lp_ticker.o
    0x2000134e   0x00000002   PAD
    0x20001350   0x00000004   Zero   RW        35561    .bss.lp_delayed_counter  BUILD/DISCO_L475VG_IOT01A/ARMC6/mbed-os/targets/TARGET_STM/lp_ticker.o
    0x20001354   0x00000004   Zero   RW        29637    .bss.mbed_heap_start  BUILD/DISCO_L475VG_IOT01A/ARMC6/mbed-os/platform/source/mbed_retarget.o
    0x20001358   0x00000034   Zero   RW          459    .bss.os.msgqueue.cb  BUILD/DISCO_L475VG_IOT01A/ARMC6/mbed-os/cmsis/CMSIS_5/CMSIS/RTOS2/RTX/Source/rtx_lib.o
    0x2000138c   0x00000050   Zero   RW          460    .bss.os.msgqueue.mem  BUILD/DISCO_L475VG_IOT01A/ARMC6/mbed-os/cmsis/CMSIS_5/CMSIS/RTOS2/RTX/Source/rtx_lib.o
    0x200013dc   0x00000004   PAD
    0x200013e0   0x00000300   Zero   RW          457    .bss.os.thread.idle.stack  BUILD/DISCO_L475VG_IOT01A/ARMC6/mbed-os/cmsis/CMSIS_5/CMSIS/RTOS2/RTX/Source/rtx_lib.o
    0x200016e0   0x00000002   Zero   RW        35441    .bss.prev_tick_remainder  BUILD/DISCO_L475VG_IOT01A/ARMC6/mbed-os/targets/TARGET_STM/hal_tick_overrides.o
    0x200016e2   0x00000002   PAD
    0x200016e4   0x00000004   Zero   RW        35440    .bss.prev_time      BUILD/DISCO_L475VG_IOT01A/ARMC6/mbed-os/targets/TARGET_STM/hal_tick_overrides.o
    0x200016e8   0x00000004   Zero   RW          862    .bss.singleton_mutex_id  BUILD/DISCO_L475VG_IOT01A/ARMC6/mbed-os/cmsis/device/rtos/source/mbed_rtos_rtx.o
    0x200016ec   0x0000004c   Zero   RW        35732    .bss.stdio_uart     BUILD/DISCO_L475VG_IOT01A/ARMC6/mbed-os/targets/TARGET_STM/serial_api.o
    0x20001738   0x00000004   Zero   RW        35730    .bss.stdio_uart_inited  BUILD/DISCO_L475VG_IOT01A/ARMC6/mbed-os/targets/TARGET_STM/serial_api.o
    0x2000173c   0x00000004   Zero   RW        35840    .bss.timer_ccr1_reg  BUILD/DISCO_L475VG_IOT01A/ARMC6/mbed-os/targets/TARGET_STM/us_ticker.o
    0x20001740   0x00000004   Zero   RW         3880    .bss.wsfBufMemLen   BUILD/DISCO_L475VG_IOT01A/ARMC6/mbed-os/connectivity/FEATURE_BLE/libraries/cordio_stack/wsf/sources/port/baremetal/wsf_buf.o
    0x20001744   0x0000006c   Zero   RW         5469    .bss.wsfOs          BUILD/DISCO_L475VG_IOT01A/ARMC6/mbed-os/connectivity/FEATURE_BLE/source/cordio/stack_adaptation/wsf_os.o
    0x200017b0   0x00000004   Zero   RW         4010    .bss.wsfTimerRtcRemainder  BUILD/DISCO_L475VG_IOT01A/ARMC6/mbed-os/connectivity/FEATURE_BLE/libraries/cordio_stack/wsf/sources/port/baremetal/wsf_timer.o
    0x200017b4   0x00000008   Zero   RW         4008    .bss.wsfTimerTimerQueue  BUILD/DISCO_L475VG_IOT01A/ARMC6/mbed-os/connectivity/FEATURE_BLE/libraries/cordio_stack/wsf/sources/port/baremetal/wsf_timer.o


    Execution Region ARM_LIB_HEAP (Base: 0x200017c0, Size: 0x00016440, Max: 0x00016440, ABSOLUTE)

    Base Addr    Size         Type   Attr      Idx    E Section Name        Object

    0x200017c0   0x00016440   Zero   RW            2    ARM_LIB_HEAP.bss    anon$$obj.o


    Execution Region ARM_LIB_STACK (Base: 0x20017c00, Size: 0x00000400, Max: 0x00000400, ABSOLUTE)

    Base Addr    Size         Type   Attr      Idx    E Section Name        Object

    0x20017c00   0x00000400   Zero   RW            3    ARM_LIB_STACK.bss   anon$$obj.o


==============================================================================

Image component sizes


      Code (inc. data)   RO Data    RW Data    ZI Data      Debug   

    136296       4114       9767        536     111104      93664   Object Totals
         0          0         64          0      92480          0   (incl. Generated)
       356          0         30          4         84          0   (incl. Padding)
      4904        268          1         16        348       4852   Library Totals
        14          0          0          0          0          0   (incl. Padding)

==============================================================================


      Code (inc. data)   RO Data    RW Data    ZI Data      Debug   

    141200       4382       9768        552     111452      91936   Grand Totals
    141200       4382       9768        336     111452      91936   ELF Image Totals (compressed)
    141200       4382       9768        336          0          0   ROM Totals

==============================================================================

    Total RO  Size (Code + RO Data)               150968 ( 147.43kB)
    Total RW  Size (RW Data + ZI Data)            112004 ( 109.38kB)
    Total ROM Size (Code + RO Data + RW Data)     151304 ( 147.76kB)

==============================================================================

